



















                               πασλαμψ


                            οπισαξιε ρϊωλα



                               μιστοχ 47


























 
 





                               1994 Η.


                               - 2 -








                            1. αξξοταγιρ




       χ δαξξον δολυνεξτε πςιχεδεξο οπισαξιε ρϊωλα χωσολοηο  υςοχξρ
  - πασλαμψ. οπισαξιε σοπςοχοφδαετσρ πςινεςανι. ϊα οσξοχυ  οπισαξιρ
  χϊρτ δολυνεξτ K.JENSEN,N.VIRTH "PASCAL USER  MANUAL  AND  REPORT"
  (1978), λοτοςωκ νοφξο ςασσνατςιχατψ χ λαώεστχε σταξδαςτα ξα  ρϊωλ
  πασλαμψ.













































                               - 3 -








                                σοδεςφαξιε



  1.   αξξοταγιρ   .............................................  2


  2.  οβύιε σχεδεξιρ............................................  5


  3.  σποσοβ οπισαξιρ ρϊωλα.....................................  9


  4.  όμενεξτω ι οσξοχξωε λοξστςυλγιι ρϊωλα..................... 10


  5.  όμενεξτω ι χχοδ/χωχοδ δαξξωθ.............................. 11

  5.1.   οπςεδεμεξιρ λοξσταξτ................................... 11
  5.2.   οπςεδεμεξιρ τιποχ δαξξωθ............................... 11
  5.2.1.   πςοστωε τιπω......................................... 12
  5.2.1.1. σλαμρςξωε τιπω....................................... 12
  5.2.1.2. σταξδαςτξωε σλαμρςξωε τιπω........................... 12
  5.2.1.3. οτςεϊλι τιποχ........................................ 13
  5.2.2.   στςυλτυςξωε τιπω..................................... 13
  5.2.2.1. τιπω νασσιχοχ........................................ 14
  5.2.2.2. τιπω ϊαπισεκ......................................... 14
  5.2.2.3. τιπω νξοφεστχ........................................ 15
  5.2.2.4. τιπω ζακμοχ.......................................... 16
  5.2.3.   τιπω υλαϊατεμεκ...................................... 16
  5.3.   οπισαξιε ι ιϊοβςαφεξιε πεςενεξξωθ...................... 17
  5.3.1.   πομξωε πεςενεξξωε.................................... 18
  5.3.2.   λονποξεξτξωε πεςενεξξωε.............................. 18
  5.3.2.1. πεςενεξξωε σ ιξδελσανι............................... 18
  5.3.2.2. υλαϊατεμι πομεκ...................................... 19
  5.3.2.3. βυζεςω ζακμοχ........................................ 19
  5.3.3.   υλαϊυενωε πεςενεξξωε................................. 19

  6.  χωςαφεξιρ................................................. 20

  6.1.   οπεςαγιρ οτςιγαξιρ..................................... 21
  6.2.   οπεςαγιι τιπα υνξοφεξιρ................................ 21
  6.3.   οπεςαγιι τιπα σμοφεξιρ................................. 21
  6.4.   μοηιώεσλιε οπεςαγιι σ γεμωνι ώισμανι................... 22
  6.5.   ϊξαλι οτξοϋεξικ........................................ 22
  6.6.   υλαϊατεμι ζυξλγιι...................................... 23
  6.7.   αδςεσξωκ οπεςατος "@".................................. 23

  7.  οπεςατοςω................................................. 24

  7.1.   πςοστωε οπεςατοςω...................................... 24
  7.1.1.   οπεςατοςω πςισχαιχαξιρ............................... 24
  7.1.2.   οπεςατοςω πςογεδυς................................... 25
  7.1.3.   οπεςατοςω πεςεθοδα................................... 26

                               - 4 -




  7.1.4.   πυστοκ οπεςατος...................................... 26
  7.2.   στςυλτυςξωε οπεςατοςω.................................. 26
  7.2.1.   σοσταχξωε οπεςατοςω.................................. 27
  7.2.2.   υσμοχξωε οπεςατοςω................................... 27
  7.2.2.1. οπεςατος "IF"........................................ 27
  7.2.2.2. οπεςατος "CASE"...................................... 28
  7.2.3.   γιλμω................................................ 29
  7.2.3.1. οπεςατος "WHILE"..................................... 29
  7.2.3.2. οπεςατος "REPEAT".................................... 30
  7.2.3.3. οπεςατος "FOR"....................................... 30
  7.2.3.4. οπεςατος EXIT........................................ 31
  7.2.4.   οπεςατος ξαδ ϊαπισρνι "WITH"......................... 32

  8.  οπισαξιε πςογεδυς......................................... 33

  8.1.   σταξδαςτξωε πςογεδυςω.................................. 35
  8.1.1.   πςογεδυςω ςαβοτω σ ζακμανι........................... 35
  8.1.2.   δοπομξιτεμψξωε αςηυνεξτω δμρ "RESET" ι "REWRITE"..... 36
  8.1.3.   πςογεδυςα διξανιώεσλοηο ςαϊνεύεξιρ................... 37
  8.1.4.   ζακμω πςρνοηο δοστυπα................................ 38
  8.2.   πςογεδυςω χχοδα/χωχοδα................................. 38
  8.2.1.   πςογεδυςα READ....................................... 39
  8.2.2.   πςογεδυςα READLN..................................... 39
  8.2.3.   πςογεδυςα WRITE...................................... 39
  8.2.4.   πςογεδυςα WRITELN.................................... 40
  8.2.5.   χχοδ/χωχοδ σ τεςνιξαμα............................... 41
  8.3.   λοξεγ ζακμα............................................ 41

  9.  οπισαξιρ ζυξλγικ.......................................... 42

  9.1.   σταξδαςτξωε ζυξλγιι.................................... 43
  9.1.1.   αςιζνετιώεσλιε ζυξλγιι............................... 43
  9.1.2.   πςεδιλατω............................................ 44
  9.1.3.   ζυξλγιι πςεοβςαϊοχαξιρ............................... 44
  9.1.4.   ζυξλγιρ "TIME"....................................... 45
  9.1.5.   πςοώιε σταξδαςτξωε ζυξλγιι........................... 45

  10. πςοηςαννω................................................. 46

  10.1.  ισπομψϊοχαξιε ναλςοασσενβμεςα.......................... 46
  10.2.  χξεϋξιε ι ζοςτςαξοχσλιε ποδπςοηςαννω (πςογεδυςω)....... 47


















                               - 5 -




                         2. οβύιε σχεδεξιρ




       ςαϊςαβοτλα ρϊωλα πασλαμψ  πςεσμεδοχαμα  δχε  οσξοχξωε  γεμι.
  πεςχαρ - δατψ ρϊωλ, πςιηοδξωκ δμρ οβυώεξιρ  πςοηςαννιςοχαξιΰ  λαλ
  σιστενατιώεσλοκ δισγιπμιξε, οσξοχαξξοκ  ξα  ςρδε  ζυξδανεξταμψξωθ
  ποξρτικ, ρσξο ι εστεστχεξξο οτςαφεξξωθ χ  ότον  ρϊωλε.  χτοςαρ  -
  οσυύεστχιτψ ςεαμιϊαγιΰ ότοηο ρϊωλα, λοτοςαρ βωμα βω ξαδεφξα  ι  χ
  το φε χςενρ όζζελτιχξα ξα συύεστχυΰύιθ χωώισμιτεμψξωθ ναϋιξαθ.

       δμρ πςεποδαχαξιρ πςοηςαννιςοχαξιρ τςεβοχαμσρ ξοχωκ ρϊωλ, ταλ
  λαλ λοξστςυλγιι ι σχοκστχα ισπομψϊυενωθ  ςαξεε  ρϊωλοχ  ώαστο  ξε
  ποδδαΰτσρ υβεδιτεμψξονυ ι  μοηιώεσλονυ  οβ'ρσξεξιΰ.  οξι  σμιϋλον
  ώαστο ξε σοοτχετστχυΰτ πςιυώεξξονυ λ σιστενατιώεσλονυ ςασσυφδεξιΰ
  νωϋμεξιΰ. λ ότονυ σμεδυετ πςισοεδιξιτψ υβεφδεξιε,  ώτο  ρϊωλ,  ξα
  λοτοςον  οβυώαΰτ  χωςαφατψ   σχοι   νωσμι,   ολαϊωχαετ   ημυβολοε
  χοϊδεκστχιε ξα ξαχωλι νωϋμεξιρ ι ιϊοβςετατεμψσλιε σποσοβξοστι,  ι
  ώτο γαςρύικ  χ  συύεστχυΰύιθ  ρϊωλαθ  βεσποςρδολ  ξεποσςεδστχεξξο
  σλαϊωχαετσρ   ξα   στιμε   πςοηςαννιςοχαξιρ,   ζοςνιςυΰύενσρ    υ
  οβυώαΰύιθσρ.

       ϊα οσξοχυ δμρ πασλαμρ βωμ χϊρτ  αμηομ-60,  οτλυδα  χ  πεςχυΰ
  οώεςεδψ ϊαινστχοχαξω πςιξγιπω στςυλτυςιςοχαξιρ ι ζοςνα χωςαφεξιρ.

       ημαχξωε δοπομξεξιρ πο σςαχξεξιΰ  σ  αμηομον-60  οτξοσρτσρ  λ
  σποσοβαν  στςυλτυςιςοχαξιρ  δαξξωθ,   ποσλομψλυ   ξεδοστατοώξοστψ
  ποσμεδξιθ   χ   αμηομε-60   βωμα   πςιϊξαξα   ημαχξοκ    πςιώιξοκ
  οτξοσιτεμψξοκ υϊοστι οβμαστι εηο πςινεξεξιρ. χχεδεξιε  ϊαπισεκ  ι
  ζακμοχ σδεμαμο χοϊνοφξων ςεϋατψ σ  πονούψΰ  πασλαμρ  λοννεςώεσλιε
  ϊαδαώι ιμι πο  λςακξεκ  νεςε  ποϊχομιμο  υσπεϋξο  δενοξστςιςοχατψ
  ποδοβξωε ϊαδαώι χ λυςσαθ πςοηςαννιςαχαξιρ.

       αμηοςιτνω ι πςοηςαννω χωώισμιτεμψξοκ ναϋιξω σοστορτ ιϊ  δχυθ
  ώαστεκ: οπισαξιρ δεκστχικ, λοτοςωε δομφξω  βωτψ  οσυύεστχμεξω,  ι
  οπισαξιρ  οβςαβατωχαενωθ  ότινι   δεκστχιρνι   δαξξωθ.   δεκστχιρ
  ϊαδαΰτσρ ταλ ξαϊωχαενωνι οπεςατοςανι, α  δαξξωε  -  οπισαξιρνι  ι
  οπςεδεμεξιρνι.

       δαξξωε   πςεδσταχμεξω    ϊξαώεξιρνι    πεςενεξξωθ.    λαφδαρ
  πεςενεξξαρ, χθοδρύαρ χ ξελοτοςωκ οπεςατος,  δομφξα  βωτψ  χχεδεξα
  ξελοτοςων  οπισαξιεν   πεςενεξξοκ,   λοτοςοε   πςιπισωχαετ   ότοκ
  πεςενεξξοκ  ιδεξτιζιλατος  ι  τιπ  δαξξωθ.  ινεξξο   τιπ   δαξξωθ
  οπςεδεμρετ νξοφεστχο ϊξαώεξικ,  λοτοςοε  νοφετ  πςιξινατψ  δαξξαρ
  πεςενεξξαρ. χ πασλαμε τιπ νοφετ βωτψ ϊαδαξ μιβο πςρνο χ  οπισαξιι
  πεςενεξξοκ, μιβο υλαϊαξ ιδεξτιζιλατοςον τιπα, χ ποσμεδξεν  σμυώαε
  ότοτ ιδεξτιζιλατος δομφεξ βωτψ χχεδεξ ρχξων οπςεδεμεξιεν τιπα.

       βαϊισξωνι ρχμρΰτσρ σλαμρςξωε  τιπω  δαξξωθ.  ιθ  οπςεδεμεξιε
  ϊαδαετ   υποςρδοώεξξοε   νξοφεστχο    ϊξαώεξικ,    τ.ε.    χχοδιτ
  ιδεξτιζιλατοςω, οβοϊξαώαΰύιε  λαφδοε  ϊξαώεξιε  ότοηο  νξοφεστχα.
  πονινο σλαμρςξωθ τιποχ, χχοδινωθ οπςεδεμεξιρνι, χ πασλαμε ινεετσρ
  ώετωςε σταξδαςτξωθ σλαμρςξωθ τιπα:  μοηιώεσλικ  "BOOLEAN",  γεμωκ
  "INTEGER", μιτεςξωκ "CHAR" ι χεύεστχεξξωκ "REAL".  ϊξαώεξιρ  ότιθ
  τιποχ, λςονε μοηιώεσλοηο,  οβοϊξαώαΰτσρ  ξε  ιδεξτιζιλατοςανι,  α
  ώισμανι   ι   ϊαλμΰώεξξωνι   χ   λαχωώλι   μιτεςαμανι,    λοτοςωε
  σιξταλσιώεσλι  οτμιώξω  οτ  ιδεξτιζιλατοςοχ.  νξοφεστχο  ϊξαώεξικ

                               - 6 -




  μιτεςξοηο τιπα -  ότο  νξοφεστχο  μιτες,  ινεΰύιθσρ  ξα  πεώατξον
  υστςοκστχε δαξξοκ υσταξοχλι (λοι-7).

       τιπ νοφξο οπςεδεμιτψ λαλ οτςεϊολ ξελοτοςοηο σλαμρςξοηο  τιπα
  - υλαϊαξιεν ξαινεξψϋεηο ι ξαιβομψϋεηο ϊξαώεξικ οτςεϊλα.

       στςυλτυςξωε  τιπω  δαξξωθ  οπςεδεμρΰτσρ  ϊαδαξιεν  τιπα   ιθ
  λονποξεξτ ι υλαϊαξιεν σποσοβα  οςηαξιϊαγιι.  σποσοβω  οςηαξιϊαγιι
  οτμιώαΰτσρ νεθαξιϊνον ιϊχμεώεξιρ λονποξεξτ ιϊ πεςενεξξοκ σμοφξοηο
  τιπα.  χ  πασλαμε  ινεετσρ  ώετωςε  σποσοβα  οςηαξιϊαγιι  δαξξωθ:
  νασσιχ, ϊαπισψ, νξοφεστχο ι ζακμ.

       πςι οςηαξιϊαγιι δαξξωθ χ νασσιχ χσε λονποξεξτω  οτξοσρτσρ  λ
  οδξονυ ι τονυ φε τιπυ. οτδεμψξαρ λονποξεξτα χωδεμρετσρ σεμελτοςον
  νασσιχα, ιμι χωώισμρενων ιξδελσον,  τιπ  λοτοςοηο  υλαϊωχαετσρ  χ
  οπςεδεμεξιι τιπα νασσιχα. τιπ ιξδελσα δομφεξ βωτψ σλαμρςξων.  λαλ
  πςαχιμο, ότο τιπ, οπςεδεμρενωκ πςοηςαννιστον, ιμι οτςεϊολ  γεμοηο
  τιπα. πο ϊξαώεξιΰ, πςιξαδμεφαύενυ τιπυ ιξδελσα, σεμελτος  νασσιχα
  χωδαετ ϊξαώεξιε, ινεΰύεε τιπ λονποξεξτ  νασσιχα.  ταλιν  οβςαϊον,
  λαφδαρ πεςενεξξαρ-νασσιχ νοφετ  ςασσνατςιχατψσρ  λαλ  οτοβςαφεξιε
  τιπα ιξδελσα ξα  τιπ  λονποξεξτ.  χςενρ  χωβοςλι  ξε  ϊαχισιτ  οτ
  σεμελτοςα  (ιξδελσα),  ποότονυ  νασσιχω  ξαϊωχαΰτσρ   στςυλτυςανι
  δαξξωθ σ πςοιϊχομψξων δοστυπον.

       πςι  οςηαξιϊαγιι  δαξξωθ  χ  ϊαπισψ  λονποξεξτω  (ξαϊωχαενωε
  πομρνι) νοηυτ βωτψ ςαϊξοηο τιπα. ώτοβω τιπ χωβιςαενοκ  λονποξεξτω
  νοφξο  βωμο  υσταξοχιτψ  πςρνο  πο  τελστυ  πςοηςαννω   (βεϊ   εε
  ισπομξεξιρ), σεμελτοςω ϊαπισεκ ξε σοδεςφατ χωώισμρενωθ  ϊξαώεξικ,
  α ρχμρΰτσρ ιδεξτιζιλατοςανι, οδξοϊξαώξο οπςεδεμρΰύινι ιϊχμελαενυΰ
  λονποξεξτυ. ότι ιδεξτιζιλατοςω  οπισωχαΰτσρ  χ  οπςεδεμεξιι  τιπα
  ϊαπισι, ποότονυ χςενρ δοστυπα λ χωβιςαενοκ λονποξεξτε ξε  ϊαχισιτ
  οτ σεμελτοςα, ι, σμεδοχατεμψξο, ϊαπισι ταλφε ρχμρΰτσρ στςυλτυςανι
  σ πςοιϊχομψξων δοστυπον.

       νοφετ βωτψ υλαϊαξο, ώτο τιπ  ϊαπισι  σοστοιτ  ιϊ  ξεσλομψλιθ
  χαςιαξτοχ. ότο ϊξαώιτ, ώτο ςαϊμιώξωε πεςενεξξωε οδξοηο ι τοηο  φε
  τιπα νοηυτ ινετψ  ϊξαώεξιρνι  οπςεδεμεξξων  οβςαϊον  οτμιώαΰύιεσρ
  ϊαπισι. ςαϊμιώιρ νοηυτ λασατψσρ ώισμα ι τιποχ λονποξεξτ. χαςιαξτ,
  ρχμρΰύικσρ  τελυύιν  ϊξαώεξιεν  πεςενεξξοκ-ϊαπισι,  οτνεώαετσρ  χ
  οβύεν δμρ χσεθ χαςιαξτοχ πομε,  ξαϊωχαενων  πομεν  πςιϊξαλα.  λαλ
  πςαχιμο, οβύαρ χσεν χαςιαξταν  ώαστψ  βυδετ  σοδεςφατψ  ξεσλομψλο
  λονποξεξτ, χλμΰώαρ ι πομε πςιϊξαλα.

       οςηαξιϊαγιρ  δαξξωθ  χο   νξοφεστχε   οπςεδεμρετ   νξοφεστχο
  ϊξαώεξικ, ρχμρΰύιθσρ νξοφεστχον-στεπεξψΰ βαϊοχοηο  τιπα.  βαϊοχωκ
  τιπ  δομφεξ  βωτψ  σλαμρςξων  ι  οπςεδεμρτψσρ  πςοηςαννιστον  ιμι
  πςεδσταχμρτψ σοβοκ οτςεϊολ γεμοηο τιπα.

       ζακμ -  ότο  ποσμεδοχατεμψξοστψ  οδξοτιπξωθ  λονποξεξτ.  οξα
  οπςεδεμρετ εστεστχεξξοε υποςρδοώεξιε λονποξεξτ. χ  λαφδωκ  νονεξτ
  ξεποσςεδστχεξξο δοστυπξα τομψλο οδξα λονποξεξτα. δοστυπ λ  δςυηιν
  λονποξεξταν  νοφξο  πομυώιτψ   χ   ςεϊυμψτατε   ποσμεδοχατεμψξοηο
  πςοδχιφεξιρ   πο   ζακμυ.   ζακμ   ϊαπομξρετσρ   ποσμεδοχατεμψξων
  πςισοεδιξεξιεν ξοχωθ λονποξεξτ λ λοξγυ  ζακμα.  οπςεδεμεξιε  τιπα
  ζακμα ξε ϊαδαετ ώισμα εηο λονποξεξτ.

       πεςενεξξωε,   ϊαδαξξωε   ρχξωνι    οπισαξιρνι,    ξαϊωχαΰτσρ
  στατιώεσλινι.   οπισαξιε   σχρϊωχαετ   σ   πεςενεξξοκ   ξελοτοςωκ

                               - 7 -




  ιδεξτιζιλατος,  ισπομψϊυενωκ  δμρ  υλαϊαξιρ  ότοκ  πεςενεξξοκ.  σ
  δςυηοκ   στοςοξω,   πεςενεξξωε   νοηυτ   σοϊδαχατψσρ    ξελοτοςων
  οπεςατοςον. πςι ταλον διξανιώεσλον σοϊδαξιι  πεςενεξξοκ  χωδαετσρ
  ταλ ξαϊωχαενωκ υλαϊατεμψ  (ϊανεξρΰύικ  ρχξωκ  ιδεξτιζιλατος).  οξ
  ισπομψϊυετσρ χποσμεδστχιι δμρ υλαϊαξιρ ξα ταλυΰ πεςενεξξυΰ.  ότοτ
  υλαϊατεμψ νοφετ βωτψ πςισχοεξ πεςενεξξων τιπα  υλαϊατεμψ.  λαφδαρ
  πεςενεξξαρ-υλαϊατεμψ νοφετ πςιξινατψ τομψλο ϊξαώεξιρ,  ρχμρΰύιεσρ
  υλαϊατεμρνι ξα ϊξαώεξιρ οδξοηο ι τοηο φε τιπα "τ";  ηοχοςρτ,  ώτο
  οξα ϊαλςεπμεξα ϊα ότιν τιπον "τ". οξα  νοφετ,  χπςοώεν,  πομυώιτψ
  ταλφε  ϊξαώεξιε  "NIL",  λοτοςοε  ξε  υλαϊωχαετ   ξι   ξα   λαλυΰ
  πεςενεξξυΰ.    ποσλομψλυ    πεςενεξξωε-υλαϊατεμι    νοηυτ    βωτψ
  λονποξεξτανι  σοϊδαχαενωθ  διξανιώεσλιθ  πεςενεξξωθ   στςυλτυςξωθ
  τιποχ, το σ πονούψΰ  ότιθ  υλαϊατεμεκ  νοφξο  πςεδσταχμρτψ  μΰβωε
  λοξεώξωε ηςαζω.

       οσξοχξων οπεςατοςον ρχμρετσρ οπεςατος πςισχαιχαξιρ,  λοτοςωκ
  πςιπισωχαετ πςισχοιτψ τομψλο ώτο χωώισμεξξοε  ϊξαώεξιε  ξελοτοςοκ
  πεςενεξξοκ  (ιμι  λονποξεξτε  πεςενεξξοκ).  ϊξαώεξιε  νοφετ  βωτψ
  πομυώεξο χ ςεϊυμψτατε χωώισμεξιρ χωςαφεξιρ. χωςαφεξιρ σοστορτ  ιϊ
  πεςενεξξωθ,  λοξσταξτ,  νξοφεστχ,  οπεςαγικ  ι  ζυξλγικ,  λοτοςωε
  χωπομξρΰτ δεκστχιρ ξαδ ιϊοβςαφεξξωνι χεμιώιξανι  ι  χωδαΰτ  ξοχωε
  ϊξαώεξιρ. πεςενεξξωε, λοξσταξτω  ι  ζυξλγιι  μιβο  οπισωχαΰτσρ  χ
  πςοηςαννε, μιβο ρχμρΰτσρ σταξδαςτξωνι οβ'ελτανι. πασλαμψ σοδεςφιτ
  ζιλσιςοχαξξωκ   ξαβος   οπεςαγικ,   λαφδαρ   ιϊ   λοτοςωθ   νοφετ
  ςασσνατςιχατψσρ  λαλ  οτοβςαφεξιε  ιϊ  τιποχ  οπεςαξδοχ   χ   τιπ
  ςεϊυμψτατα. χσε οπεςαγιι δεμρτσρ ξα ώετωςε ηςυππω:

       1) αςιζνετιώεσλιε οπεςαγιι - σμοφεξιε, χωώιταξιε,  ιϊνεξεξιε
  ϊξαλα, υνξοφεξιε, δεμεξιε ι ξαθοφδεξιε οστατλα.

       2) μοηιώεσλιε οπεςαγιι - οτςιγαξιε, διϊ'ΰξλγιρ, λοξ'ΰξλγιρ.

       3) οπεςαγιι  ξαδ  νξοφεστχανι  -  οβ'εδιξεξιε,  πεςεσεώεξιε,
  ςαϊξοστψ.

       4) οπεςαγιι-οτξοϋεξιρ  -  ςαχεξστχο,  ξεςαχεξστχο,  ποςρδολ,
  πςιξαδμεφξοστψ ι χλμΰώεξιε (δμρ νξοφεστχ).

       ςεϊυμψτατω οπεςαγικ οτξοϋεξικ πςιξαδμεφατ μοηιώεσλονυ  τιπυ.
  οτξοϋεξιρ ποςρδλα πςινεξινω τομψλο λ σλαμρςξων τιπαν.

       οπεςατος  πςογεδυςω  χωϊωχαετ   ισπομξεξιε   σοοτχετστχυΰύεκ
  πςογεδυςω (σν. ξιφε). οπεςατοςω πςισχαιχαξιρ ι πςογεδυςω ρχμρΰτσρ
  "λιςπιώιλανι", ιμι λονποξεξτανι, ιϊ λοτοςωθ στςορτσρ  στςυλτυςξωε
  οπεςατοςω,  πςεδπισωχαΰύιε   ποσμεδοχατεμψξοε,   χωβοςοώξοε   ιμι
  ποχτοςξοε ισπομξεξιε σχοιθ λονποξεξτ. ποσμεδοχατεμψξοε ισπομξεξιε
  οπεςατοςοχ ϊαδαετσρ σοσταχξων οπεςατοςον, υσμοχξοε ιμι χωβοςοώξοε
  ισπομξεξιε - οπεςατοςον "εσμι" ι οπεςατοςον "χωβος", α  ποχτοςξοε
  ισπομξεξιε -  γιλμανι.  οπεςατος  "εσμι"  σμυφιτ  δμρ  ποδώιξεξιρ
  ισπομξεξιρ  οπεςατοςα  ϊξαώεξιΰ  χωςαφεξιρ  μοηιώεσλοηο  τιπα,  α
  οπεςατος  "χωβος"  δεμαετ  χοϊνοφξων  χωβος   νεφδυ   ξεσλομψλινι
  οπεςατοςανι χ σοοτχετστχιι  σο  ϊξαώεξιεν  ξελοτοςοηο  σεμελτοςα.
  γιλμ σ παςανετςανι (οπεςατος "δμρ")  υποτςεβμρετσρ,  λοηδα  ώισμο
  ιτεςαγικ ιϊχεστξο ϊαςαξεε, α  χ  οσταμψξωθ  σμυώαρθ  ισπομψϊυΰτσρ
  γιλμω σ  υσμοχιεν  πςοδομφεξιρ  (οπεςατος  "πολα")  ιμι  γιλμω  σ
  υσμοχιεν ολοξώαξιρ (οπεςατος "ποχτος").

       οπεςατοςυ νοφετ βωτψ δαξο  ινρ  (ιδεξτιζιλατος),  σ  πονούψΰ

                               - 8 -




  λοτοςοηο νοφξο  οβςαύατψσρ  λ  ότονυ  οπεςατοςυ.  ταλοκ  οπεςατος
  ξαϊωχαετσρ πςογεδυςοκ, α  εηο  οπισαξιε  -  οπισαξιεν  πςογεδυςω.
  οπισαξιε   νοφετ   σοδεςφατψ   νξοφεστχο   οπισαξικ   πεςενεξξωθ,
  οπςεδεμεξιε τιποχ ι δαμψξεκϋεε οπισαξιε πςογεδυς.  ταλ  οπισαξξωε
  πεςενεξξωε, τιπω ι πςογεδυςω νοηυτ υπονιξατψσρ τομψλο χ  πςεδεμαθ
  σανοκ  πςογεδυςω  ι  ποότονυ  ξαϊωχαΰτσρ  μολαμψξωνι  δμρ  δαξξοκ
  πςογεδυςω.  ιθ  ιξδετιζιλατοςω  ινεΰτ  σνωσμ  τομψλο  χ  πςεδεμαθ
  πςοηςαννοηο   τελστα,   σοσταχμρΰύεηο   οπισαξιε   πςογεδυςω    ι
  ξαϊωχαενοηο οβμαστψΰ οπςεδεμεξιρ ότιθ ιδεξτιζιλατοςοχ.  ποσλομψλυ
  οδξα πςογεδυςα νοφετ βωτψ οπισαξα λαλ μολαμψξαρ  πο  οτξοϋεξιΰ  λ
  δςυηοκ, οβμαστι οπςεδεμεξιρ νοηυτ βωτψ  χμοφεξω  οδξα  χ  δςυηυΰ.
  οβ'ελτω,οπισαξξωε χ ημαχξοκ πςοηςαννε, τ.ε. ξε μολαμψξωε  ξι  δμρ
  λαλοκ πςογεδυςω, ξαϊωχαΰτσρ ημοβαμψξωνι.

       πςογεδυςα ινεετ ζιλσιςοχαξξοε ώισμο  παςανετςοχ,  λαφδωκ  ιϊ
  λοτοςωθ   ιϊοβςαφαετσρ    χ    πςεδεμαθ    πςογεδυςω    ξελοτοςων
  ιδεξτιζιλατοςον, ξαϊωχαενων ζοςναμψξων παςανετςον. πςι  οβςαύεξιι
  λ   πςογεδυςε   λαφδονυ   ζοςναμψξονυ   παςανετςυ   δομφξα   βωτψ
  σοποσταχμεξα  ξελοτοςαρ  ζαλτιώεσλαρ   χεμιώιξα.   ότα   χεμιώιξα
  ξαϊωχαετσρ   ζαλτιώεσλιν   παςανετςον.   συύεστχυετ   τςι    ςοδα
  παςανετςοχ: ϊξαώεξιρ, πεςενεξξωε, πςογεδυςω (ζυξλγικ).  χ  πεςχον
  σμυώαε  ζαλτιώεσλικ  παςανετς   ρχμρετσρ   χωςαφεξιεν,   ϊξαώεξιε
  λοτοςοηο  χωώισμρετσρ  οδιξ   ςαϊ.   σοοτχετστχυΰύικ   ζοςναμψξωκ
  παςανετς ρχμρετσρ  μολαμψξοκ  πεςενεξξοκ,  λοτοςοκ  πςισχαιχαετσρ
  ςεϊυμψτατ ότοηο χωώισμεξιρ πεςεδ χωπομξεξιεν πςογεδυςω (ζυξλγιι).
  χ  σμυώαε  παςανετςα-πεςενεξξοκ  ζαλτιώεσλικ  παςανετς   ρχμρετσρ
  πεςενεξξοκ  ι  ζοςναμψξωκ  παςανετς  σμυφιτ   οβοϊξαώεξιεν   ότοκ
  πεςενεξξοκ. ϊξαώεξιρ ιξδελσοχ, εσμι οξι εστψ,  χωώισμρΰτσρ  πεςεδ
  χωπομξεξιεν πςογεδυςω (ζυξλγιι). χ σμυώαε παςανετςα-πςογεδυςω ιμι
  παςανετςα-ζυξλγιι ζαλτιώεσλιν παςανετςον  ρχμρετσρ  ιδεξτιζιλατος
  πςογεδυςω ιμι ζυξλγιι.

       οπισαξιε  ζυξλγιι  αξαμοηιώξω  οπισαξιρν  πςογεδυς.  οτμιώιε
  ϊαλμΰώαετσρ χ τον, ώτο ζυξλγιι  χωδαΰτ  ςεϊυμψτατ,  τιπ  λοτοςοηο
  οηςαξιώεξ  σλαμρςξωνι  τιπανι  ι  δομφεξ  βωτψ  σπεγιζιγιςοχαξ  χ
  οπισαξιι ζυξλγιι, ποότονυ ζυξλγιι  νοηυτ  βωτψ  ισπομψϊοχαξω  λαλ
  σοσταχμρΰύιε ώαστι χωςαφεξικ. δμρ υστςαξεξιρ ποβοώξωθ όζζελτοχ  χ
  πςεδεμαθ τεμα  ζυξλγιι  σμεδυετ  ιϊβεηατψ  πςισχαιχαξικ  ϊξαώεξικ
  ξεμολαμψξων πεςενεξξων.




















                               - 9 -




                      3. σποσοβ οπισαξιρ ρϊωλα




       χ  σοοτχετστχιι   σ   τςαδιγιοξξωνι   ζοςνανι   βόλυσα-ξαυςα
  σιξταλσιώεσλιε λοξστςυλγιι  οβοϊξαώαΰτσρ  σμοχανι,ϊαλμΰώεξξωνι  χ
  υημοχωε σλοβλι "<" ι ">". ότι σμοχα οπισωχαΰτ ταλφε πςιςοδυ,  ιμι
  σνωσμ, δαξξωθ λοξστςυλγικ ι ισπομψϊυΰτσρ χ  ποσμεδυΰύεν  οπισαξιι
  σεναξτιλι. χοϊνοφξοε ποχτοςεξιε ξελοτοςοκ λοξστςυλγιι υλαϊωχαετσρ
  ϊχεϊδοώλοκ (* -  ξυμψ  ιμι  βομεε  ποχτοςεξικ),  α  ταλφε  ϊξαλον
  μοηιώεσλοε  "ι"  (&  -  οδξο  ιμι  ξεσλομψλο  ποχτοςεξικ).   εσμι
  ποχτοςρεναρ λοξστςυλγιρ σοστοιτ βομεε ώεν ιϊ οδξοηο όμενεξτα, οξα
  ϊαλμΰώαετσρ χ νετασλοβλι "(*" ι  "*)",  ώτο  οϊξαώαετ  ποχτοςεξιε
  ξυμψ ιμι ξεσλομψλο ςαϊ.

       οσξοχξαρ μελσιλα σοστοιτ ιϊ  σινχομοχ,  ποδςαϊδεμρΰύιθσρ  ξα
  βυλχω, γιζςω ι σπεγιαμψξωε σινχομω:

  <βυλχα>::=A|B|C|D|E|F|G|H|I|J|K|L|M|N|O|P|Q|R|S|T|U|V|W|X|Y|Z|
            a|b|c|d|e|f|g|h|i|j|k|l|m|n|o|p|q|r|s|t|u|v|w|x|y|z|
  <χοσψνες.γιζςα>::=0|1|2|3|4|5|6|7
  <γιζςα>::=<χοσψνες.γιζςα>|8|9
  <σπεγιαμψξωκ σινχομ>::=+|-|*|/|NOT|AND|OR|=|<>|>|<|<=|>=|
            (|)|[|]|:=|.|,|;|:|'|^|DIV|MOD|NIL|IN|IF|THEN|
            ELSE|CASE|OF|REPEAT|UNTIL|WHILE|DO|FOR|TO|
            DOWNTO|BEGIN|END|WITH|GOTO|CONST|VAR|TYPE|
            ARRAY|RECORD|SET|FILE|FUNCTION|PROCEDURE|
            LABEL|PACKED

       λοξστςυλγιρ

  <σλοβλα><μΰβαρ ποσμεδοχατεμψξοστψ σινχομοχ,ξε χλμΰώαΰύαρ <σλοβλυ>
  ι "}",><σλοβλα>

  ξαϊωχαετσρ λοννεξταςιεν ι νοφετ βωτψ χσταχμεξα νεφδυ μΰβωνι δχυνρ
  ιδεξτιζιλατοςανι, ώισμανι ιμι σπεγιαμψξωνι σινχομανι. λοννεξταςικ
  νοφετ βωτψ υδαμεξ ιϊ τελστα πςοηςαννω βεϊ ιϊνεξεξιρ εηο ϊξαώεξιρ.

       χ  πασλαμε  δοπυσλαετσρ  τςι  τιπα  <σλοβολ>  δμρ  χωδεμεξιρ
  λοννεξταςιεχ:

  <σλοβλα>::={...}|(*...*)|/*...*/

  χσε  τιπω   σλοβολ   ρχμρΰτσρ   χϊαινοϊανεξρενωνι:   δμρ   ξαώαμα
  λοννεξταςιρ νοφξο ισπομψϊοχατψ  οδιξ  τιπ,  α  δμρ  ϊαχεςϋεξιρ  -
  δςυηοκ τιπ σλοβολ.












                               - 10 -




              4. όμενεξτω ι οσξοχξωε λοξστςυλγιι ρϊωλα




       ιδεξτιζιλατοςω  σμυφατ  δμρ  οβοϊξαώεξιρ  λοξσταξτ,   τιποχ,
  πεςενεξξωθ, πςογεδυς ι ζυξλγικ. χ πςεδεμαθ οβμαστι οπςεδεμεξξοστι
  ιδεξτιζιλατοςα, τ.ε. χ πςογεδυςε ιμι  χ  ζυξλγιι,  χ  λοτοςοκ  οξ
  οπισαξ, σνωσμ ιδεξτιζιλατοςα δομφεξ βωτψ οδξοϊξαώξων.

 <ιδεξτιζιλατος>::=<βυλχα><βυλχα ιμι γιζςα>
 <βυλχα ιμι γιζςα>::=<βυλχα>|<γιζςα>

       πασλαμψ δοπυσλαετ μΰβυΰ δμιξυ  ιδεξτιζιλατοςοχ,  πςιώεν  χσε
  ϊξαλι  ρχμρΰτσρ  ϊξαώινωνι.  ϊξαλι  λιςιμμιγω   (ϊα   ισλμΰώεξιεν
  ώ,ϋ,ύ,ό,ΰ)    νοηυτ    ταλφε     ισπομψϊοχατψσρ,     ξο     βυδυτ
  ιξτεςπςετιςοχατψσρ  λαλ  ι  σοοτχετστχυΰύιε  ματιξσλιε.   σμεδυετ
  ϊανετιτψ, ώτο χ σταξδαςτε πασλαμρ ςελονεξδυετσρ, ώτοβω  πεςχωε  8
  ϊξαλοχ ιδεξτιζιλατοςοχ βωμι υξιλαμψξωνι.

       χ  σχρϊι  σ  οηςαξιώεξιρνι  ξα  ζοςνατ   οβ'ελτξοηο   νοδυμρ
  ιδεξτιζιλατοςω  χξεϋξιθ  ζοςτςαξοχσλιθ   πςογεδυς   δομφξω   βωτψ
  υξιλαμψξωνι πο πεςχων 6 ϊξαλαν  (τ.ε.  ςαϊμιώατψσρ  πο  πεςχων  6
  ϊξαλαν).

       δμρ ώισεμ, ρχμρΰύιθσρ λοξσταξτανι γεμοηο  ιμι  χεύεστχεξξοηο
  τιπα, ισπομψϊυετσρ οβωώξαρ δεσρτιώξαρ σιστενα ϊαπισι  βυλχα  "E",
  πςεδϋεστχυΰύαρ ποςρδλυ, ώιταετσρ λαλ "υνξοφιτψ ξα 10 χ στεπεξι".

  <γεμοε βεϊ ϊξαλα>::= <γιζςα>&|<χοσψνες.γιζςα>&B
  <χεύεστχεξξοε βεϊ ϊξαλα>::= <γιζςα>&.<γιζςα>&|
                    <γιζςα>&.<γιζςα>&E<ποςρδολ>|
                             <γιζςα>&E<ποςρδολ>
  <ώισμο βεϊ ϊξαλα>::= <γεμοε βεϊ ϊξαλα>|
                             <χεύεστχεξξοε βεϊ ϊξαλα>
  <ποςρδολ>::= <γιζςα>&|<ϊξαλ><γιζςα>&
  <ϊξαλ>::= +|-

      πςινεςω:

  1    100    0.1    5E-3    87.35E+8    12B

       ποσμεδοχατεμψξοστι μιτες, ϊαλμΰώεξξωε χ λαχωώλι,  ξαϊωχαΰτσρ
  τελστανι. τελστω,  σοστορύιε  ιϊ  εδιξστχεξξοκ  μιτεςω,  ρχμρΰτσρ
  λοξσταξτανι μιτεςξοηο τιπα. τελστω, σοστορύιε ιϊ N (N>1) μιτες  χ
  λαχωώλαθ, ρχμρΰτσρ λοξσταξτανι τιπα.

  ARRAY[1..N] OF CHAR;


       π ς ι ν ε ώ α ξ ι ε. εσμι τελστ δομφεξ σοδεςφατψ λαχωώλυ, το
  οξα ποχτοςρετσρ δχαφδω.

  <τελστ>::= '<μιτεςα>&'

      πςινεςω:
  'A'     ';'      ''''     'PASCAL'


                               - 11 -




                  5. όμενεξτω ι χχοδ/χωχοδ δαξξωθ






        5.1. οπςεδεμεξιρ λοξσταξτ



       οπςεδεμεξιε  λοξσταξτω  χχοδιτ  ιδεξτιζιλατος  λαλ   σιξοξιν
  ξελοτοςοκ λοξσταξτω:

  <ιδεξτιζιλατος λοξσταξτω>::= <ιδεξτιζιλατος>
  <λοξσταξτα βεϊ ϊξαλα>::= <ώισμο βεϊ ϊξαλα> |
                 <τελστ> | <ιδεξτιζιλατος λοξσταξτω> | NIL
  <λοξσταξτα>::= <ώισμο βεϊ ϊξαλα>|<ϊξαλ><ώισμο βεϊ ϊξαλα>|
                 <ιδεξτιζιλατος λοξσταξτω> |
                 <ϊξαλ><ιδεξτιζιλατος λοξσταξτω> | <τελστ>
  <οπςεδεμεξιε λοξσταξτω>::= <ιδεξτιζιλατος> = <λοξσταξτα>

       χ  λαφδοκ  ςεαμιϊαγιι   οπςεδεμεξω   σμεδυΰύιε   σταξδαςτξωε
  ιδεξτιζιλατοςω:

  EOL
         - ςαχεξ υπςαχμρΰύενυ σινχομυ, οβοϊξαώαΰύενυ λοξεγ στςολι;

  ALFALEN
         - ςαχεξ 10.



        5.2. οπςεδεμεξιρ τιποχ δαξξωθ



       τιπ  δαξξωθ  ϊαδαετ  νξοφεστχο   ϊξαώεξικ,   λοτοςωε   νοηυτ
  πςιξινατψ  πεςενεξξωε  ότοηο  τιπα,  ι  σχρϊωχαετ  σ  ότιν  τιπον
  ιδεξτιζιλατος.

  <τιπ>::= <πςοστοκ τιπ> | <στςυλτυςξωκ τιπ> |
           <τιπ υλαϊατεμρ>
  <οπςεδεμεξιε τιπα>::= <ιδεξτιζιλατος> = <τιπ>















                               - 12 -




      5.2.1. πςοστωε τιπω



  <πςοστοκ τιπ>::= <σλαμρςξωκ τιπ> | <οτςεϊολ τιπα> |
                   <ιδεξτιζιλατος τιπα>
  <ιδεξτιζιλατος τιπα>::= <ιδεξτιζιλατος>



    5.2.1.1. σλαμρςξωε τιπω



       σλαμρςξωκ τιπ οπςεδεμρετ  υποςρδοώεξξοε  νξοφεστχο  ϊξαώεξικ
  ποσςεδστχον  πεςεώισμεξιρ   ιδεξτιζιλατοςοχ,   οβοϊξαώαΰύιθ   ότι
  ϊξαώεξιρ:

  <σλαμρςξωκ τιπ>::=(<ιδεξτιζιλατος>(*,<ιδεξτιζιλατος>*))

       πςινεςω:

  (λςασξ, οςαξφ, φεμτ, ϊεμ, ηομυβοκ)
  (ρξχαςψ,ζεχςαμψ,ναςτ)
  (ϊινα,χεσξα,μετο,οσεξψ)

       λο χσεν σλαμρςξων τιπαν(ισλμΰώαρ REAL)  πςινεξινω  σμεδυΰύιε
  ζυξλγιι:

  SUCC - σμεδυΰύεε ϊξαώεξιε (χ ποςρδλε πεςεώισμεξιρ);
  PRED - πςεδϋεστχυΰύεε ϊξαώεξιε (χ ποςρδλε πεςεώισμεξιρ).



    5.2.1.2. σταξδαςτξωε σλαμρςξωε τιπω



       σμεδυΰύιε τιπω ρχμρΰτσρ σταξδαςτξωνι χ πασλαμε:

       γεμωκ τιπ (INTEGER) - ϊξαώεξιρ οβςαϊυΰτ  ποδνξοφεστχο  γεμωθ
  ώισεμ χ ηςαξιγαθ (-32768..32767). βεϊϊξαλοχωε  γεμωε  νοηυτ  βωτψ
  οβ'ρβμεξω σ πονούψΰ διαπαϊοξα (0..65535).  σμεδυετ  πονξιτψ,  ώτο
  αςιζνετιώεσλιε πεςεπομξεξιρ οπςεδεμρΰτσρ τομψλο πςι  υνξοφεξιι  ι
  δεμεξιι ϊξαλοχωθ γεμωθ.

  TYPE UNSIGNEDIGIT=0..65535

  δμρ γεμωθ ώισεμ οπςεδεμεξ ιδεξτιζιλατος MAXINT=32767.

       χεύεστχεξξωκ τιπ (REAL) -  ϊξαώεξιρ  ρχμρΰτσρ  ποδνξοφεστχον
  νξοφεστχα χεύεστχεξξωθ  ώισεμ  χεύεστχεξξωε  ώισμα  (REAL)  ινεΰτ
  διαπαϊοξ 1E-38..1E+38 ι τοώξοστψ  ποςρδλα  7  δεσρτιώξωθ  ϊξαλοχ.
  αςιζνετιώεσλιε πεςεπομξεξιρ οπςεδεμρΰτσρ  δμρ  χσεθ  οπεςαγικ,  α
  ποτεςρ  ϊξαώινοστι  ξε  διαηξοστιςυετσρ  ι  πςιχοδιτ  λ  ξυμεχονυ
  ςεϊυμψτατυ.

  σταξδαςτξωε  τςαξσγεξδεξτξωε  ζυξλγιι   ινεΰτ   τοώξοστψ   δο   6

                               - 13 -




  δεσρτιώξωθ γιζς.

       μοηιώεσλικ  τιπ  (BOOLEAN)  -  ϊξαώεξιρ  πςεδσταχμρΰτ  σοβοκ
  ιστιξξοστξωε  ϊξαώεξιρ,  οβοϊξαώαενωε  ιδεξτιζιλατοςανι  TRUE   ι
  FALSE;

       μιτεςξωκ  τιπ  (CHAR)  -  ϊξαώεξιρ  συτψ  νξοφεστχο   μιτες,
  ϊαχισρύεε  οτ  λοξλςετξοκ  ςεαμιϊαγιι,  ι   ιϊοβςαφαΰτσρ   σανινι
  μιτεςανι, ϊαλμΰώεξξωνι χ λαχωώλι. χ δαξξοκ ςεαμιϊαγιι  ισπομψϊυετ
  πομξωκ ξαβος ϊξαλοχ λοι-7. λαφδωκ ϊξαλ θςαξιτσρ χ οδξον βακτε  (8
  ςαϊςρδοχ).



    5.2.1.3. οτςεϊλι τιποχ



       τιπ νοφετ βωτψ οπςεδεμεξ λαλ οτςεϊολ δςυηοηο σλαμρςξοηο τιπα
  ποσςεδστχον υλαϊαξιρ ξαιβομψϋεηο ι ξαινεξψϋεηο ϊξαώεξικ  οτςεϊλα.
  πεςχαρ λοξσταξτα ϊαδαετ ξιφξΰΰ ηςαξιγυ, λοτοςαρ  ξε  δομφξα  βωτψ
  βομψϋε χεςθξεκ.

  <οτςεϊολ τιπα>::=<λοξσταξτα>..<λοξσταξτα>

      πςινεςω:

   1..100
   -10..+10
   πξ..πτ



      5.2.2. στςυλτυςξωε τιπω



       στςυλτυςξωκ τιπ δαξξωθ θαςαλτεςιϊυετσρ  τιπον  (ιμι  τιπανι)
  σχοιθ λονποξεξτ ι σποσοβον ιθ οςηαξιϊαγιι.

  <στςυλτυςξωκ τιπ>::=<τιπ νασσιχα> | <τιπ ϊαπισι> |
                    <τιπ νξοφεστχα> | <τιπ ζακμα>

       σταξδαςτξωκ πασλαμψ σοδεςφιτ πςογεδυςω "PACK" ι "UNPACK" δμρ
  όζζελτιχξοκ ςαβοτω σ λονποξεξτανι  στςυλτυςξοηο  τιπα.  χ  δαξξον
  πασλαμε ατςιβυτ "PACKED", δοπυστινωκ χ σταξδαςτε,ιηξοςιςυετσρ,  α
  ισπομψϊοχαξιε πςογεδυς "PACK" ι "UNPACK" ξεδοπυστινο.












                               - 14 -




    5.2.2.1. τιπω νασσιχοχ



       τιπ νασσιχα - ότο  στςυλτυςα,  σοστορύαρ  ιϊ  ζιλσιςοχαξξοηο
  ώισμα  λονποξεξτ  οδξοηο  ι  τοηο  φε  τιπα,  ξαϊωχαενοηο   τιπον
  λονποξεξτ. όμενεξτω νασσιχοχ χωβιςαΰτσρ πο ιξδελσαν -  ϊξαώεξιρν,
  πςιξαδμεφαύιν λ ταλ ξαϊωχαενονυ τιπυ ιξδελσοχ.  οπςεδεμεξιε  τιπα
  νασσιχα ϊαδαετ λαλ τιπ λονποξεξτ, ταλ ι τιπ ιξδελσοχ:

  <τιπ νασσιχα>::=
  ARRAY[<τιπ ιξδελσα>(*,<τιπ ιξδελσα>*)] OF <τιπ λονποξεξτ>
  <τιπ ιξδελσα>::=<πςοστοκ τιπ>
  <τιπ λονποξεξτ>::=<τιπ>

       εσμι ϊαδαξο N τιποχ  ιξδελσοχ,  το  τιπ  νασσιχα  ξαϊωχαετσρ
  N-νεςξων; εηο λονποξεξτω χωβιςαΰτσρ σ πονούψΰ N ιξδελσοχ.

     πςινεςω:

  ARRAY[1..100] OF REAL
  ARRAY[1..10,1..20] OF 0..99
  ARRAF[BOOLEAN] OF γχετ



    5.2.2.2. τιπω ϊαπισεκ



       τιπ ϊαπισι -  ότο  στςυλτυςα,  σοστορύαρ  ιϊ  ζιλσιςοχαξξοηο
  ώισμα λονποξεξτ, χοϊνοφξο, ςαϊξωθ τιποχ. οπςεδεμεξιε τιπα  ϊαπισι
  ϊαδαετ  δμρ  λαφδοκ  λονποξεξτω,  ξαϊωχαενοκ  πομεν,  εε  τιπ   ι
  οβοϊξαώαΰύικ ότο πομε ιδεξτιζιλατος. οβμαστψΰ οπςεδεμεξξοστι ότιθ
  ιδεξτιζιλατοςοχ πομρ ρχμρετσρ σανο οπςεδεμεξιε ϊαπισι, οδξαλο οξι
  δοστυπξω ταλφε χ χωβοςλαθ πομρ, σσωμαΰύιθσρ ξα  πεςενεξξυΰ-ϊαπισψ
  δαξξοηο τιπα.

       τιπ ϊαπισι νοφετ ινετψ ξεσλομψλο χαςιαξτοχ; χ  ταλον  σμυώαε
  ξελοτοςοε πομε οτνεώαετσρ λαλ πομε πςιϊξαλα: ϊξαώεξιε ότοηο  πομρ
  πολαϊωχαετ, λαλοκ ιϊ χαςιαξτοχ πεςενεξξοκ-ϊαπισι  ςασσνατςιχαετσρ
  χ δαξξωκ νονεξτ. λαφδωκ χαςιαξτ ιδεξτιζιγιςυετσρ  νετλοκ  χωβοςα,
  ρχμρΰύεκσρ λοξσταξτοκ τιπα πομρ πςιϊξαλα:

  <τιπ ϊαπισι>::=RECORD<σπισολ πομεκ>END
  <σπισολ πομεκ>::=<οβύαρ ώαστψ>|
                   <οβύαρ ώαστψ>;<χαςιαξτξαρ ώαστψ>|
                   <χαςιαξτξαρ ώαστψ>
  <οβύαρ ώαστψ>::=<σελγιρ ϊαπισι>(*;<σελγιρ ϊαπισι>*)
  <σελγιρ ϊαπισι>::=<ιδεξτιζιλατος πομρ>
                   (*,<ιδεξτιζιλατος πομρ>*):<τιπ>
  <χαςιαξτξαρ ώαστψ>::=CASE<πομε πςιϊξαλα>:
            <ιδεξτιζιλατος τιπα> OF <χαςιαξτ>(*;<χαςιαξτ>*)
  <χαςιαξτ>::=<σπισολ νετολ χωβοςα>:(<σπισολ πομεκ>)|
              <σπισολ νετολ χωβοςα>
  <σπισολ νετολ χωβοςα>::=<νετλα χωβοςα>(*,<νετλα χωβοςα>*)
  <νετλα χωβοςα>::=<λοξσταξτα βεϊ ϊξαλα>
  <πομε πςιϊξαλα>::=<ιδεξτιζιλατος>

                               - 15 -




       πςινεςω:

    RECORD δεξψ:1..31;
           νεσ:1..12;
           ηοδ:INTEGER
    END

  RECORD  ινρ,ζανιμιρ:ALFA;
          χοϊςαστ:0..99;
          φεξατ:BOOLEAN
  END

  RECORD  X,Y:REAL;
          πμούαδψ:REAL;
     CASE ζ: ζοςνα OF
     τςευηομψξιλ:   (στοςοξα:REAL;
                     ξαλμοξ,υηομ1,υηομ2:υηομ);
     πςρνουηομψξιλ:(στοςοξα1,στοςοξα2:REAL;
                    σλμοξ,υηομ3:υηομ);
     λςυη:(διανετς:REAL)
  END



    5.2.2.3. τιπω νξοφεστχ



       τιπ  νξοφεστχα  οπςεδεμρετ  νξοφεστχο  ϊξαώεξικ,  ρχμρΰύιθσρ
  νξοφεστχον-στεπεξψΰ      (νξοφεστχον      χσεθ       ποδνξοφεστχ)
  σοοτχετστχυΰύεηο βαϊοχοηο τιπα. βαϊοχωνι  τιπανι  ξε  νοηυτ  βωτψ
  στςυλτυςξωε τιπω. ξαδ λαφδων τιπον νξοφεστχ οπςεδεμεξω οπεςαγιι:

  +   οβ'εδιξεξιε
  *   πεςεσεώεξιε
  -   ςαϊξοστψ νξοφεστχ (βιξαςξοε δοπομξεξιε)
  IN  οτξοϋεξιε πςιξαδμεφξοστι (ώμεξστχα)

  <τιπ νξοφεστχα>::=SET OF <τιπ βαϊω>
  <τιπ βαϊω>::=<πςοστοκ τιπ>

       χ πασλαμε,ςεαμιϊοχαξξον δμρ δχλ, ώισμο  όμενεξτοχ  νξοφεστχα
  ξε νοφετ πςεχωϋατψ 64.

  οπςεδεμεξο σταξδαςτξοε νξοφεστχο "SET OF CHAR", ώτο  όλχιχαμεξτξο
  "SET   OF   SPACE..UNDERLINE",   ηδε   SPACE   =    CHR(40B)    ι
  UNDERLINE=CHR(137B). ταλιν οβςαϊον, "SET  OF  CHAR"  ξε  χλμΰώαετ
  βυλχ λιςιμμιγω ι υπςαχμρΰύιθ ϊξαλοχ, ινεΰύιθ λοδω νεξεε 40χ.











                               - 16 -



    5.2.2.4. τιπω ζακμοχ



       οπςεδεμεξιε  τιπα  ζακμα  ϊαδαετ  στςυλτυςυ,  σοστορύυΰ   ιϊ
  ποσμεδοχατεμψξοστι   οδξοτιπξωθ   λονποξεξτ.   ώισμο   λονποξεξτ,
  ξαϊωχαενοε δμιξοκ ζακμα, οπςεδεμεξιεν τιπα ζακμα ξε  ζιλσιςυετσρ.
  ζακμ,  ινεΰύικ  0  λονποξεξτ,  ξαϊωχαετσρ  πυστων;   ζακμω,   τιπ
  λονποξεξτ λοτοςωθ μιτεςξωκ, ξαϊωχαΰτσρ τελστοχωνι ζακμανι.

  <τιπ ζακμα>::=FILE OF <τιπ>

     σμεδυΰύικ τιπ ρχμρετσρ σταξδαςτξων:

  TYPE TEXT = FILE OF CHAR

       δαξξωκ  πασλαμψ  ξε  ποϊχομρετ  ισπομψϊοχατψ  ζακμω  ζακμοχ,
  οδξαλο,  νοφξο  πςινεξρτψ  νασσιχω  ζακμοχ,   α   ταλφε   ϊαπισι,
  σοδεςφαύιε χ λαώεστχε λονποξεξτοχ ζακμω.



      5.2.3. τιπω υλαϊατεμεκ



       δοστυπ λ οπισαξξων χ  πςοηςαννε  πεςενεξξων  νοφξο  πομυώιτψ
  ώεςεϊ  ιθ  ιδεξτιζιλατοςω.  οξι  συύεστχυΰτ   χσε   χςενρ,   πολα
  χωπομξρετσρ πςογεδυςα (οβμαστψ  οπςεδεμεξξοστι),  χ  λοτοςοκ  ότι
  πεςενεξξωε  μολαμψξω,  χ  σχρϊι  σ   ώεν   ποσμεδξιε   ξαϊωχαΰτσρ
  στατιώεσλινι  ιμι  στατιώεσλι  ςαϊνεύαενωνι.  σ  δςυηοκ  στοςοξω,
  πεςενεξξωε νοηυτ σοϊδαχατψσρ  ι  διξανιώεσλι,  τ.ε.  βεϊο  χσρλοκ
  σχρϊι  σο  στςυλτυςοκ  πςοηςαννω.  ότι  διξανιώεσλιε   πεςενεξξωε
  σοϊδαΰτσρ σταξδαςτξοκ πςογεδυςοκ "NEW"; ποσλομψλυ οξι ξε χθοδρτ χ
  ρχξωε οπισαξιρ πεςενεξξωθ, οξι ξε νοηυτ βωτψ  οβοϊξαώεξω  ινεξεν.
  δοστυπ  λ  ταλιν  πεςενεξξων  οσυύεστχμρετσρ  ώεςεϊ  υλαϊατεμψξωε
  ϊξαώεξιρ  (σσωμλι),  χωδαχαενωε   ποσμε   σοϊδαξιρ   διξανιώεσλοκ
  πεςενεξξοκ. λαφδωκ τιπ  υλαϊατεμεκ  σοστοιτ,  ταλιν  οβςαϊον,  ιϊ
  ξεοηςαξιώεξξοηο  νξοφεστχα  υλαϊωχαΰύιθ  ξα  οδξοτιπξωε  όμενεξτω
  ϊξαώεξικ. ξαδ υλαϊατεμρνι ξε οπςεδεμεξο ξιλαλιθ  οπεςαγικ,  λςονε
  πςοχεςλι ξα ςαχεξστχο.  ϊξαώεξιε  "NIL"  πςιξαδμεφιτ  χσεν  τιπαν
  υλαϊατεμεκ, ξο οξο ξε υλαϊωχαετ ξι ξα λαλοκ όμενεξτ.

  <τιπ υλαϊατεμρ>::=^<ιδεξτιζιλατος τιπα>

     πςινεςω οπςεδεμεξικ τιποχ:

  γχετ = (λςασξ, οςαξφ, φεμτ, ϊεμ, ηομυβοκ, σιξικ, ζιομ)
  πομ = (νυφ,φεξ)
  TEXT= FILE OF CHAR
  ζοςνα = (τςευηομψξιλ,πςρνουηομψξιλ,λςυη)
  λαςτα = ARRAY[1..80] OF CHAR
  ALFA = ARRAY[1..ALFALENG] OF CHAR
  λονπμ = RECORD RE, IM: REAL END
  μιγο = RECORD ζανιμιρ,ινρ:ALFA;
         χοϊςαστ:INTEGER;
         φεξατ:BOOLEAN;
         οτεγ,ςεβεξολ,βςατ:^μιγο;


                               - 17 -




  CASE ςοδ: πομ OF
       νυφ: (χοεξξοοβρϊαξ,μωσ:BOOLEAN);
       φεξ: (βεςεν:BOOLEAN;
            νεςλα:ARRAY[1..3] OF INTEGER)
  END



        5.3. οπισαξιε ι ιϊοβςαφεξιε πεςενεξξωθ



       οπισαξιρ  πεςενεξξωθ  σοστορτ  ιϊ  σπισλα   ιδεξτιζιλατοςοχ,
  οβοϊξαώαΰύιθ ξοχωε πεςενεξξωε, ϊα λοτοςωνι σμεδυετ ιθ τιπ:

  <οπισαξιε πεςενεξξοκ>::=
           <ιδεξτιζιλατος>(*,<ιδεξτιζιλατος>*):<τιπ>

       λαφδοε οπισαξιε πεςενεξξοκ-ζακμα "F" σ λονποξεξτανι τιπα "T"
  ποδςαϊυνεχαετ δοπομξιτεμψξοε  οπισαξιε  ταλ  ξαϊωχαενοκ  βυζεςξοκ
  πεςενεξξοκ τιπα "T". ότα βυζεςξαρ πεςενεξξαρ  ιϊοβςαφαετσρ  F^  ι
  σμυφιτ δμρ πςισοεδιξεξιρ λ ζακμυ λονποξεξτ πςι εηο  ϊαπομξεξιι  ι
  δμρ πομυώεξιρ δοστυπα λ ζακμυ πςι ώτεξιι.

       χ  οτδεμψξωθ  σμυώαρθ  βωχαετ   υδοβξο   ινετψ   χοϊνοφξοστψ
  οβςαύατψσρ λ αβσομΰτξων ρώεκλαν  πανρτι,  ξαπςινες,  λ  ςεηιστςαν
  χξεϋξιθ υστςοκστχ ιμι ταβμιγαν  οπεςαγιοξξοκ  σιστενω.  δμρ  ότοκ
  γεμι χ δαξξον πασλαμε σμεδυετ ισπομψϊοχατψ λμΰώεχοε σμοχο  ORIGIN
  χ οβ'ρχμεξιι πεςενεξξοκ. ξαπςινες, σμεδυΰύαρ πςοηςαννα  σώιτωχαετ
  ϊξαλ σ λμαχιατυςω σιστενξοηο τεςνιξαμα ξα ζιϊιώεσλον υςοχξε:

         CONST   READY   =200B;
         VAR     KBCSR ORIGIN 177560B,
                 KBDAT ORIGIN 177562B:   INTEGER;
                 CH:CHAR;
         BEGIN
                 WHILE (KBCSR AND READY) = 0 DO; (*φδατψ*)
                 CH := CHR(KBDAT);
         END.


    πςινεςω:

  X, Y, Z: REAL
  U, V: λονπμ
  I, J: INTEGER
  K: 0..9
  P, Q: BOOLEAN
  οπεςαγιρ: (πμΰσ, νιξυσ, υνξοφ)
  A: ARRAY [0..63] OF REAL
  B: ARRAY [γχετ, BOOLEAN] OF λονπμ
  γ: γχετ
  F: FILE OF CHAR
  οττεξολ1, οττεξολ2: SET OF γχετ
  P1, P2: ^μιγο

       ιϊοβςαφεξιρ πεςενεξξωθ οβοϊξαώαΰτ  μιβο  πομξυΰ  πεςενεξξυΰ,
  μιβο ξελοτοςυΰ λονποξεξτυ πεςενεξξοκ, μιβο πεςενεξξυΰ, ξα λοτοςυΰ

                               - 18 -




  σσωμαετσρ ξελοτοςωκ υλαϊατεμψ. πςεδπομαηαετσρ, ώτο  πεςενεξξωε  χ
  ποσμεδυΰύιθ πςινεςαθ οπισαξω, λαλ υλαϊαξο χωϋε.

  <πεςενεξξαρ>::= <πομξαρ πεςενεξξαρ> | <λονποξεξτξαρ
                  πεςενεξξαρ> | <υλαϊυεναρ πεςενεξξαρ>



      5.3.1. πομξωε πεςενεξξωε



       πομξαρ πεςενεξξαρ ιϊοβςαφαετσρ σχοιν ιδεξτιζιλατοςον:

  <πομξαρ πεςενεξξαρ>::= <ιδεξτιζιλατος πεςενεξξοκ>
  <ιδεξτιζιλατος πεςενεξξοκ>::= <ιδεξτιζιλατος>




      5.3.2. λονποξεξτξωε πεςενεξξωε



       λονποξεξτξαρ   πεςενεξξαρ    ιϊοβςαφαετσρ    σοοτχετστχυΰύεκ
  πεςενεξξοκ,  ϊα  λοτοςοκ  σμεδυετ  ϊαδαΰύικ   ξυφξυΰ   λονποξεξτυ
  σεμελτος. ζοςνα σεμελτοςα ϊαχισιτ  οτ  σποσοβα  οςηαξιϊαγιι  τιπα
  πεςενεξξοκ:

  <λονποξεξτξαρ πεςενεξξαρ>::= <πεςενεξξαρ σ ιξδελσανι> !
                           <υλαϊατεμψ πομρ> ! <βυζες ζακμα>



    5.3.2.1. πεςενεξξωε σ ιξδελσανι



       λονποξεξτα  N-νεςξοκ   πεςενεξξοκ-νασσιχα   οβοϊξαώαετσρ   σ
  πονούψΰ ότοκ πεςενεξξοκ, ϊα λοτοςοκ σμεδυετ σπισολ ιϊ N ιξδελσξωθ
  χωςαφεξικ:

  <πεςενεξξαρ σ ιξδελσον>::=
         <πεςενεξξαρ-νασσιχ>[<χωςαφεξιε> (*,<χωςαφεξιε>*)]
  <πεςενεξξαρ-νασσιχ>::= <πεςενεξξαρ>

       τιπω  ιξδελσξωθ  χωςαφεξικ  δομφξω   σοοτχετστχοχατψ   τιπαν
  ιξδελσοχ χ οπισαξιι σοοτχετστχυΰύεηο τιπα νασσιχα.

     πςινεςω:

  A [12]
  A [I+J]
  B [λςασξ,TRUE]
  B [SUCC(γ),P AND Q]




                               - 19 -




    5.3.2.2. υλαϊατεμι πομεκ



       λονποξεξτα     πεςενεξξοκ-ϊαπισι     οβοϊξαώαετσρ      ώεςεϊ
  σοοτχετστχυΰύυΰ    πεςενεξξυΰ-ϊαπισψ,    ϊα    λοτοςοκ    σμεδυετ
  ιδεξτιζιλατος πομρ ξυφξοκ λονποξεξτω:

  <υλαϊατεμψ πομρ>::= <πεςενεξξαρ-ϊαπισψ>.<ιδεξτιζιλατος
                                             πομρ>
  <πεςενεξξαρ-ϊαπισψ>::= <πεςενεξξαρ>
  <ιδεξτιζιλατος πομρ>::= <ιδεξτιζιλατος>

    πςινεςω:

  U.RE
  B [λςασξ, TRUE].IM
  P2^.νεςλα



    5.3.2.3. βυζεςω ζακμοχ



       χ  μΰβοκ  νονεξτ  ξεποσςεδστχεξξο   δοστυπξα   τομψλο   οδξα
  λονποξεξτα,  οπςεδεμρεναρ  τελυύεκ  ποϊιγιεκ   ζακμα   (ξαπςινες,
  ηομοχλοκ σώιτωχαξιρ-ϊαπισι). ότα  λονποξεξτα  ξαϊωχαετσρ  τελυύεκ
  λονποξεξτοκ  ζακμα;  οξα  πςεδσταχμρετσρ  πεςενεξξοκ,  ξαϊωχαενοκ
  βυζεςον ζακμα:

  <βυζες ζακμα>::= <πεςενεξξαρ-ζακμ>
  <πεςενεξξαρ-ζακμ>::= <πεςενεξξαρ>



      5.3.3. υλαϊυενωε πεςενεξξωε



  <υλαϊυεναρ πεςενεξξαρ>::= <πεςενεξξαρ-υλαϊατεμψ>^
  <πεςενεξξαρ-υλαϊατεμψ>::= <πεςενεξξαρ>

       εσμι "P"  ρχμρετσρ  πεςενεξξοκ-υλαϊατεμεν,  ϊαλςεπμεξξοκ  ϊα
  τιπον "T", το "P" οβοϊξαώαετ ότυ  πεςενεξξυΰ  ι  εε  υλαϊατεμψξοε
  ϊξαώεξιε, τοηδα λαλ P^ οβοϊξαώαετ πεςενεξξυΰ τιπα "T", ξα λοτοςυΰ
  σσωμαετσρ "P":

    πςινεςω:

  P1^.οτεγ
  P1^.βςατ^.ςεβεξολ







                               - 20 -




                            6. χωςαφεξιρ




       χωςαφεξιρ - ότο λοξστςυλγιι, ϊαδαΰύιε πςαχιμα χωώισμεξικ δμρ
  οπςεδεμεξιρ  ϊξαώεξικ  πεςενεξξωθ  ι  πομυώεξιρ  ξοχωθ   ϊξαώεξικ
  πςινεξεξιεν δεκστχικ. οξι σοστορτ ιϊ οπεςαξδοχ, τ.ε. πεςενεξξωθ ι
  λοξσταξτ, ϊξαλοχ οπεςαγικ ι ζυξλγικ.

       πςαχιμα  λονποϊιγικ  ϊαδαΰτ  πςιοςιτετω   ϊξαλοχ   οπεςαγικ,
  ςαϊβιχαρ ιθ ξα ώετωςε  λμασσα.  ξαιχωσϋικ  πςιοςιτετ  ινεετ  ϊξαλ
  οπεςαγιι NOT, ϊατεν σμεδυΰτ ταλ ξαϊωχαενωε  ϊξαλι  οπεςαγικ  τιπα
  υνξοφεξιρ, ϊατεν - ϊξαλι οπεςαγικ τιπα σμοφεξιρ ι ξαλοξεγ - ϊξαλι
  οτξοϋεξικ.   ποσμεδοχατεμψξοστψ   οπεςαγικ   οδξοηο    πςιοςιτετα
  ισπομξρετσρ σμεχα ξαπςαχο. ότι οτξοϋεξιρ πςιοςιτετοχ  οτςαφεξω  χ
  σμεδυΰύεν σιξταλσισε:

  <νξοφιτεμψ> ::= <πεςενεξξαρ> | <λοξσταξτα βεϊ ϊξαλα> |
                  <οβςαύεξιε λ ζυξλγιι> | <νξοφεστχο>
                 (<χωςαφεξιε>) ! NOT<νξοφιτεμψ>
  <νξοφεστχο> ::= [<χωςαφεξιε> (*, <χωςαφεξιε> *) ] | [ ]
  <τεςν> ::= <νξοφιτεμψ> |
           <τεςν><ϊξαλ οπεςαγιι τιπα υνξοφεξιρ><νξοφιτεμψ>
  <πςοστοε χωςαφεξιε> ::= <τεςν> | <πςοστοε χωςαφεξιε>
                     <ϊξαλ οπεςαγιι τιπα σμοφεξιρ><τεςν> |
                     <ϊξαλ οπεςαγιι τιπα σμοφεξιρ><τεςν>
  <χωςαφεξιε> ::= <πςοστοε χωςαφεξιε> |
                <πςοστοε χωςαφεξιε><ϊξαλ οτξοϋεξιρ><πςοστοε
                 χωςαφεξιε>

       χωςαφεξιρ,  ρχμρΰύιεσρ  όμενεξτανι  νξοφεστχα,  δομφξω  βωτψ
  οδξοηο ι τοηο φε τιπα, ρχμρΰύεηοσρ τιπον βαϊω δαξξοηο  νξοφεστχα.
  "[]" οβοϊξαώαετ πυστοε νξοφεστχο.

       πςινεςω:
  νξοφιτεμι:             H
                         15
                         (H+Y+Z)
                         SIN(X+Y)
                         [λςασξ, γ, ϊεμ]
                         ^ς
  τεςνω:                 X*Y
                         I/(1-I)
                         P AND Q
                         (X<=Y) AND (Y<Z)
  πςοστωε χωςαφεξιρ:     X+Y
                         -X
                         οττεξολ1 OR οττεξολ2
                         I*J+1
  χωςαφεξιρ:             X=15
                         γ IN οττεξολ1







                               - 21 -




        6.1. οπεςαγιρ οτςιγαξιρ



       ϊξαλ οπεςαγιι "NOT", πςινεξινωκ λ οπεςαξδυ μοηιώεσλοηο τιπα,
  οβοϊξαώαετ οτςιγαξιε.



        6.2. οπεςαγιι τιπα υνξοφεξιρ



  <ϊξαλ οπεςαγιι τιπα υνξοφεξιρ>::= *|/|DIV|MOD|AND

  -----------------------------------------------------------
    ϊξαλ  ! οπεςαγιρ   !    τιπ         !     τιπ
  οπεςαγιι!            !  οπεςαξδοχ     ! ςεϊυμψτατα
  -----------------------------------------------------------
     *    ! υνξοφεξιε  ! REAL, INTEGER  ! INTEGER, εσμι οβα
          !            !                ! οπεςαξδα ινεΰτ
          !            !                ! ότοτ τιπ, REAL χ
          !            !                ! οσταμψξωθ σμυώαρθ
     *    !πεςεσεώεξιε ! μΰβοκ τιπ νξο- !
          ! νξοφεστχ   ! φεστχ T        !   T
          !            !                !
     /    ! δεμεξιε    ! REAL, INTEGER  ! REAL
          !            !                !
    DIV   ! δεμεξιε    !\               !
          ! ξαγεμο     ! !              !
          !(σ υσεώεξιεν! !              !
          !            ! !              !
    MOD   ! ξαθοφδεξιε ! ! INTEGER      ! INTEGER
          ! οστατλα    ! !              !
          ! οτ δεμεξιρ ! !              !
          ! ξαγεμο     !/               !
          !            !                !
    AND   ! λοξ'ΰξλγιρ ! BOOLEAN        ! BOOLEAN



        6.3. οπεςαγιι τιπα σμοφεξιρ




  <ϊξαλ οπεςαγιι τιπα σμοφεξιρ> ::= | + | - | OR












                               - 22 -




  ------------------------------------------------------------
      ϊξαλ   !    οπεςαγιρ  !      τιπ     !      τιπ
    οπεςαγιι !              !  οπεςαξδοχ   !  ςεϊυμψτατα
  -------------------------------------------------------------
     +       ! οβ'εδιξεξιε ! μΰβοκ τιπ     !
             ! νξοφεστχ    ! νξοφεστχα T   !  T
     +       ! σμοφεξιε    ! REAL, INTEGER ! INTEGER, εσμι
     -       ! χωώιταξιε   ! REAL, INTEGER ! οβα οπεςαξδα
             !             !               ! ινεΰτ ότοτ τιπ,
             !             !               ! REAL χ οσταμψ-
             !             !               ! ξωθ σμυώαρθ
     -       ! ςαϊξοστψ    ! μΰβοκ τιπ     !
             ! νξοφεστχ    ! νξοφεστχα T   !  T
     OR      ! διϊ'ΰξλγιρ  ! BOOLEAN       ! BOOLEAN

       ϊξαλι οπεςαγικ "-" ι "+", εσμι οξι ισπομψϊυΰτσρ  σ  οδξιν  ι
  τεν φε οπεςαξδον, οβοϊξαώαΰτ  σοοτχετστχεξξο  ιϊνεξεξιε  ϊξαλα  ι
  τοφδεστχεξξυΰ οπεςαγιΰ.



        6.4. μοηιώεσλιε οπεςαγιι σ γεμωνι ώισμανι



       βυμεχσλιε οπεςαγιι AND, OR ι NOT ινεΰτ  ςασϋιςεξξυΰ  οβμαστψ
  δεκστχιρ ι νοηυτ πςινεξρτψσρ  δμρ  γεμωθ  ώισεμ.  οπεςαγιρ  βυδετ
  χωπομξρτψσρ ξαδ 16 ςαϊςρδανι οπεςαξδοχ. ότο ςασϋιςεξιε  ποϊχομρετ
  πςοιϊχοδιτψ πςοχεςλυ  ι  υσταξοχλυ  οτδεμψξωθ  ςαϊςρδοχ  χ  γεμωθ
  πεςενεξξωθ (ξαπςινες, δμρ ςεηιστςοχ χξεϋξιθ υστςοκστχ). πςινες:

         BYTE := ORD(CH) AND 377B;



        6.5. ϊξαλι οτξοϋεξικ



  <ϊξαλ οτξοϋεξιρ> ::= | = | <> | < | <= | >= | > | IN

  ------------------------------------------------------------
  ϊξαλ οτξοϋεξιρ  !         τιπ οπεςαξδοχ     ! ςεϊυμψτατ
  ------------------------------------------------------------
    =     <>      ! μΰβοκ τιπ, λςονε τιπα     ! BOOLEAN
                  !   ζακμα                   !
    <  >  <=  >=  ! μΰβοκ σλαμρςξωκ τιπ ιμι   ! BOOLEAN
                  !   οτςεϊολ τιπα            !
        IN        ! μΰβοκ σλαμρςξωκ τιπ ιμι   ! BOOLEAN
                  !   οτςεϊολ τιπα ι σχρϊαξ-  !
                  !   ξωκ σ ξιν σοοτχετστχυΰ- !
                  !   ύικ τιπ νξοφεστχ        !

       ϊανετιν, ώτο χσε  σλαμρςξωε  τιπω  οπςεδεμρΰτ  υποςρδοώεξξωε
  νξοφεστχα ϊξαώεξικ. χ ώαστξοστι, FALCE<TRUE. ϊξαλι οτξοϋεξικ "<="
  ι ">=" νοφξο ισπομψϊοχατψ δμρ σςαχξεξιρ ϊξαώεξικ τιπα  νξοφεστχα,
  πςι ότον οξι οβοϊξαώαΰτ σοοτχετστχεξξο οτξοϋεξιρ χλμΰώεξιρ.


                               - 23 -




       ϊξαλι οτξοϋεξικ "<=", "<", ">", ">=" νοφξο ταλφε πςινεξρτψ λ
  υπαλοχαξξων νασσιχαν μιτεςξοηο τιπα; χ ότον σμυώαε οξι οβοϊξαώαΰτ
  αμζαχιτξοε οτξοϋεξιε ποςρδλα, σοοτχετστχυΰύεε ξαμιώξονυ νξοφεστχυ
  μιτες.



        6.6. υλαϊατεμι ζυξλγιι



       υλαϊατεμψ ζυξλγιι πςεδπισωχαετ οβςαύεξιε  λ  σοοτχετστχυΰύεκ
  πςογεδυςε-ζυξλγιι.  οξο  σοστοιτ  ιϊ  οβοϊξαώαΰύεηο  ότυ  ζυξλγιΰ
  ιδεξτιζιλατοςα  ι  σπισλα  ζαλτιώεσλιθ   παςανετςοχ.   παςανετςω,
  λοτοςωνι νοηυτ βωτψ πεςενεξξωε, χωςαφεξιρ, πςογεδυςω  ι  ζυξλγιι,
  ποδσταχμρΰτσρ χνεστο σοοτχετστχυΰύιθ ζοςναμψξωθ παςανετςοχ:

  <υλαϊατεμψ ζυξλγιι> ::= <ιδεξτιζιλατος ζυξλγιι> |
                    <ιδεξτιζιλατος ζυξλγιι>(<ζαλτιώεσλικ
                     παςανετς>(*, <ζαλτιώεσλικ παςανετς> *))
  <ιδεξτιζιλατος ζυξλγιι> ::= <ιδεξτιζιλατος>


       πςινεςω:

 SUM(A,100)
 SIN(X+Y)
 EOF(F)
 ORD(F^)



        6.7. αδςεσξωκ οπεςατος "@"



       χ σοσταχ δαξξοηο  ρϊωλα  πασλαμψ  χθοδιτ  υξαςξωκ  οπεςατος,
  οβοϊξαώαενωκ "@". εσμι εηο ισπομψϊοχατψ σ πεςενεξξοκ τιπα "A", το
  ςεϊυμψτατον βυδετ ϊξαώεξιε τιπα "^A" (υλαϊατεμψ ξα "A"). αδςεσξαρ
  οπεςαγιρ  νοφετ   ισπομψϊοχατψσρ   δμρ   ςαβοτω   σο   σπισλοχωνι
  στςυλτυςανι  δαξξωθ  ιμι  δμρ  πεςεδαώι  αδςεσοχ   χ   πςοηςαννω,
  ξαπισαξξωε ξα ρϊωλε ναλςοασσενβμες. ξαπςινες:

         TYPE    BLOCK=ARRAY[0..511] OF CHAR;
         VAR     BUFFER:BLOCK;
         BEGIN
                 (* ϊαπονξιτψ αδςεσ βυζεςα *)
                 ^RB.^RLOC:=@BUFFER
         END;










                               - 24 -




                            7. οπεςατοςω




       οπεςατοςω  οβοϊξαώαΰτ  αμηοςιτνιώεσλιε  δεκστχιρ.  πςο   ξιθ
  ηοχοςρτ, ώτο οξι  νοηυτ  βωτψ  χωπομξεξω.  οπεςατοςω  νοηυτ  βωτψ
  σξαβφεξω νετλοκ, λ λοτοςοκ νοηυτ οτσωματψ οπεςατοςω πεςεθοδα:

  <οπεςατος> ::= <ξεπονεώεξξωκ οπεςατος> |
                 < νετλα>:<ξεπονεώεξξωκ οπεςατος>
  <ξεπονεώεξξωκ οπεςατος> ::= <πςοστοκ οπεςατος> |
                             <στςυλτυςξωκ οπεςατος>
  <νετλα> ::= <γεμοε βεϊ ϊξαλα>



        7.1. πςοστωε οπεςατοςω



       πςοστωε οπεςατοςω - ότο οπεςατοςω, ξιλαλαρ ώαστψ λοτοςωθ  ξε
  σοδεςφιτ χ σεβε δςυηιθ οπεςατοςοχ.

  <πςοστοκ οπεςατος> ::= <οπεςατος πςισχαιχαξιρ> |
                         <οπεςατος πςογεδυςω> |
                         <οπεςατος πεςεθοδα> |
                         <πυστοκ οπεςατος>



      7.1.1. οπεςατοςω πςισχαιχαξιρ



       οπεςατος πςισχαιχαξιρ σμυφιτ δμρ  ϊανεξω  τελυύεηο  ϊξαώεξιρ
  πεςενεξξοκ ξοχων ϊξαώεξιεν, ϊαδαχαενων ξελοτοςων χωςαφεξιεν.

  <οπεςατος πςισχαιχαξιρ> ::= <πεςενεξξαρ>  :=<χωςαφεξιε> |
                     <ιδεξτιζιλατος ζυξλγιι> :=<χωςαφεξιε>

       πεςενεξξαρ (σοοτχετστχεξξο ζυξλγιρ) ι χωςαφεξιε δομφξο  βωτψ
  οδξοηο τιπα; δοπυσλαΰτσρ σμεδυΰύιε ισλμΰώεξιρ:

       1. πεςενεξξαρ ινεετ χεύεστχεξξωκ τιπ, α  χωςαφεξιε  -  γεμωκ
  ιμι εηο οτςεϊολ;

       2. τιπ  χωςαφεξιρ  ρχμρετσρ  οτςεϊλον  τιπα  σοοτχετστχυΰύεκ
  πεςενεξξοκ ιμι ξαοβοςοτ.

      πςινεςω:

  X:=T+Z
  P:=(1<=I) AND (I<100)
  I:=SQR(K)-(I*J)
  οττεξολ:=[ηομυβοκ,SUCC(γ)]



                               - 25 -




      7.1.2. οπεςατοςω πςογεδυς



       οπεςατος  πςογεδυςω   σμυφιτ   δμρ   χωπομξεξιρ   πςογεδυςω,
  οβοϊξαώεξξοκ ιδεξτιζιλατοςον πςογεδυςω. οπεςατος πςογεδυςω  νοφετ
  σοδεςφατψ σπισολ ζαλτιώεσλιθ παςανετςοχ, ποδσταχμρενωθ  ξα  νεστο
  σοοτχετστχυΰύιθ ιν ζοςναμψξωθ παςανετςοχ, οπςεδεμεξξωθ χ οπισαξιι
  πςογεδυςω. σοοτχετστχιε υσταξαχμιχαετσρ πο ποϊιγιρν παςανετςοχ  χ
  σπισλαθ ζοςναμψξωθ ι ζαλτιώεσλιθ  παςανετςοχ.  συύεστχυετ  ώετωςε
  χιδα παςανετςοχ: ταλ ξαϊωχαενωε  παςανετςω-ϊξαώεξιρ,  πεςενεξξωε,
  πςογεδυςω  (σοοτχετστχυΰύικ  ζαλτιώεσλικ  παςανετς  δομφεξ   βωτψ
  ιδεξτιζιλατοςον  πςογεδυςω)  ι   παςανετςω-ζυξλγιι   (ζαλτιώεσλιε
  παςανετςω - ιδεξτιζιλατος ζυξλγιι).

       σταξδαςτξωε πςογεδυςω ι ζυξλγιι  (οζοςνμεξξωε  χ  ρϊωλε)  ξε
  νοηυτ πεςεδαχατψσρ χ λαώεστχε παςανετςοχ. ότο  οηςαξιώεξιε  νοφξο
  οβοκτι  πυτεν  οπςεδεμεξιρ  χτοςοκ  πςογεδυςω,   λοτοςαρ   πςοστο
  χωϊωχαετ σταξδαςτξυΰ, ξαπςινες:

         FUNCTION SINE(X:REAL): REAL;
         BEGIN SINE:=SIN(X) END;

       χ σμυώαε  παςανετςοχ-ϊξαώεξικ  ζαλτιώεσλικ  παςανετς  δομφεξ
  βωτψ  χωςαφεξιεν  (χ  ώαστξοστι  πεςενεξξοκ).   εσμι   ζοςναμψξωκ
  παςανετς ρχμρετσρ μολαμψξοκ πεςενεξξοκ χωϊωχαενοκ  πςογεδυςω,  το
  τελυύεε  ϊξαώεξιε  χωςαφεξιρ  πςισχαιχαετσρ  ότοκ  πεςενεξξοκ   χ
  λαώεστχε εε ξαώαμψξοηο ϊξαώεξιρ. χ  σμυώαε  παςανετςοχ-πεςενεξξωθ
  ζαλτιώεσλιν παςανετςον δομφξα  βωτψ  πεςενεξξαρ.  σοοτχετστχυΰύικ
  ζοςναμψξωκ παςανετς πςεδσταχμρετ ότυ  ζαλτιώεσλυΰ  πεςενεξξυΰ  χο
  χσε  χςενρ  χωπομξεξιρ  δαξξοκ  πςογεδυςω.  εσμι  ότα  πεςενεξξαρ
  ρχμρετσρ λονποξεξτοκ ξελοτοςοηο νασσιχα, το εε ιξδελσ χωώισμρετσρ
  πςι χωϊοχε πςογεδυςω. παςανετς-πεςενεξξυΰ σμεδυετ ισπομψϊοχατψ χο
  χσεθ σμυώαρθ, λοηδα παςανετς σμυφιτ δμρ πςεδσταχμεξιρ  ςεϊυμψτατα
  πςογεδυςω.

  <οπεςατος πςογεδυςω>::= <ιδεξτιζιλατος πςογεδυςω> |
           <ιδεξτιζιλατος πςογεδυςω>(<ζαλτιώεσλικ παςανετς>
           (*, <ζαλτιώεσλικ παςανετς>*) )
  <ιδεξτιζιλατος πςογεδυςω>::=<ιδεξτιζιλατος>
  <ζαλτιώεσλικ παςανετς>::=<χωςαφεξιε> | <πεςενεξξαρ> |
        <ιδεξτιζιλατος πςογεδυςω> | <ιδεξτιζιλατος ζυξλγιι>

      πςινεςω:

  TRANSPOSE(A,N,M)
  BTSECT(FST,-1.0,+1.0,X)












                               - 26 -



      7.1.3. οπεςατοςω πεςεθοδα



       οπεςατος πεςεθοδα σμυφιτ δμρ  υλαϊαξιρ,  ώτο  δαμψϋε  δομφξα
  χωπομξρτψσρ  τα   ώαστψ   πςοηςαννω,   πεςεδ   λοτοςοκ   πονεύεξα
  σοοτχετστχυΰύαρ νετλα:

  <οπεςατος πεςεθοδα>::=GOTO <νετλα>

  ξα ισπομψϊοχαξιε νετολ ξαλμαδωχαΰτσρ σμεδυΰύιε οηςαξιώεξιρ:

       1) οβμαστψΰ δεκστχιρ νετλι ρχμρετσρ  οπισαξιε  πςογεδυςω,  χ
  πςεδεμαθ λοτοςοκ οξα  οπςεδεμεξα.  ταλιν  οβςαϊον,  ιϊχξε  ξεμψϊρ
  χοκτι χξυτςψ πςογεδυςω;

       2)  εσμι  οπεςατος  πεςεθοδα   πεςεδαετ   υπςαχμεξιε   χοχξε
  πςογεδυςω, το εηο νετλα  δομφξα  βωτψ  σπεγιζιγιςοχαξα  οπισαξιεν
  νετλι χ ϊαηομοχλε πςογεδυςω, χ λοτοςοκ ότα νετλα οπςεδεμεξα.



      7.1.4. πυστοκ οπεςατος



       πυστοκ οπεςατος ξιλαλ ξε οβοϊξαώαετσρ ι ξε χωϊωχαετ  ξιλαλιθ
  δεκστχικ.

               <πυστοκ οπεςατος>::=



        7.2. στςυλτυςξωε οπεςατοςω



       στςυλτυςξωε οπεςατοςω ρχμρΰτσρ λοξστςυλγιρνι,  σοσταχμεξξωνι
  ιϊ  δςυηιθ  οπεςατοςοχ,  λοτοςωε  δομφξω   βωτψ   χωπομξεξω   ιμι
  ποσμεδοχατεμψξο (σοσταχξοκ οπεςατος), ιμι ποχτοςξο (γιλμω).

  <στςυλτυςξωκ οπεςατος>::=<σοσταχξοκ οπεςατος> |
                     <υσμοχξωκ οπεςατος> | <οπεςατος γιλμα>
                     <οπεςατος ξαδ ϊαπισψΰ>
















                               - 27 -




      7.2.1. σοσταχξωε οπεςατοςω



       σοσταχξοκ οπεςατος πςεδπισωχαετ χωπομξεξιε σοσταχμρΰύιθ  εηο
  οπεςατοςοχ χ ποςρδλε ιθ ξαπισαξιρ. σινχομω BEGIN ι END  δεκστχυΰτ
  λαλ οπεςατοςξωε σλοβλι.

  <σοσταχξοκ οπεςατος>::=BEGIN<οπεςατος>(*;<οπεςατος>*)END

     πςινες:

      BEGIN Z:=X; X:=Y; Y:=Z END



      7.2.2. υσμοχξωε οπεςατοςω



       υσμοχξωκ   οπεςατος   ξαϊξαώαετ   λ   χωπομξεξιΰ   οδιξ   ιϊ
  σοσταχμρΰύιθ εηο οπεςατοςοχ:

  <υσμοχξωκ οπεςατος>::=<οπεςατος "IF">|
                             <οπεςατος "CASE">



    7.2.2.1. οπεςατος "IF"



       οπεςατος  "IF"  υλαϊωχαετ,  ώτο  ξελοτοςωκ  οπεςατος  δομφεξ
  χωπομξρτψσρ, εσμι τομψλο ξελοτοςοε υσμοχιε (μοηιώεσλοε χωςαφεξιε)
  ιστιξξο (TRUE). εσμι φε οξο ινεετ  ϊξαώεξιε  FALSE,  το  μιβο  ξε
  χωπομξρετσρ  ξιλαλοκ   οπεςατος,   μιβο   χωπομξρετσρ   οπεςατος,
  σμεδυΰύικ ϊα σινχομον ELSE:

  <οπεςατος "IF">::=IF<χωςαφεξιε>THEN<οπεςατος> |
                  IF<χωςαφεξιε>THEN<οπεςατος>ELSE<οπεςατος>

       χωςαφεξιε νεφδυ σινχομανι IF ι THEN δομφξο ινετψ  μοηιώεσλικ
  τιπ.


       π ς ι ν ε ώ α ξ ι ε.     σιξταλσιώεσλαρ     ξεοδξοϊξαώξοστψ,
  χοϊξιλαΰύαρ χ λοξστςυλγιι:

  IF <χωςαφεξιε1> THEN IF <χωςαφεξιε2> THEN <οπεςατος1>
                                       ELSE <οπεςατος2>

  ςαϊςεϋαετσρ τομλοχαξιεν ότοκ λοξστςυλγιι λαλ όλχιχαμεξτα δμρ:







                               - 28 -




  IF <χωςαφεξιε1>
  THEN BEGIN IF <χωςαφεξιε2>
             THEN<οπεςατος1>
             ELSE<οπεςατος2>
       END

     πςινεςω:

    IF X=1.5 THEN Z:=X+Y ELSE Z:=1.5
    IF P1<>NIL THEN P1:=P1^.οτεγ



    7.2.2.2. οπεςατος "CASE"



       οπεςατος "CASE" σοστοιτ ιϊ χωςαφεξιρ  (σεμελτοςα)  ι  σπισλα
  οπεςατοςοχ, λαφδωκ ιϊ  λοτοςωθ  πονεώεξ  λοξσταξτοκ  σεμελτοςξοηο
  τιπα. οπεςατος "CASE" υλαϊωχαετ, ώτο δομφεξ  βωτψ  χωπομξεξ  οδιξ
  οπεςατος: τοτ, νετλα λοτοςοηο ςαχξα τελυύενυ ϊξαώεξιΰ  σεμελτοςα.
  εσμι ξι οδξα ιϊ νετολ χ οπεςατοςε CASE ξε σοχπαδαετ σο  ϊξαώεξιεν
  "σεμελτοςξοκ"   πεςενεξξοκ,το   χωπομξρετσρ    ποσμεδοχατεμψξοστψ
  οπεςατοςοχ,  σμεδυΰύαρ  ϊα  σινχομον  ELSE.   ισπομψϊοχαξιε   ";"
  ξεδοπυστινο νεφδυ ELSE ι END χ οπεςατοςε CASE.

  <οπεςατος "CASE">::=CASE<χωςαφεξιε> OF
                <αμψτεςξατιχα> (*;<αμψτεςξατιχα>*)
               [ELSE <οπεςατος>] END
  <αμψτεςξατιχα>::=<σπισολ νετολ χωβοςα>:<οπεςατος>
  <σπισολ νετολ χωβοςα>::=<νετλα χωβοςα>(*,<νετλα χωβοςα>*)

      πςινεςω:

  CASE οπεςαγιρ OF                   CASE I OF
       πμΰσ:X:=X+Y;                         1:X:=SIN(X);
       νιξυσ:X:=X-Y;                        2:X:=COS(X);
       υνξοφ:X:=X*Y;                        3:X:=EXP(X);
 END                                        4:X:=LN(X);
                                    END

         REPEAT
                 READLN(CH);
                 CASE CH OF
                         'A':APPEND;
                         'D':DELETE;
                         'I':INSERT;
                         'N':NEWFILE;
                         'Q':;
                         ELSE
                          WRITELN('"',CH,'" IS NOT LEGAL')
                 END;
         UNTIL CH = 'Q';






                               - 29 -




      7.2.3. γιλμω



       οπεςατοςω   γιλμα   πςεδπισωχαΰτ   νξοηολςατξοε   χωπομξεξιε
  ξελοτοςωθ οπεςατοςοχ. εσμι  ώισμο  ποχτοςεξικ  ιϊχεστξο  ϊαςαξεε,
  τ.ε. δο  ξαώαμα  χωπομξεξιρ  γιλμα,  το  ποδθοδρύεκ  λοξστςυλγιεκ
  ρχμρετσρ οπεςατος "FOR"; χ οσταμψξωθ σμυώαρθ σμεδυετ ισπομψϊοχατψ
  οπεςατος "WHILE" ιμι οπεςατος "REPEAT".

  <οπεςατος γιλμα>::=<οπεςατος "WHILE"> |
                     <οπεςατος "REPEAT"> | <οπεςατος "FOR">



    7.2.3.1. οπεςατος "WHILE"



  <οπεςατος "WHILE">::=WHILE<χωςαφεξιε>DO<οπεςατος>

  χωςαφεξιε, υπςαχμρΰύεε ποχτοςεξιρνι, δομφξο ινετψ μοηιώεσλικ τιπ.
  οπεςατος  ποχτοςξο  ισπομψϊυετσρ  δο  τεθ  πος,  πολα   ϊξαώεξιεν
  χωςαφεξιρ ξε σταξετ "FALSE". εσμι  ϊξαώεξιε  χωςαφεξιρ  σ  σανοηο
  ξαώαμα "FALSE", το οπεςατος ξε χωπομξρετσρ.

       οπεςατος "WHILE":

       WHILE E DO C

  όλχιχαμεξτεξ λοξστςυλγιι:

      IF E THEN
         BEGIN C;
            WHILE E DO C
         END

      πςινεςω:

   WHILE A(I) <> X DO I:=I+1

   WHILE I>0 DO
   BEGIN IF ODD(I) THEN Z:=Z*X;
        I:=I DIV 2;
        X:=SQR(X)
   END

   WHILE NOT EOF(F) DO
   BEGIN P(F^); GET(F)
   END









                               - 30 -




    7.2.3.2. οπεςατος "REPEAT"



  <οπεςατος "REPEAT">::=
    REPEAT<οπεςατος>(*,<οπεςατος>*)UNTIL<χωςαφεξιε>

       χωςαφεξιε, υπςαχμρΰύεε ποχτοςεξιρνι, δομφξο ινετψ μοηιώεσλικ
  τιπ.  ποσμεδοχατεμψξοστψ  οπεςατοςοχ   νεφδυ   REPEAT   ι   UNTIL
  χωπομξρετσρ ποχτοςξο (ι ξε νεξεε οδξοηο ςαϊα  δο  τεθ  πος,  πολα
  ϊξαώεξιεν σοοτχετστχυΰύεηο χωςαφεξιρ ξε σταξετ TRUE.

       οπεςατος "REPEAT":

       REPEAT C UNTIL E

  όλχιχαμεξτεξ οπεςατοςυ:

    BEGIN C;
    IF NOT E THEN
        REPEAT C UNTIL E
    END

      πςινεςω:

  REPEAT K:=I MOD J;
         I:=J;
         J:=K;
  UNTIL J=0

  REPEAT P(F);GET(F)
  UNTIL EOF(F)



    7.2.3.3. οπεςατος "FOR"



       οπεςατος    "FOR"    πςεδπισωχαετ    ποχτοςξοε    χωπομξεξιε
  σοοτχετστχυΰύεηο  οπεςατοςα  πο  νεςε  πςισχαιχαξιρ   πεςενεξξοκ,
  ξαϊωχαενοκ   παςανετςον   γιλμα,   ξελοτοςοκ   ποσμεδοχατεμψξοστι
  ϊξαώεξικ.

  <οπεςατος "FOR">::=FOR<παςανετς γιλμα>:=<σπισολ γιλμα> DO
                       <οπεςατος>
  <σπισολ γιλμα>::=<πεςχοε ϊξαώεξιε>
                    TO <ποσμεδξεε ϊξαώεξιε> !
         <πεςχοε ϊξαώεξιε> DOWNTO <ποσμεδξεε ϊξαώεξιε>
  <παςανετς γιλμα>::=<ιδεξτιζιλατος>
  <πεςχοε ϊξαώεξιε>::=<χωςαφεξιε>
  <ποσμεδξεε ϊξαώεξιε>::=<χωςαφεξιε>

  παςανετςω γιλμα, πεςχοε ϊξαώεξιε ι ποσμεδξεε ϊξαώεξιε δομφξω βωτψ
  οδξοηο ι τοηο φε σλαμρςξοηο τιπα (ιμι εηο οτςεϊλα)  ι  ξε  δομφξω
  νεξρτψσρ ποχτοςρενων χ γιλμε οπεςατοςον.

       γιλμ σ παςανετςον χιδα:

                               - 31 -




         FOR V:= E1 TO E2 DO C

  όλχιχαμεξτεξ ποσμεδοχατεμψξοστι οπεςατοςοχ:

         V:=E1; C; V:=SUCC(V); C;...; V:=E2; C;

  α γιλμ σ παςανετςον χιδα:

         FOR V:=E1 DOWNTO E2 DO C

  όλχιχαμεξτεξ ποσμεδοχατεμψξοστι οπεςατοςοχ:

        V:=E1; C; V:=PRED(V); C;...; V:=E2; C;


       π ς ι ν ε ώ α ξ ι ε. ποσμεδξεε ϊξαώεξιε  παςανετςα  οσταετσρ
  ξεοπςεδεμεξξων ποσμε ϊαχεςϋεξιρ γιλμα.

      πςινεςω:

  FOR I:=2 TO 100 DO IF A[I]>MAX THEN MAX:=A(I)

  FOR I:=1 TO N DO
  FOR J:=1 TO N DO
  BEGIN X:=0;
    FOR K:=1 TO N DO X:=X+A(I,J)*B(K,J)
    C[I,J]:=X
  END

  FOR γ:=λςασξ το ηομυβοκ DO Q(γ)



    7.2.3.4. οπεςατος EXIT



       οπεςατος EXIT ισπομψϊυετσρ δμρ  χωθοδα  ιϊ  τεμα  οδξοηο  ιϊ
  ιτεςαγιοξξωθ οπεςατοςοχ (WHILE, REPEAT, FOR). ξαπςινες, ποισλ  πο
  ταβμιγε:

         FOUND := FALSE;
         FOR I := 1 TO TABLESIZE DO
                 IF TABLE[I] = KEY
                    THEN BEGIN FOUND:=TRUE; EXIT END;














                               - 32 -




      7.2.4. οπεςατος ξαδ ϊαπισρνι "WITH"



  <οπεςατος "WITH"> ::= WITH<σπισολ πεςενεξξωθ-
                                 ϊαπισεκ>
                                 DO <οπεςατος>
  <σπισολ πεςενεξξωθ-ϊαπισεκ> ::= <πεςενεξξαρ ϊαπισψ>
                                (*,<πεςενεξξαρ ϊαπισψ>*)

       χ  πςεδεμαθ  χξυτςεξξεηο  οπεςατοςα   χ   οπεςατοςε   "WITH"
  λονποξεξτω (πομρ) πεςενεξξοκ-ϊαπισι, ϊαδαξξοκ  χ  εηο  ϊαηομοχλε,
  νοηυτ οβοϊξαώατψσρ οδξιν τομψλο σχοιν ιδεξτιζιλατοςον πομρ,  τ.ε.
  βεϊ  πςεδϋεστχυΰύεηο  ιν  ξαπισαξιρ  πομξοκ  πεςενεξξοκ   ϊαπισι.
  ζαλτιώεσλι   οπεςατοςω    ξαδ    ϊαπισρνι    ςασϋιςρΰτ    οβμαστψ
  οπςεδεμεξξοστι ιδεξτιζιλατοςοχ πομρ  ϊαδαξξοκ  πεςενεξξοκ-ϊαπισι,
  ταλ ώτο ιδεξτιζιλατοςω πομρ νοηυτ χωστυπατψ,  λαλ  ιδεξτιζιλατοςω
  πεςενεξξωθ.

       πςινες:

  WITH DATA DO
  IF MEC = 12 THEN
  BEGIN MEC := 1; ηοδ := ηοδ +1
  END
  ELSE MEC := MEC + 1

       ότοτ οπεςατος όλχιχαμεξτεξ ταλονυ:

  IF DATA.MEC = 12 THEN
  BEGIN DATA.MEC := 1; DATA.ηοδ:=DATA.ηοδ +1
  END
  ELSE DATA.MEC:= DATA.MEC + 1

       χ οπεςατοςαθ ξαδ ϊαπισρνι ξε δομφξο σοδεςφατψσρ πςισχαιχαξικ
  ξιλαλοκ σοσταχμρΰύεκ σπισλα πεςενεξξωθ ϊαπισεκ.

       οπεςατος "WITH" νοφετ ινετψ υςοχεξψ χμοφεξξοστι ξε  χωϋε  4.
  εσμι σμοφξωε χωςαφεξιρ ισπομψϊυΰτσρ χξυτςι  ότοηο  οπεςατοςα,  το
  υςοχεξψ χμοφεξξοστι νοφετ βωτψ ξε βομεε 2 ιμι 3.



















                               - 33 -




                        8. οπισαξιε πςογεδυς




       ξαϊξαώεξιε οπισαξικ πςογεδυς - οπςεδεμιτψ ώαστι πςοηςαννω  ι
  σχρϊατψ σ ξινι ιδεξτιζιλατοςω, σ τεν ώτοβω ότι ώαστι  νοημι  βωτψ
  αλτιχιςοχαξω οπεςατοςανι πςογεδυς. οπισαξιε πςογεδυςω σοστοιτ  ιϊ
  σμεδυΰύιθ ώαστεκ, μΰβαρ  ιϊ  λοτοςωθ,  ϊα  ισλμΰώεξιεν  πεςχοκ  ι
  ποσμεδξεκ, νοφετ βωτψ πυστοκ:

  <οπισαξιε πςογεδυςω>::=<ϊαηομοχολ πςογεδυςω>
                       <ςαϊδεμ οπισαξικ νετολ>/
                       <ςαϊδεμ οπςεδεμεξικ λοξσταξτ>/
                       <ςαϊδεμ οπςεδεμεξικ τιποχ>/
                       <ςαϊδεμ οπισαξικ πεςενεξξωθ>/
                       <ςαϊδεμ οπισαξικ πςογεδυς ι ζυξλγικ>/
                       <ςαϊδεμ οπεςατοςοχ>

       ϊαηομοχολ   πςογεδυςω   ϊαδαετ   ιδεξτιζιλατος,    ινεξυΰύικ
  πςογεδυςυ,  ι  ιδεξτιζιλατοςω  ζοςναμψξωθ  παςανετςοχ  (εσμι  οξι
  εστψ). παςανετςανι νοηυτ  βωτψ  παςανετςω-πεςενεξξωε,  -ϊξαώεξιρ,
  -πςογεδυςω ιμι παςανετςω-ζυξλγιι.

  <ϊαηομοχολ πςογεδυςω>::=PROCEDURE<ιδεξτιζιλατος>;|
    PROCEDURE<ιδεξτιζιλατος>(<σελγιρ ζοςναμψξωθ παςανετςοχ>
              (*;<σελγιρ ζοςναμψξωθ παςανετςοχ*));
  <σελγιρ ζοςναμψξωθ παςανετςοχ>::=<ηςυππα παςανετςοχ>|
           VAR <ηςυππα παςανετςοχ>|
           FUNCTION <ηςυππα παςανετςοχ> |
           PROCEDURE <ιδεξτιζιλατος> (*;<ιδεξτιζιλατος>*)
  <ηςυππα παςανετςοχ>::=
             <ιδεξτιζιλατος>(*,<ιδεξτιζιλατος>*)
             :<ιδεξτιζιλατος τιπα>

       ηςυππω   παςανετςοχ   βεϊ   πςεδϋεστχυΰύεηο    σπεγιζιλατοςα
  σώιταΰτσρ παςανετςανι-ϊξαώεξιρνι.

       ςαϊδεμ   οπισαξικ    νετολ    σπεγιζιγιςυετ    χσε    νετλι,
  μολαμιϊοχαξξωε χ δαξξοκ πςογεδυςε:

  <ςαϊδεμ οπισαξικ νετολ>::=<πυστο>|
                    LABEL <νετλα> (*,<νετλα>*);

  <ςαϊδεμ οπςεδεμεξικ λοξσταξτ>::=<πυστο>|
                             CONST<οπςεδεμεξιε λοξσταξτω>
                             (*;<οπςεδεμεξιε λοξσταξτω>*);

  <ςαϊδεμ οπςεδεμεξικ τιποχ>::=<πυστο>|
            TYPE<οπςεδεμεξιε τιπα>(*;<οπςεδεμεξιε τιπα>*);

  <ςαϊδεμ οπισαξικ πεςενεξξωθ>::= <πυστο>|
       VAR<οπισαξιε πεςενεξξοκ> (*;<οπισαξιε πεςενεξξοκ>*);

  <ςαϊδεμ οπισαξικ πςογεδυς ι ζυξλγικ>::=
                      (*<οπισαξιε πςογεδυςω ιμι ζυξλγιι>;*)
  <οπισαξιε πςογεδυςω ιμι ζυξλγιι>::=<οπισαξιε πςογεδυςω>|
                                     <οπισαξιε ζυξλγιι>

                               - 34 -




       ςαϊδεμ οπεςατοςοχ ϊαδαετ αμηοςιτνιώεσλιε  δεκστχιρ,  λοτοςωε
  δομφξω βωτψ χωπομξεξω  ποσμε  οβςαύεξιρ  λ  πςογεδυςε  σ  πονούψΰ
  οπεςατοςα πςογεδυςω:

  <ςαϊδεμ οπεςατοςοχ>::=<σοσταχξοκ οπεςατος>

       χσε   ιδεξτιζιλατοςω,   χχεδεξξωε   χ   ςαϊδεμε   ζοςναμψξωθ
  παςανετςοχ, ςαϊδεμε οπςεδεμεξικ λοξσταξτ, τιποχ, ςαϊδεμε οπισαξικ
  πεςενεξξωθ ι πςογεδυς ιμι ζυξλγικ,  μολαμψξω  χ  δαξξον  οπισαξιι
  πςογεδυςω,  λοτοςοε  ξαϊωχαετσρ  οβμαστψΰ   οπςεδεμεξξοστι   ότιθ
  ιδεξτιζιλατοςοχ.   οξι   ξε   δοστυπξω    χξε    σχοεκ    οβμαστι
  οπςεδεμεξξοστι. ϊξαώεξιρ μολαμψξωθ πεςενεξξωθ χ  νονεξτ  χθοδα  χ
  τεμο  ξε  οπςεδεμεξω.   ισπομψϊοχαξιε   χ   τεμε   πςογεδυςω   εε
  σοβστχεξξοηο  ινεξι  ποδςαϊυνεχαετ  ςελυςσιχξοε  χωπομξεξιε  ότοκ
  πςογεδυςω.

       σιξταλσιώεσλι χμοφεξξοστψ πςογεδυς ξε νοφετ βωτψ  βομεε  10.
  πςι χωπομξεξιι ξα χμοφεξξοστψ ξε  ξαλμαδωχαετσρ  οηςαξιώεξικ,  ξο
  βομψϋαρ χμοφεξξοστψ πςι ςελυςσιι νοφετ  πςιχεστι  λ  ισώεςπωχαξιΰ
  ςαβοώεκ πανρτι.

       πςινεςω οπισαξικ πςογεδυς:

  PROCEDURE BISECT(FUNCTION F:REAL; A,B:REAL; VAR Z:REAL);
    VAR M :REAL;
   BEGIN (* πςεδπομαηαετσρ ώτο F(A)<0 ι F(B)>0 *)
   WHILE ABS(A-B) > 1E-10*ABS(A) DO
   BEGIN M := (A+B)/2.0;
          IF F(M)<0 THEN A := M ELSE B :=  M
   END;
   Z:=M
   END

       πςογεδυςα  (ζυξλγιρ)  νοφετ  βωτψ  χωϊχαξα  ςαξψϋε,ώεν   οξα
  οπςεδεμεξα,  εσμι  εστψ  σσωμλα  "χπεςεδ"   -   FORWARD.   σπισολ
  παςανετςοχ ι τιπ ολοξώατεμψξοηο ςεϊυμψτατα ϊαπισωχαετσρ τομψλο  χ
  FORWARD σσωμλε, ξαπςινες:

  PROCEDURE Q(X:T); FORWARD;
  PROCEDURE P(Y:T);
     BEGIN Q(Y) END;
  PROCEDURE Q;  (*παςανετςω ξε ποχτοςρΰτσρ*)
     BEGIN P(X) END;
  BEGIN P(A);Q(B)
  END.














                               - 35 -




        8.1. σταξδαςτξωε πςογεδυςω



       πςεδπομαηαετσρ, ώτο σταξδαςτωε πςογεδυςω ϊαςαξεε  οπισαξω  χ
  μΰβοκ  ςεαμιϊαγιι   ρϊωλα   πασλαμψ.   μΰβαρ   ςεαμιϊαγιρ   νοφετ
  δοπομξιτεμψξο  χχοδιτψ   ταλιε   ϊαςαξεε   οπισαξξωε   πςογεδυςω.
  ποσλομψλυ  οξι,  λαλ  ι  χσε  σταξδαςτξωε   χεμιώιξω,   σώιταΰτσρ
  οπισαξξωνι χ οβμαστι οπςεδεμεξξοστι, οθχατωχαΰύεκ χσΰ  πςοηςαννυ,
  ξαπισαξξυΰ ξα πασλαμε, το πορχμεξιε χ  ότοκ  πςοηςαννε  οπισαξικ,
  πεςεοπςεδεμρΰύιθ ότι ιδεξτιζιλατοςω, ξε πςιχοδιτ λ λοξζμιλταν.

       σταξδαςτξωε πςογεδυςω πεςεώισμεξω ι οβ'ρσξεξω ξιφε.



      8.1.1. πςογεδυςω ςαβοτω σ ζακμανι



  PUT(F)
         - πςισοεδιξρετ ϊξαώεξιε βυζεςξοκ  πεςενεξξοκ  F^  λ  ζακμυ
           "F". οπςεδεμεξο τομψλο χ σμυώαε, λοηδα πεςεδ ισπομξεξιεν
           ϊξαώεξιε πςεδιλατα EOF(F) εστψ  TRUE;  EOF(F)  σοθςαξρετ
           ϊξαώεξιε TRUE, ϊξαώεξιε φε F^ σταξοχιτσρ ξεοπςεδεμεξξων;

  GET(F)
         - σνεύαετ τελυύυΰ ποϊιγιΰ ζακμα (ηομοχλυ ώτεξιρ-ϊαπισι) ξα
           σμεδυΰύυΰ  λονποξεξτυ  ι   πςιπισωχαετ   ϊξαώεξιε   ότοκ
           λονποξεξτω  βυζεςξοκ  πεςενεξξοκ  F^.   εσμι   σμεδυΰύεκ
           λονποξεξτω ξε συύεστχυετ, το ϊξαώεξιεν EOF(F) σταξοχιτσρ
           TRUE, α ϊξαώεξιε  F^  ξε  οπςεδεμεξο.  ςεϊυμψτατ  GET(F)
           οπςεδεμεξ  τομψλο   τοηδα,   λοηδα   πεςεδ   ισπομξεξιεν
           σοοτχετστχυΰύεηο χωϊοχα EOF(F)=FALSE;

  RESET(F)
         - χοϊχςαύαετ  τελυύυΰ  ποϊιγιΰ  ζακμα  χ  ξαώαμο  ζακμα  ι
           πςιπισωχαετ  βυζεςξοκ  πεςενεξξοκ  F^  ϊξαώεξιε  πεςχοηο
           όμενεξτα "F". ϊξαώεξιεν EOF(F)  σταξοχιτσρ  FALSE,  εσμι
           "F" ξε πυστ; χ πςοτιχξον  σμυώαε  F^  ξε  οπςεδεμεξο,  α
           ϊξαώεξιεν EOF(F) οσταετσρ TRUE;

  REWRITE(F)
         - υξιώτοφαετ τελυύεε ϊξαώεξιε "F", ταλ ώτο νοφετ  ξαώατψσρ
           ϊαπομξεξιε ξοχοηο ζακμα; EOF(F) πςιξιναετ ϊξαώεξιε TRUE;

  BREAK(F)
         - χωϊωχαετ ξενεδμεξξωκ χωχοδ χοϊνοφξο εύε ξεπομξοηο βυζεςα
           (βμολα) χ ζακμ.  ότο  ξαδο  ισπομψϊοχατψ  πςι  ςαβοτε  σ
           τεςνιξαμον,   ξαπςινες,   δμρ   χωχοδα   ποδσλαϊλι   ιμι
           σοοβύεξιρ.  σμεδυετ  οτνετιτψ,  ώτο  δαξξωκ  πασλαμψ  ξε
           βυζεςιϊυετ ςαβοτυ σ δςακχεςανι,ο  λοτοςωθ  ιϊχεστξο  ώτο
           οξι ρχμρΰτσρ "ιξτεςαλτιχξωνι", ταλινι λαλ χωθοδξοκ  ζακμ
           πο υνομώαξιΰ .

  PAGE(F)
         - ϊασταχμρετ πςιξτες πεςεθοδιτψ ξα ξαώαμο  ξοχοκ  στςαξιγω
           πεςεδ πεώατψΰ σμεδυΰύεκ στςολι τελστοχοηο ζακμα.

                               - 36 -




       πςινες:

         VAR F:TEXT;
         BEGIN
           REWRITE(F,'TT:');
           WRITELN(F,'χχεδιτε λοναξδξυΰ στςολυ');
           BREAK(F);    (* χωχεστι δαξξωε ξα ττ: *)
         END.

  CLOSE(F)
         - πεςεσωμαετ ξα χξεϋξεε υστςοκστχο ξε δο λοξγα ϊαπομξεξξωκ
           βυζες, υστςαξρετ σχρϊψ σ χξεϋξιν  ζακμον  ι  οσχοβοφδαετ
           βυζεςξυΰ πανρτψ δμρ ισπομψϊοχαξιρ  εε  χ  δςυηιθ  γεμρθ.
           πςογεδυςω "RESET" ιμι  "REWRITE"  δομφξω  πςεδϋεστχοχατψ
           χσρλοκ ςαβοτε σ ζακμοχοκ πεςενεξξοκ.


       π ς ι ν ε ώ α ξ ι ε.   πςογεδυςα   "CLOSE"   χσεηδα   δομφξα
  ισπομψϊοχατψσρ χ λοξγε  ςαβοτω  σ  ζακμον,  σοϊδαξξων  πςοηςαννοκ
  (χωθοδξων ζακμον), ιξαώε νοφξο ποτεςρτψ  ποσμεδξικ  βυζες,λοτοςωκ
  ξε βυδετ ϊαπισαξ χ ζακμ. ϊαλςωχαξιε ζακμοχ δμρ χχοδα ξε  ρχμρετσρ
  οβρϊατεμψξων, ξο ποϊχομρετ οσχοβοδιτψ βυζεςξυΰ πανρτψ.



      8.1.2. δοπομξιτεμψξωε αςηυνεξτω δμρ "RESET" ι "REWRITE"



       χ δαξξοκ ςεαμιϊαγιι ςασϋιςεξω σταξδαςτξωε πςογεδυςω  "RESET"
  ι "REWRITE" τςενρ δοπομξιτεμψξωνι παςανετςανι δμρ υλαϊαξιρ  σχρϊι
  νεφδυ χξυτςεξξινι ζακμοχωνι  πεςενεξξωνι  ι  ζακμανι  ξα  χξεϋξιθ
  υστςοκστχαθ

  PROCEDURE RESET(F:FILE;NAME,DEFEXT:STRING;
                  VAR LEN:INTEGER)

       πςογεδυςα RESET σχρϊωχαετ ζακμοχυΰ πεςενεξξυΰ σ συύεστχυΰύιν
  χξεϋξιν ζακμον, α ταλφε υσταξαχμιχαετ υλαϊατεμψ ζακμα  ξα  πεςχωκ
  όμενεξτ  (ϊαπισψ).  "F"  χσεηδα  δομφξα  πςισυτστχοχατψ  ι   βωτψ
  ζακμοχοκ πεςενεξξοκ. ινρ ζακμα "NAME" ι  ςασϋιςεξιε  ινεξι  ζακμα
  δομφξω ινετψ τιπ " ARRAY OF CHAR ".

       ινρ  ζακμα  δομφξο   σοοτχετστχοχατψ   πςιξρτονυ   χ   οσδχλ
  σταξδαςτξονυ οβοϊξαώεξιΰ ι νοφετ χλμΰώατψ ινρ ι ξονες υστςοκστχα,
  α ταλφε τιπ ζακμα.  εσμι  χο  χτοςον  παςανετςε  οτσυτστχυετ  τιπ
  ζακμα,το πο υνομώαξιΰ βυδετ ισπομψϊοχαξ τιπ "DAT".

       πεςενεξξαρ "LEN" πομυώιτ ϊξαώεξιε, ςαχξοε  ώισμυ  βμολοχ  πο
  512 βακτ χ ζακμε, μιβο - 1, εσμι ζακμ ξε ξακδεξ. σμεδυετ  υώεστψ,
  ώτο εσμι  ότοτ  παςανετς  ξε  ισπομψϊοχαξ,  το  οτσυτστχιε  ζακμα
  πςιχεδετ λ ζαταμψξοκ οϋιβλε πςοηςαννω.


  PROCEDURE REWRITE(F:FILE; NAME,DEFEXT:STRING;
                    VAR LEN:INTEGER)

       πςογεδυςα  "REWRITE"   σοϊδαετ   ξοχωκ   ζακμ   ξα   χξεϋξεν

                               - 37 -




  υστςοκστχε. παςανετςω "NAME" ι  "DEFEXT"  ινεΰτ  το  φε  ϊξαώεξιε
  (σνωσμ), ώτο ι δμρ πςογεδυςω "RESET".  παςανετς  "LEN"  υλαϊωχαετ
  ςαϊνες σοϊδαχαενοηο ζακμα χ βμολαθ πο 512 βακτ.

       πςινες:

         VAR NAME: ARRAY[1..20] OF CHAR;
             INF,OUTF: TEXT;
             (* οπςεδεμεξο χ σιστενε λαλ "FILE OF CHAR *)
             LEN: INTEGER;
         BEGIN
             (* σχρϊατψ OUTF σ υστςοκστχον πεώατι *)
             REWRITE(OUTF,'LP:');
             REPEAT
                 WRITE('FILENAME: ');
                 (* ϊαπςοσιτψ ινρ ζακμα σ τεςνιξαμα *)
                 READLN(NAME);
                 (*σχρϊατψ INF σ συύεστχυΰύιν ζακμον *)
                 RESET(INF,NAME,'PAS',LEN)
             (* ποχτοςρτψ πολα ζακμ ξε βυδετ οτλςωτ *)
             UNTIL LEN<>-1;
         END.



      8.1.3. πςογεδυςα διξανιώεσλοηο ςαϊνεύεξιρ



  NEW(P)
         - ςαϊνεύαετ ξοχυΰ πεςενεξξυΰ V ι πςιπισωχαετ σσωμλυ  ξα  V
           πεςενεξξοκ-υλαϊατεμΰ P;

  DISPOSE(P)
         - οσχοβοφδαετ πανρτψ,ϊαξιναενυΰ πεςενεξξοκ P^;

       εσμι τιπ V - ότο τιπ ϊαπισι σ χαςιαξτανι, το χ χωϊοχαθ "NEW"
  ι  "DISPOSE"  χωδεμρετσρ  ι  οσχοβοφδαετσρ  ναλσιναμψξαρ  οβμαστψ
  πανρτι, ξεοβθοδιναρ δμρ ϊαπισι.

  NEW(P,T1,...,TN)
         - νοφετ  βωτψ  ισπομψϊοχαξ  δμρ   ςαϊνεύεξιρ   λοξλςετξοηο
           χαςιαξτα (χ σμυώαε ϊαπισι σ  χαςιαξτανι)  σο  ϊξαώεξιρνι
           πομρ πςιϊξαλα T1,...,TH. ότο ξε οϊξαώαετ ξαϊξαώεξιρ πομρ
           πςιϊξαλα.

  DISPOSE(P,T1,...,TN)
         - οσχοβοφδαετ  πανρτψ,ϊαξιναενυΰ   χαςιαξτον   ϊαπισι   σο
           ϊξαώεξιρνι  πομρ  πςιϊξαλα  T1,...,TN.   χεμιώιξα   πομρ
           πςιϊξαλα   δομφξα   βωτψ    ιδεξτιώξα    τοκ,    λοτοςαρ
           ισπομψϊοχαμασψ δμρ ςαϊνεύεξιρ πεςενεξξοκ.








                               - 38 -




      8.1.4. ζακμω πςρνοηο δοστυπα



       πςεδμαηαεναρ   ςεαμιϊαγιρ   πασλαμρ    σοδεςφιτ    ξεσλομψλο
  οπςεδεμεξικ  πςογεδυς,  λοτοςωε   ποσμε   τςαξσμργιι   χνεστε   σ
  πςοηςαννοκ  οβεσπεώιχαΰτ  πςρνοκ  δοστυπ  λ  όμενεξταν   ζακμοχοκ
  πεςενεξξοκ.

   PROCEDURE SEEK(VAR F:RANFIL; VAR DATA:USERTYPE;
                  N:INTEGER)

       πςογεδυςα  "SEEK"  χοϊχςαύαετ  N-ωκ  όμενεξτ  ζακμα  "F"   χ
  πεςενεξξοκ "DATA". υσταξαχμιχαετσρ EOF(F), εσμι υλαϊαξξωκ όμενεξτ
  ξε συύεστχυετ.

   PROCEDURE DEPOSIT(VAR F:RANFIL; VAR DATA:UERTYPE;
                     H:INTEGER)

       πςογεδυςα "DEPOSIT" ϊαξοσιτ  ϊξαώεξιε  πεςενεξξοκ  "DATA"  χ
  ζακμ "F" χ λαώεστχε N-οηο όμενεξτα  (ϊαπισι).  πςι  ξεοβθοδινοστι
  ζακμ ςασϋιςρετσρ.

   PROCEDURE CLOSERANDOMFILE(VAR F:RANFIL)

       δαξξαρ πςογεδυςα δομφξα ισπομψϊοχατψσρ  δμρ  ϊαλςωτιρ  ζακμα
  πςρνοηο δοστυπα (χνεστο "CLOSE").

    TYPE USERTYPE=ARRAY[0..255] OF INTEGER;

    TYPF RANFIL=FILE OF USERTYPE;

       ζακμ F οτλςωχαετσρ πςογεδυςοκ RESET,α  σοϊδαετσρ  πςογεδυςοκ
  REWRITE. πςι σοϊδαξιι ζακμα  ξεοβθοδινο  ϊαπισατψ  θοτρ  βω  οδιξ
  όμενεξτ.



        8.2. πςογεδυςω χχοδα/χωχοδα



       σταξδαςτξωκ  πασλαμψ  σοδεςφιτ  οπςεδεμεξιρ  δχυθ   ζακμοχωθ
  πεςενεξξωθ  "INPUT"  ι  "OUTPUT",  λοτοςωε  ρχμρΰτσρ  ζακμανι  πο
  υνομώαξιΰ δμρ "READ" ι "WRITE".  ποότονυ  "READ(I)"  όλχιχαμεξτξο
  "READ(INPUT,I)".  χ  πασλαμε,ςεαμιϊοχαξξον  δμρ  δχλ,  πεςενεξξωε
  "INPUT" ι "OUTPUT" πςεδχαςιτεμψξο ξε οπςεδεμεξω. χ λαώεστχε ζακμα
  πο υνομώαξιΰ ισπομψϊυετσρ τεςνιξαμ δμρ πςογεδυς "READ" ι "WRITE".











                               - 39 -




      8.2.1. πςογεδυςα READ



       δμρ  πςογεδυςω   READ   δεκστχυΰτ   σμεδυΰύιε   οβοϊξαώεξιρ:
  F-τελστοχωκ ζακμ;V1,...,VN-παςανετςω πςογεδυςω.

       σταξδαςτξαρ  πςογεδυςα  READ  δοπυσλαετ  πςοιϊχομψξοε  ώισμο
  παςανετςοχ,ταλ ώτο:

  READ(F,V1,...,VN) οϊξαώαετ READ(F,V1);...;READ(F,VN)

  παςανετςω νοηυτ βωτψ μιτεςξοηο,γεμοηο,χεύεστχεξξοηο τιπα  ι  τιπα
  νασσιχ.χ πεςχον σμυώαε σώιτωχαετσρ τομψλο οώεςεδξαρ μιτεςα,χ δχυθ
  σμεδυΰύιθ-  σώιτωχαετσρ  ποσμεδοχατεμψξοστψ  μιτες,πςεδσταχμρΰύιθ
  σοβοκ γεμοε ιμι χεύεστχεξξοε ώισμο χ σοοτχετστχιι  σ  σιξταλσισον
  ρϊωλα πασλαμψ (ποσμεδοχατεμψξωε ώισμα δομφξω οτδεμρτψσρ πςοβεμανι
  ιμι σινχομανι  λοξγα  στςολ).  χ  ποσμεδξεν  σμυώαε  ϊξαλι  βυδυτ
  σώιτωχατψσρ, ξαώιξαρ σ τελυύεηο πομοφεξιρ υλαϊατεμρ χ ζακμε, πολα
  ξε χστςετιτσρ πςοβεμ, ϊαπρταρ ιμι λοξεγ στςολι. πςι  ότον  στςολα
  βυδετ χωςαχξεξα σμεχα ι δοπομξεξα πςοβεμανι (εσμι  στςολα  νεξψϋε
  νασσιχα), ιμι υσεώεξα σπςαχα (εσμι στςολα βομψϋε νασσιχα).



      8.2.2. πςογεδυςα READLN



       σταξδαςτξαρ πςογεδυςα READLN  πςοπυσλαετ  χο  χθοδξον  ζακμε
  σινχομω δο τεθ πος,πολα ξε χστςετιτσρ λοξεγ στςολι.

     READLN(F) ςαβοταετ ταλφε λαλ:
      WHILE NOT EOLN(F) DO GET(F);
      GET(F)

  READLN(F,V1,...,VN) οϊξαώαετ READ(F,V1,...,VN);READLN(F)



      8.2.3. πςογεδυςα WRITE



       δμρ  πςογεδυςω  WRITE   δεκστχυΰτ   σμεδυΰύιε   οβοϊξαώεξιρ:
  F-τελστοχωκ  ζακμ;  P1,...,PN-παςανετςω  πςογεδυςω;  E-χωςαφεξιε;
  M,N-χωςαφεξιρ τιπα INTEGER (ζοςνατω χωχοδα).

       σταξδαςτξαρ πςογεδυςα  WRITE  δοπυσλαετ  πςοιϊχομψξοε  ώισμο
  παςανετςοχ,ταλ ώτο:

  WRITE(F,P1,...,PN) οϊξαώαετ WRITE(F,P1);...;WRITE(F,PN)

  λαφδωκ παςανετς πςιξιναετ οδξυ ιϊ σμεδυΰύιθ ζοςν:

       E      E:M      E:M:N

  E  νοφετ  βωτψ  μιτεςξοηο,γεμοηο,χεύεστχεξξοηο  ιμι   μοηιώεσλοηο

                               - 40 -




  τιπα,μιβο    τιπα    νασσιχ.     ϊξαώεξιρ     πςεοβςαϊυΰτσρ     χ
  ποσμεδοχατεμψξοστψ  ιϊ  M  μιτες.  εσμι  χεμιώιξα  E  δμρ  σχοεηο
  πςεδσταχμεξιρ  τςεβυετ  νεξψϋε  σινχομοχ,ώεν   M,το   δοβαχμρΰτσρ
  πςοβεμω,ταλ ώτο χωχοδιτσρ τοώξο M  σινχομοχ.  εσμι  M  νεξψϋε,ώεν
  ξεοβθοδινο  δμρ  χωχοδα  χεμιώιξω   E,   το   χωχοδιτσρ   στομψλο
  σινχομοχ,σλομψλο τςεβυετ E δμρ σχοεηο  πςεδσταχμεξιρ  (M  χ  ότον
  σμυώαε ιηξοςιςυετσρ). N  πςινεξινο  τομψλο  λ  παςανετςαν,ινεΰύιν
  χεύεστχεξξοε  ϊξαώεξιε  ι  ϊαδαετ  ώισμο  γιζς,πεώαταενωθ   ποσμε
  δεσρτιώξοκ τοώλι. εσμι N οπυύεξο,το ώισμο πεώαταετσρ  χ  ζοςνε  σ
  πμαχαΰύεκ τοώλοκ. εσμι M οπυύεξο,το πο υνομώαξιΰ δμρ ςαϊξωθ τιποχ
  ξαϊξαώαΰτσρ σμεδυΰύιε ϊξαώεξιρ M:

        μιτεςξωκ     ----  1
        γεμωκ        ---- 13
        χεύεστχεξξωκ ---- 13
        μοηιώεσλικ   ----  6

       πςογεδυςα "WRITE" βυδετ χωχοδιτψ γεμωε ώισμα χ  χοσψνεςιώξον
  χιδε, εσμι χωςαφεξιε  δμρ  ζοςνατα  χωχοδα  βυδετ  οτςιγατεμψξων,
  ξαπςινες:

         (* χωχεστι "I" χ χοσψν.χιδε - 5 ϊξαλοχ *)
         WRITE(I:-5);

    πςινες:

     πυστψ K=135, N=4, X=72.83, B=TRUE, C='A', τοηδα
     WRITE(K+K:N,X:12,X:6:1,'  A',C,B)
 χωχοδιτ ποσμεδοχατεμψξοστψ μιτες
  270 7.2830E+01  72.8  AA  TRUE



      8.2.4. πςογεδυςα WRITELN



       σταξδαςτξαρ πςογεδυςα WRITELN(F) ισπομψϊυετσρ,ώτοβω ολοξώιτψ
  χωθοδξυΰ στςολυ ι ξαώατψ ξοχυΰ. οξα δοβαχμρετ ναςλες λοξγα στςολι
  λ ζακμυ F.

   WRITELN(F,P1,...,PN) οϊξαώαετ WRITE(F,P1,...,PN);WRITELN(F)

       ινρ  ζακμα  χ  πςογεδυςαθ  READ,READLN,WRITE,WRITELN   νοφξο
  οπυστιτψ.πο υνομώαξιΰ χ λαώεστχε ζακμα ισπομψϊυετσρ τεςνιξαμ.














                               - 41 -




      8.2.5. χχοδ/χωχοδ σ τεςνιξαμα



       σταξδαςτξωκ πασλαμψ τςεβυετ, ώτοβω πεςχωκ όμενεξτ ζακμα  βωμ
  πομυώεξ  χ  πςοηςαννε  ξεποσςεδστχεξξο  ποσμε  ςαβοτω   πςογεδυςω
  "RESET"   (βυζεςξαρ   πεςενεξξαρ   F^   πομυώαετ   ότο   ϊξαώεξιε
  ξενεδμεξξο). ότο πςιχοδιτ λ σμοφξοστρν,  εσμι  χ  λαώεστχε  ζακμα
  ισπομψϊυετσρ τεςνιξαμ. ξαπςινες, εσμι χθοδξοκ ζακμ  πο  υνομώαξιΰ
  ρχμρετσρ τεςνιξαμον, το σταξδαςτ τςεβυετ χχοδα πεςχοηο ϊξαλα  ιμι
  στςολι πεςεδ ϊαπυσλον πςοηςαννω ξα χωπομξεξιε.

       χ δαξξοκ ςεαμιϊαγιι πασλαμρ ισπομψϊυετσρ  σμεδυΰύεε  ςεϋεξιε
  ότοκ  πςοβμενω.   λοηδα   χωπομξρετσρ   πςογεδυςα   "RESET"   δμρ
  ιξτεςαλτιχξοηο  τεςνιξαμα,  το   βυζεςξαρ   πεςενεξξαρ   πομυώαετ
  ϊξαώεξιε πςοβεμα ι "EOLN". πςι ότον ςεαμψξοκ  οπεςαγιι  χχοδα  ξε
  πςοισθοδιτ. λαφδωκ σμεδυΰύικ ϊαπςοσ "READ" ποσμε ότοηο δοφιδαετσρ
  τςεβυενωθ δαξξωθ.

       ότο ποϊχομρετ ςεϋιτψ βομψϋιξστχο  ιϊ  πςοβμεν  σ  τεςνιξαμον
  υδοχμετχοςιτεμψξων  οβςαϊον,  ξο  σμεδυετ   ποξινατψ,   ώτο   ότο
  ποςοφδαετ ξελοτοςωε δςυηιε τςυδξοστι, ξαπςινες:

         VAR LINE: ARRAY[1..72] OF CHAR;
             COUNT: INTEGER;
         BEGIN
             COUNT:=0;
             WHILE NOT EOLN DO BEGIN
                 COUNT:=COUNT+1;
                 READ(LINE[COUNT])
                 END;
             READLN
         END.

       χ πςιχεδεξξον πςινεςε  πολαϊωχαετσρ  σταξδαςτξαρ  σθενα  δμρ
  ώτεξιρ στςολι ϊξαλοχ σ τεςνιξαμα. λοηδα ότοτ σποσοβ πςινεξρετσρ λ
  ιξτεςαλτιχξονυ ζακμυ, το  ξεχοϊνοφξο  οτμιώιτψ  πυστυΰ  στςολυ  ι
  στςολυ, σοδεςφαύυΰ οδιξ πςοβεμ. ότο σχρϊαξο σ τεν, ώτο "EOLN"  ξε
  νοφετ βωτψ υσταξοχμεξ, πολα ξε χστςετιτσρ ϊξαλ λοξγα  στςολι  δμρ
  ϊαχεςϋεξιρ ϊαπςοσα "READ".



        8.3. λοξεγ ζακμα



       χ οσδχλ ζακμ πςεδσταχμρετσρ  ποσμεδοχατεμψξοστψΰ  βμολοχ  πο
  512 βακτ λαφδωκ. πςι ότον χ λοξγε ζακμα οτσυτστχυετ πςιϊξαλ λοξγα
  ζακμα. ποότονυ ζυξλγιρ "EOF" ξε  χσεηδα  οβεσπεώιχαετ  πςαχιμψξυΰ
  ιξδιλαγιΰ λοξγα  ζακμα.  ςεϋιτψ  ότυ  πςοβμενυ  νοφξο,  ισπομψϊυρ
  σώετώιλ  ϊαπισεκ  χ  ζακμε  ιμι  πυτεν  ισπομψϊοχαξιρ  σινχομψξοκ
  ϊαπισι, λοτοςαρ βυδετ χωστυπατψ χ λαώεστχε πςιϊξαλα λοξγα.

       δαξξαρ πςοβμενα ξε οτξοσιτσρ λ τελστοχων ζακμαν,  λοτοςωε  χ
  λαώεστχε πςιϊξαλα λοξγα ισπομψϊυΰτ ϊξαλ <CTRL/Z>.



                               - 42 -




                        9. οπισαξιρ ζυξλγικ




       οπισαξιρ ζυξλγικ σμυφατ δμρ  οπςεδεμεξιρ  ώαστεκ  πςοηςαννω,
  χωώισμρΰύιθ σλαμρςξοε  ιμι  υλαϊατεμψξοε  ϊξαώεξιε.  οβςαύεξιε  λ
  ζυξλγιι οσυύεστχμρετσρ σ πονούψΰ υλαϊατεμεκ  ζυξλγιι,  ρχμρΰύιθσρ
  ώαστρνι χωςαφεξικ. οπισαξιε ζυξλγιι  σοστοιτ  ιϊ  σμεδυΰύιθ  σενι
  ώαστεκ, λαφδαρ ιϊ λοτοςωθ, ϊα  ισλμΰώεξιεν  πεςχοκ  ι  ποσμεδξεκ,
  νοφετ βωτψ πυστα.

  <οπισαξιε ζυξλγιι>::= <ϊαηομοχολ ζυξλγιι>
                      <ςαϊδεμ νετολ>/
                      <ςαϊδεμ οπςεδεμεξικ λοξσταξτ>/
                      <ςαϊδεμ οπςεδεμεξικ τιποχ>/
                      <ςαϊδεμ οπισαξικ πεςενεξξωθ>/
                      <ςαϊδεμ οπισαξικ πςογεδυς ι ζυξλγικ>/
                      <ςαϊδεμ οπεςατοςοχ>

       ϊαηομοχολ ζυξλγιι ϊαδαετ ιδεξτιζιλατος, οβοϊξαώαΰύικ  δαξξυΰ
  ζυξλγιΰ, ζοςναμψξωε παςανετςω ζυξλγιι ι εε τιπ:

  <ϊαηομοχολ ζυξλγιι>::=FUNCTION<ιδεξτιζιλατος:
                         <τιπ ςεϊυμψτατα>;|
                         FUNCTION<ιδεξτιζιλατος>
                         (<σελγιρ ζοςναμψξωθ παςανετςοχ>
                         (*;σελγιρ ζοςναμψξωθ παςανετςοχ>*)):
                        :<τιπ ςεϊυμψτατα>
  <τιπ ςεϊυμψτατα>::=<ιδεξτιζιλατος τιπα>

       τιπ ζυξλγιι δομφεξ βωτψ σλαμρςξων, οτςεϊλον τιπα  ιμι  τιπον
  υλαϊατεμρ. χ πςεδεμαθ οπισαξιρ ζυξλγιι δομφεξ σοδεςφατψσρ θοτρ βω
  οδιξ οπεςατος πςισχαιχαξιρ, πςισχαιχαΰύικ ϊξαώεξιε ιδεξτιζιλατοςυ
  ζυξλγιι. χθοφδεξιε ιδεξτιζιλατοςα ζυξλγιι χ υλαϊατεμψ  ζυξλγιι  χ
  πςεδεμαθ εε οπισαξιρ ποδςαϊυνεχαετ  ςελυςσιχξοε  ισπομξεξιε  ότοκ
  ζυξλγιι.

       χωϊοχ ζυξλγιι  νοφετ  βωτψ  ςαξψϋε  εε  οπισαξιρ,εσμι  εστψ
  FORWARD σσωμλα. (σν. π.8.)


   πςινεςω:

  FUNCTION SQRT (X : REAL) : REAL;
    VAR X0,X1 : REAL;
  BEGIN X1:=X; (*X > 1, νετοδ ξψΰτοξα*)
    REPEAT X0:=X1; X1:=(X0 + X/X0) * 0.5
    UNTIL ABS(X1 - X0) < EPS*X1;
    SQRT:=X0
  END








                               - 43 -




  FUNCTION MAX(A : VECTOR; N : INTEGER) : REAL;
         VAR X : REAL; I : INTEGER;
  BEGIN X :=A[1];
         FOR I :=2 TO N DO
         BEGIN (* X=MAX(A[1]...A[I-1]) *)
         IF X<A[I] THEN X := A[I]
         END;
         (* X = MAX(A[1]..A[N]) *)
         MAX:=X
  END

  FUNCTION στεπεξψ (X:REAL; Y:INTEGER) :REAL; (* Y>=0 *)
         VAR B,Z ; REAL;I : INTEGER;
  BEGIN B =: X; Z := 1; I := Y;
         WHILE I <> 0 DO
         BEGIN (* Z * B**I = X**Y *)
         IF ODD(I) THEN Z := Z*B;
         I := I DIV 2; B := SQR(B)
  END (* Z = X**Y *);
  στεπεξψ := Z
  END



        9.1. σταξδαςτξωε ζυξλγιι



       πςεδπομαηαετσρ, ώτο σταξδαςτξωε ζυξλγιι  ϊαςαξεε  οπισαξω  χ
  μΰβοκ ςεαμιϊαγιι ρϊωλα πασλαμψ. μΰβαρ  ςεαμιϊαγιρ  νοφετ  χχοδιτψ
  δοπομξιτεμψξο ταλιε ϊαςαξεε οπισαξξωε ζυξλγιι.

       ξιφε σμεδυετ σπισολ σταξδαςτξωθ ζυξλγικ σ πορσξεξιρνι.



      9.1.1. αςιζνετιώεσλιε ζυξλγιι



  ABS(X)
         - χωώισμρετ αβσομΰτξυΰ  χεμιώιξυ  X.  τιπ  X  δομφεξ  βωτψ
           χεύεστχεξξων ιμι γεμων, τιπ ςεϊυμψτατα σοχπαδαετ σ τιπον
           X;

  SQR(X)
         - χωώισμρετ  X  χο  2-κ  στεπεξι.  τιπ   X   δομφεξ   βωτψ
           χεύεστχεξξων ιμι γεμων, τιπ ςεϊυμψτατα σοχπαδαετ σ τιπον
           X;

  SIN(X)    \
  COS(X)    |
  EXP(X)    |      τιπ θ δομφεξ βωτψ χεύεστχεξξων
  LN(X)     |      ιμι γεμων; ςεϊυμψτατ ινεετ
  SQRT(X)   |      χεύεστχεξξωκ τιπ.
  ARCTAN(X) /



                               - 44 -




  EXP10(X)  \
            |      αξαμοηιώξο EXP(X) ι LN(X),
  LOG(X)    /      ξο πο οσξοχαξιΰ 10;



      9.1.2. πςεδιλατω



  ODD(X)
         - τιπ X δομφεξ βωτψ γεμων, ςεϊυμψτατ ςαχεξ TRUE  ,εσμι  X-
           ώισμο ξεώετξοε,τ.ε. "X MOD 2 = 1";

  EOF(F)
         - υλαϊωχαετ, ξαθοδιτσρ μι  ζακμ  "F"  χ  σοστορξιι  "λοξεγ
           ζακμα".



      9.1.3. ζυξλγιι πςεοβςαϊοχαξιρ



  TRUNC(X)
         - X δομφεξ βωτψ χεύεστχεξξοηο τιπα,  ςεϊυμψτατ  ινεετ  τιπ
           γεμωκ (INTEGER) ι πομυώαετσρ  πςι  οτβςασωχαξιι  δςοβξοκ
           ώαστι X,τ.ε. εσμι X>=0, το X-1<TRUNC(X)<=X; εσμι X<0, το
           X+1>TRUNC(X)>=X;

  ROUND(X)
         - X δομφεξ βωτψ χεύεστχεξξοηο τιπα,ςεϊυμψτατ(γεμοηο τιπα)-
           γεμοε ώισμο,βμιφακϋεε λ X, τ.ε. :  ROUND(X)=TRUNC(X+0.5)
           δμρ X>=0; ι TRUNC(X-0.5) δμρ X<0;

  ORD(X)
         - X δομφεξ βωτψ μιτεςξοηο τιπα, ςεϊυμψτατ (γεμοηο τιπα)  -
           ότο   ποςρδλοχωκ   ξονες    μιτεςω    X    χ    ϊαδαξξοκ
           ποσμεδοχατεμψξοστι  μιτες.  ςεϊυμψτατ  ORD(X)  βυδετ   χ
           διαπαϊοξε (-128..127).

  CHR(X)
         - X δομφεξ βωτψ γεμοηο τιπα, ςεϊυμψτατ (μιτεςξοηο τιπα)  -
           ότο μιτεςα, ποςρδλοχωκ ξονες λοτοςοκ ςαχεξ X.















                               - 45 -




      9.1.4. ζυξλγιρ "TIME"



       ζυξλγιρ    "TIME"    χοϊχςαύαετ    ϊξαώεξιε    τιπα    REAL,
  σοοτχετστχυΰύεε χςενεξι δξρ χ ώασαθ ποσμε πομυξοώι. τοώξοστψ ότοκ
  ζυξλγιι ξε νεξεε οδξοκ σελυξδω, ξαπςινες:

     PROCEDURE WRITETIME;
     VAR R:REAL;
             HOURS,MINUTES:INTEGER;
             AMPM: ARRAY [1..2] OF CHAR;
     BEGIN
       R:=TIME;
       HOURS:=TRUNC(TIME);
       MINUTES:=TRUNC((R-HOURS)*60.0);
       IF HOURS > 12
             THEN AMPM:='PM'
             ELSE IF (HOURS = 12) AND (MINUTES = 0)
               THEN AMPM:='M '
               ELSE AMPM:='AM';
       WRITE('AT THE TONE THE TIME WILL BE: ');
       WRITE((HOURS+11) MOD 12 + 1 :2);
       WRITE(':', MINUTES DIV 10:1,
                  MINUTES MOD 10:1, AMPM:3);
       WRITE(CHR(7));
     END.



      9.1.5. πςοώιε σταξδαςτξωε ζυξλγιι



  SUCC(X)
         - X νοφετ βωτψ μΰβοηο σλαμρςξοηο τιπα ιμι  οτςεϊλον  τιπα;
           ςεϊυμψτατ - ότο ϊξαώεξιε, σμεδυΰύεε ϊα X  (εσμι  ταλοχοε
           ινεετσρ);

  PRED(X)
         - X νοφετ βωτψ μΰβοηο σλαμρςξοηο τιπα ιμι  οτςεϊλον  τιπα,
           ςεϊυμψτατ - ότο ϊξαώεξιε,  πςεδϋεστχυΰύεε  X  (εσμι  οξο
           συύεστχυετ).
















                               - 46 -




                           10. πςοηςαννω




       πςοηςαννα ξα ρϊωλε πασλαμψ ινεετ χιδ οπισαξιρ πςογεδυςω  βεϊ
  ϊαηομοχλα.  εσμι  ϊαηομοχολ  χσε   φε   υλαϊαξ,   το   οξ   βυδετ
  ςασπεώατωχατψσρ χ  ξαώαμε  λαφδοκ  στςαξιγω  μιστιξηα  πςοηςαννω.
  μΰβοκ παςανετς χ ϊαηομοχλε πςοηςαννω ιηξοςιςυετσρ.

  <πςοηςαννα> :: = <ςαϊδεμ οπισαξικ νετολ>/
                   <ςαϊδεμ οπςεδεμεξικ λοξσταξτ>/
                   <ςαϊδεμ οπςεδεμεξικ τιποχ>/
                   <ςαϊδεμ οπισαξικ πεςενεξξωθ>/
                   <ςαϊδεμ οπισαξικ πεςενεξξωθ ι
                           ζυξλγικ>/
                   <ςαϊδεμ οπεςατοςοχ>
       σελγιρ   οπισαξικ  νοφετ  πορχμρτψσρ ξ εσλομψλο ςαϊ χ τελστε 
  πςοηςαννω,  ξο  ισπομψϊοχατψ  ινεξα (ιδεξτιζιλατοςω) νοφξο τομψλο 
  ποσμε  τοηο,  λαλ  οξι  οπισαξω.  συύεστχυετ  ξεσλομψλο  σποσοβοχ 
  ισπομψϊοχατψ δαξξυΰ χοϊνοφξοστψ.
  ξαπςινες, ινετψ  ζακμω  σ  οτδεμψξωνι νοδυμρνι. πεςεδ τςαξσμργιεκ 
  ότι  ζακμω  νοηυτ  οβ'εδιξρτψσρ  χνεστε  σ  οσξοχξοκ  πςοηςαννοκ. 
  δςυηινι  σμοχανι,  οβεσπεώιχαΰτσρ  πςοστεκϋιε  σςεδστχα  ςαβοτω σ 
  βιβμιοτελοκ νοδυμεκ πασλαμρ χ ισθοδξον χιδε.

       πςινες:

  ζακμ:
         (* οπςεδεμεξιε ηςαζιώεσλοηο νοδυμρ *)
         VAR ... (* ημοβαμψξωε πεςενεξξωε ζυξλγικ *)
         PROCEDURE (* οπισαξιε ηςαζιώεσλιθ ζυξλγικ *)
         PROCEDURE ...
         (* λοξεγ ηςαζιώεσλοηο νοδυμρ *)
  ζακμ:
         (* ζακμ οσξοχξοκ πςοηςαννω *)
         VAR ... (* ημοβαμψξωε πεςενεξξωε *)
         BEGIN (* τελστ πςοηςαννω *) END.



       10.1. ισπομψϊοχαξιε ναλςοασσενβμεςα



       πασλαμψ,ςεαμιϊοχαξξωκ δμρ δχλ, δαετ χοϊνοφξοστψ  χλμΰώατψ  χ
  μΰβοε   νεστο   πςοηςαννω   οτδεμψξωε    ζςαηνεξτω    ξα    ρϊωλε
  ναλςοασσενβμες. ώαστι πςοηςαννω, ξαπισαξξωε  ξα  ναλςοασσενβμεςε,
  νοηυτ ισπομψϊοχατψ πεςενεξξωε ιϊ πςοηςαννω ξα ρϊωλε πασλαμψ, θοτρ
  δμρ ότοηο  τςεβυετσρ  ξελοτοςοε  ποξιναξιε  πςογεσσα  οςηαξιϊαγιι
  χωπομξεξιρ. δμρ χλμΰώεξιρ ζςαηνεξτα  ξα  ασσενβμεςε  ισπομψϊυετσρ
  σπεγιαμψξωκ χιδ λοννεξταςιεχ, ξαπςινες:







                               - 47 -




         PROCEDURE EMTTRAP (N:INTEGER);
         BEGIN
           (*$C                  ;ξαώαμο ζςαηνεξτα ξα ναλςο
                 MOV N(SP),-(SP) ;παςανετς "N" -> χ στελ
                 EMT 53          ;χωϊχατψ δισπετώες EMT
           *)
         END     (* EMTTRAP*)

       πςι  ισπομψϊοχαξιι  ναλςοασσενβμεςα  σμεδυετ  πονξιτψ,   ώτο
  οσξοχαξιεν σώισμεξιρ ώισμοχωθ λοξσταξτ πο υνομώαξιΰ ρχμρετσρ  10,
  α ξε 8.



       10.2. χξεϋξιε ι ζοςτςαξοχσλιε ποδπςοηςαννω (πςογεδυςω)



       δαξξωκ πασλαμψ δοπυσλαετ ισπομψϊοχαξιε "χξεϋξιθ" πςογεδυς  ι
  ζυξλγικ, λοτοςωε τςαξσμιςυΰτσρ οτδεμψξο  οτ  οσξοχξοκ  πςοηςαννω.
  ότο ποϊχομρετ ισπομψϊοχατψ βιβμιοτελι νοδυμεκ. οβ'ρχμεξιε χξεϋξεκ
  πςογεδυςω    οσυύεστχμρετσρ    λμΰώεχων    σμοχον     "EXTERNAL".
  ισπομψϊοχαξιε  λμΰώεχοηο  σμοχα  "FORTRAN"  πςιχεδετ   λ   χωϊοχυ
  ποδπςοηςαννω χ σοοτχετστχιι σ σοημαϋεξιρνι ισπομξρΰύεκ σιστενω  σ
  ρϊωλα ζοςτςαξ/οσδχλ. σμεδυετ οτνετιτψ, ώτο πεςεδαώα παςανετςοχ  χ
  ποδπςοηςαννυ ξα ρϊωλε ζοςτςαξ οσυύεστχμρετσρ πο σσωμλε, α  ξε  πο
  ϊξαώεξιΰ, τ.ε. χσε  παςανετςω  δομφξω  βωτψ  οβ'ρχμεξω,  λαλ  VAR
  (πεςενεξξωε).

       πςινεςω:

         PROCEDURE ERASE; EXTERNAL
         FUNCTION DIFFERENSE(VAR X,Y:REAL):REAL; FORTRAN;

                                                                                                                                                                                                                                                                                                                                                                                                                                                         