














                                  
                                  

                                  

                                  
                              πασλαμψ

                                  

                      ςυλοχοδστχο πςοηςαννιστα



                              μιστοχ 45






























                               1982 Η.




                               - 2 -








                            1. αξξοταγιρ



       χ δαξξον δολυνεξτε σοδεςφιτσρ οβύαρ ιξζοςναγιρ,  ξεοβθοδιναρ
  πςοηςαννιστυ δμρ ςαβοτω σ ρϊωλον πασλαμψ χ  οπεςαγιοξξοκ  σιστενε
  οσδχλ.
















































                               - 3 -








                             σοδεςφαξιε



  1.   αξξοταγιρ   .............................................  2


  2.  ξαϊξαώεξιε ι υσμοχιρ πςινεξεξιρ...........................  5


  3.  σοϊδαξιε ισθοδξοηο ζακμα ξα πασλαμε.......................  7


  4.  τςαξσμργιρ πςοηςαννω ξα ρϊωλε πασλαμψ.....................  7

  4.1.   λμΰώ "D"...............................................  8
  4.2.   λμΰώ "E"...............................................  8
  4.3.   λμΰώ "F"...............................................  8
  4.4.   λμΰώ "L"...............................................  9
  4.5.   λμΰώ "N"...............................................  9
  4.6.   λμΰώ "S"...............................................  9
  4.7.   ισπομψϊοχαξιε λμΰώεκ χ τελστε πςοηςαννω................  9
  4.8.   λμΰώ "A"............................................... 10
  4.9.   λμΰώ "T"............................................... 10
  4.10.  λμΰώ "C"............................................... 10
  4.11.  μιστιξη πςοηςαννω...................................... 11
  4.12.  διαηξοστιλα οϋιβολ τςαξσμργιι.......................... 12

  5.  τςαξσμργιρ πςοηςαννω ναλςοασσενβμεςον..................... 18


  6.  λονποξοχλα πςοηςαννω ξα ρϊωλε πασλαμψ..................... 19


  7.  ϊαπυσλ ι χωπομξεξιε πςοηςαννω............................. 20


  8.  σοοβύεξιρ................................................. 20


  9.  τςαξσμργιρ χξεϋξιθ πςογεδυς............................... 22


  10. οσοβεξξοστι χωπομξεξιρ πςοηςαννω ξα ρϊωλε πασλαμψ......... 24


  11. πςοηςαννα IMP............................................. 26

  11.1.  χωϊοχ ι ϊαηςυϊλα....................................... 26
  11.2.  σοοβύεξιρ πςοηςαννω IMP................................ 27

  12. πςοηςαννα FORM............................................ 28

  12.1.  χωϊοχ ι ϊαηςυϊλα....................................... 28

                               - 4 -




  12.2.  σοοβύεξιρ πςοηςαννω FORM............................... 29

  13. σςεδστχα οτμαδλι πςοηςανν................................. 30

  13.1.  τοώλα οσταξοχα (;B).................................... 32
  13.2.  ϊαπυσλ (;G) ι πςοδομφεξιε (;P) πςοηςαννω............... 33
  13.3.  ποϋαηοχωκ ςεφιν χωπομξεξιρ (;S)........................ 33
  13.4.  τςασσιςοχλα χωπομξρενωθ οπεςατοςοχ (;T)................ 34
  13.5.  τςασσιςοχλα χωπομξρενωθ πςογεδυς (;C).................. 35
  13.6.  σμεφεξιε ϊα πεςενεξξοκ (;B)............................ 36
  13.7.  ςασπεώατλα σοδεςφινοηο πεςενεξξωθ...................... 37
  13.8.  ιϊνεξεξιε σοδεςφινοηο πεςενεξξωθ....................... 39
  13.9.  ςασπεώατλα σπισλα ινεξ πεςενεξξωθ...................... 39
  13.10. ςασπεώατλα σπισλα χωϊχαξξωθ πςογεδυς................... 41
  13.11. ςασπεώατλα ποσμεδξιθ χωπομξεξξωθ οπεςατοςοχ............ 41

  14.  λοξτςομψξο-δενοξστςαγιοξξαρ ϊαδαώα....................... 42


  πςιμοφεξιε  1. σπισολ λοναξδ οτμαδώιλα.......................  44







































                               - 5 -




                 2. ξαϊξαώεξιε ι υσμοχιρ πςινεξεξιρ




       σιστενα  πςοηςαννιςοχαξιρ  πασλαμψ  χλμΰώεξα  χ  οσδχλ   δμρ
  ςασϋιςεξιρ λμασσα  ϊαδαώ,  ςεϋαενωθ  οπεςαγιοξξοκ  σιστενοκ.  ότο
  σχρϊαξο σ  τεν,  ώτο  ρϊωλ  πασλαμψ  υδοβεξ  λαλ  δμρ  χωπομξεξιρ
  ςαϊμιώξωθ χωώισμεξικ, ταλ ι δμρ οβςαβοτλι ξεώισμοχοκ  ιξζοςναγιι,
  χλμΰώαρ όλοξονιώεσλιε ϊαδαώι, ςαβοτυ σο σπισλανι ι τ.δ.

       χ σοσταχ σιστενω πςοηςαννιςοχαξιρ  χθοδρτ  υδοβξωε  σςεδστχα
  οτμαδλι πςοηςανν χ  διαμοηοχον  ςεφινε.  δοπυσλαετσρ  χοϊνοφξοστψ
  χεδεξιρ βιβμιοτελ πςοηςανν, α ταλφε ισπομψϊοχαξιε χ πςοηςανναθ ξα
  πασλαμε ποδπςοηςανν, ξαπισαξξωθ ξα ναλςοασσενβμεςε ι ζοςτςαξε.

       δμρ ςαβοτω σ ρϊωλον πασλαμψ  χ  οπεςαγιοξξοκ  σιστενε  οσδχλ
  ςελονεξδυετσρ, ώτοβω χ σοσταχε λονπμελσα  ξαθοδιμοσψ  οπεςατιχξοε
  ϊαπονιξαΰύεε υστςοκστχο (πανρτψ)  ενλοστψΰ  ξε  νεξεε  16λ  σμοχ.
  σιστενα πασλαμψ χλμΰώαετ σμεδυΰύιε ζακμω:


  PASCAL.SAV
         - λονπιμρτος σ ρϊωλα πασλαμψ ξα ναλςοασσενβμες;

  PASCAL.OBJ
         - ισπομξρΰύαρ σιστενα, ισπομψϊυΰύαρ τομψλο  βαϊοχωκ  ξαβος
           ιξστςυλγικ γεξτςαμψξοηο πςογεσσοςα;

  IMP.SAV
         - πςοηςαννα οβεσπεώιχαετ ξελοτοςυΰ οπτινιϊαγιΰ  τελστα  ξα
           ναλςοασσενβμεςε,  πομυώεξξοηο  χ  ςεϊυμψτατε   οβςαβοτλι
           πςιλμαδξοκ πςοηςαννω τςαξσμρτοςον πασλαμρ.

  FORM.SAV
         - πςοηςαννα  οβεσπεώιχαετ  χωπομξεξιε  δχυθ  ζυξλγικ.  οξα
           οσυύεστχμρετ ζοςνατιςοχαξιε ισθοδξοηο τελστα  πςιλμαδξοκ
           πςοηςαννω  ξα  πασλαμε  δμρ   υδοβστχα   χοσπςιρτιρ   εε
           στςυλτυςω  ι  πςοχοδιτ   αξαμιϊ   λοςςελτξοστι   βμοώξοκ
           στςυλτυςω πςοηςαννω. χ  δοπομξεξιε  λ  ότονυ  οξα  νοφετ
           σοϊδαχατψ μιστιξη ταβμιγω πεςελςεστξωθ σσωμολ πεςενεξξωθ
           ι πςογεδυς (ζυξλγικ).

  RANIO.OBJ
         - ποδπςοηςαννα  δμρ   χωπομξεξιρ   οπεςαγικ   χχοδα/χωχοδα
           πςρνοηο δοστυπα.

  BIO.PAS
         - τελστ λοξτςομψξο-δενοξστςαγιοξξοκ ϊαδαώι.

       δοπομξιτεμψξο λ πεςεώισμεξξων,ξεοβθοδινω ζακμω  MACRO.SAV  ι
  LINK.SAV.

       σοϊδαξιε ι χωπομξεξιε πςοηςαννω ξα ρϊωλε πασλαμψ νοφετ  βωτψ
  χωπομξεξο σ πονούψΰ σμεδυΰύιθ ϋαηοχ:

         - σοϊδαξιε ισθοδξοηο ζακμα σ τελστον  πςοηςαννω  ξα  ρϊωλε
           πασλαμψ;

                               - 6 -




         - τςαξσμργιρ πςοηςαννω ξα ρϊωλ ναλςοασσενβμες;

         - τςαξσμργιρ  πομυώεξξοηο  τελστα  ξα  ναλςοασσενβμεςε   χ
           οβ'ελτξωκ λοδ;

         - λονποξοχλα  οδξοηο  νοδυμρ  (ιμι  ξεσλομψλιθ)  χνεστε  σ
           νοδυμρνι ισπομξρΰύεκ σιστενω πασλαμψ χ πςοηςαννυ ζοςνατα
           ϊαηςυϊλι;

         - ϊαπυσλ ι χωπομξεξιε πομυώεξξοκ πςοηςαννω.

       πςοτολομ πςινεςα δεκστχικ, πεςεώισμεξξωθ χωϋε,  νοφετ  ινετψ
  σμεδυΰύικ χιδ:

         .R EDIT
         *EBDEMO.PAS$$
           ...             ! σοϊδαξιε ζακμα σ τελστον
           ...             ! πςοηςαννω
         $EX$$
         .R PASCAL
         *DEMO=DEMO
         .R MACRO
         *DEMO=DEMO
         *^C
         .R LINK
         *DEMO=DEMO,PASCAL ! ιμι DEMO=DEMO,SY:PASCPL , εσμι
                           ! PASCAL.OBJ ξαθοδιτσρ ξα SY:,α ξε ξα DK:
         *^C
         .RUN DEMO
           ...             ! χωπομξεξιε πομυώεξξοκ πςοηςαννω

       χ σμεδυΰύιθ ςαϊδεμαθ δολυνεξτα πςιχεδεξξωε  πςογεδυςω  βυδυτ
  οπισαξω βομεε ποδςοβξο.


























                               - 7 -




              3. σοϊδαξιε ισθοδξοηο ζακμα ξα πασλαμε.




       ισθοδξωκ ζακμ σ τελστον πςοηςαννω ξα ρϊωλε πασλαμψ  ρχμρετσρ
  οβωώξων  τελστοχων  ζακμον  χ  σνωσμε  σιστενω  οσδχλ.   σοϊδαξιε
  ισθοδξοηο  ζακμα  νοφετ  βωτψ  χωπομξεξο   μΰβων   ιϊ   σιστενξωθ
  ςεδαλτοςοχ οσδχλ.

       οπεςατος  ρϊωλα  πασλαμψ  νοφετ  ςαϊνεύατψσρ  ξα  ξεσλομψλιθ
  στςολαθ. ξεσλομψλο οπεςατοςοχ νοηυτ ςαϊνεύατψσρ ξα οδξοκ  στςολε.
  πςοβεμω ι ϊξαλι ταβυμργιι  <TAB>  νοηυτ  ισπομψϊοχατψσρ  χ  μΰβον
  νεστε ι  μΰβον  λομιώεστχε  δμρ  υμυώϋεξιρ  χοσπςιρτιρ  αμηοςιτνα
  πςοηςαννω (εε ξαημρδξοστι), α ταλφε ι δμρ γεμι χωδεμεξιρ  βμοώξοκ
  στςυλτυςω πςοηςαννω. λονπιμρτος σ ρϊωλα πασλαμψ ιηξοςιςυετ  ϊξαλι
  πςοβεμοχ ι ταβυμργιι,  λοτοςωε  ισπομψϊυΰτσρ  δμρ  ζοςνατιςοχαξιρ
  πςοηςαννω.

       δμρ χωδεμεξιρ  (ςαϊδεμεξιρ)  οτδεμψξωθ  στςαξιγ  χ  μιστιξηε
  πςοηςαννω νοηυτ ισπομψϊοχατψσρ ϊξαλι <FF> (αξαμοηιώξο  πςοηςανναν
  ξα ναλςοασσενβμεςε).




             4. τςαξσμργιρ πςοηςαννω ξα ρϊωλε πασλαμψ.




       λονπιμρτος πασλαμψ ισπομψϊυετ  τελστ  πςοηςαννω  χ  λαώεστχε
  χθοδξοηο ζακμα. χο χςενρ ςαβοτω λονπιμρτος σοϊδαετ ζακμ σ τελστον
  πςοηςαννω  ξα  ρϊωλε  ναλςοασσενβμες.   δοπομξιτεμψξο   λ   ότονυ
  χωθοδξονυ ζακμυ νοφετ σοϊδαχατψσρ  (ξο  ξε  οβρϊατεμψξο)  ζακμ  σ
  μιστιξηον, ξαπςινες:

         .R PASCAL
         *PROG,PROG=PROG

  πςιχοδιτ  λ  τςαξσμργιι  πςοηςαννω  ξα  ρϊωλε  πασλαμψ  ιϊ  ζακμα
  PROG.PAS ι σοϊδαξιΰ ζακμα PROG.MAC σ τελστον ξα ναλςοασσενβμεςε ι
  ζακμα PROG.LST σ μιστιξηον.

       χ λοναξδξοκ στςολε λονπιμρτοςα νοφξο  ρχξο  υλαϊωχατψ  ινεξα
  υστςοκστχ ι λμΰώι, υπςαχμρΰύιε τςαξσμργιεκ, ξαπςινες:

         .R PASCAL
         *PROG,LP:/N=PROG

  χωϊοχετ τςαξσμργιΰ πςοηςαννω PROG.PAS σ πομυώεξιεν ζακμα PROG.MAC
  ι μιστιξηα ξα υστςοκστχε πεώατι (LP:).  μιστιξη  βυδετ  σοδεςφατψ
  τομψλο στςολι  πςοηςαννω,  σοδεςφαύιε  οϋιβλι  ι  διαηξοστιώεσλιε
  σοοβύεξιρ (υλαϊωχαετσρ λμΰώον "N").

       εσμι  μιστιξη  χοοβύε  πομυώατψ   ξε   ξυφξο,   το   σμεδυετ
  ισπομψϊοχατψ, ξαπςινες, σμεδυΰύυΰ λοναξδυ:


                               - 8 -




         .R PASCAL
         *PROG=PROG

       σ πονούψΰ λμΰώεκ,  ισπομψϊυενωθ  χ  λοναξδξοκ  στςολε  ι/ιμι
  τελστε πςοηςαννω, νοφξο υπςαχμρτψ πςογεσσον τςαξσμργιι.


       π ς ι ν ε ώ α ξ ι ε. ξελοτοςωε  λμΰώι  νοηυτ  ισπομψϊοχατψσρ
  τομψλο χ τελστε πςοηςαννω.



        4.1. λμΰώ "D"



       ισπομψϊοχαξιε  δαξξοηο  λμΰώα   πςιχοδιτ   λ   χλμΰώεξιΰ   χ
  τςαξσμιςυενυΰ πςοηςαννυ ιξζοςναγιι δμρ οτμαδώιλα. ότα  ιξζοςναγιρ
  σοδεςφιτ ινεξα πεςενεξξωθ ι πςογεδυς, α ταλφε ξονεςα  οπεςατοςοχ.
  χ δοπομξεξιε λ ότονυ χ πςογεσσε  λονποξοχλι  χ  σοσταχ  πςοηςαννω
  βυδετ αχτονατιώεσλι χλμΰώεξ οτμαδώιλ  ιϊ  βιβμιοτελι  ισπομξρΰύεκ
  σιστενω πασλαμψ.

       ισπομψϊοχαξιε δαξξοηο λμΰώα σ λμΰώον "S" ποϊχομιτ  οτμαδώιλυ
  υσταξοχιτψ σοοτχετστχιε ξονεςοχ  οπεςατοςοχ  ι  ισθοδξοηο  τελστα
  πςοηςαννω  ιϊ  μιστιξηα.  ποότονυ  χ  ότον  σμυώαε  ξυφξο  χσεηδα
  σοϊδαχατψ ζακμ σ μιστιξηον  πςοηςαννω  (σν.  ςαϊδεμ  σ  οπισαξιεν
  πςογεδυς οτμαδλι).



        4.2. λμΰώ "E"



       λμΰώ ισπομψϊυετσρ  δμρ  τοηο,  ώτοβω  οπςεδεμεξιε  πςογεδυςω
  ποσμε τςαξσμργιι σταμο χξεϋξιν. πςογεδυςω ι  ζυξλγιι,  λοτοςωε  χ
  τεμε πςοηςαννω οπισαξω  λαλ  ημοβαμψξωε,  δομφξω  τςαξσμιςοχατψσρ
  οτδεμψξο οτ οσξοχξοκ πςοηςαννω ι σ ισπομψϊοχαξιεν λμΰώα "E", τ.ε.
  λαλ χξεϋξιε. πεςχωε  6  σινχομοχ  (ϊξαλοχ)  ινεξι  πςογεδυςω  ιμι
  ζυξλγιι  ισπομψϊυΰτσρ  δμρ  οπςεδεμεξιρ  χ  λαώεστχε  ημοβαμψξοηο
  σινχομα τοώλι χθοδα (νετλυ) δμρ σοοτχετστχυΰύεκ ποδπςοηςαννω.



        4.3. λμΰώ "F"



       ισπομψϊοχαξιε  ότοηο  λμΰώα  ποϊχομρετ  υσλοςιτψ  χωπομξεξιε
  δεκστχικ ξαδ οπεςαξδανι τιπα REAL, τ.ε.  αςιζνετιώεσλιε  οπεςαγιι
  ξαδ ώισμανι χ ζοςνατε σ πμαχαΰύεκ ϊαπρτοκ. ότα οπτινιϊαγιρ  νοφετ
  ισπομψϊοχατψσρ δμρ πςογεσσοςοχ βεϊ  πμαχαΰύεκ  ϊαπρτοκ  (δμρ  όχν
  τιπα  όμελτςοξιλα  60,όμελτςοξιλα  NC  80-01  D)  οπτινιϊαγιρ  πο
  σλοςοστι χωπομξεξιρ οσυύεστχμρετσρ ϊα σώετ ηεξεςαγιι λονπιμρτοςον
  σοοτχετστχυΰύιθ χωϊοχοχ ποδπςοηςανν. χ τον σμυώαε, εσμι λμΰώ  "F"
  ξε ισπομψϊυετσρ, το λονπιμρτος ηεξεςιςυετ ναϋιξξωε ιξστςυλγιι δμρ
  ςαβοτω  σ  πμαχαΰύεκ  ϊαπρτοκ,   α   πςι   χωπομξεξιι   πςοηςαννω

                               - 9 -




  ισπομξρΰύαρ   σιστενα   οσυύεστχμρετ    ιθ    όνυμργιΰ.    χςενρ,
  ϊατςαώιχαενοε ξα  όνυμργιΰ,  βομψϋε,  ώεν  χωπομξεξιε  ιξστςυλγικ
  οβςαύεξιρ λ ποδπςοηςανναν.

       οδξαλο ισπομψϊοχαξιε λμΰώα "F" πςιχοδιτ λ υχεμιώεξιΰ ςαϊνεςα
  πςοηςαννω χ οπεςατιχξοκ πανρτι.



        4.4. λμΰώ "L"



       δαξξωκ λμΰώ  ςαϊςεϋαετ  πομξυΰ  ςασπεώατλυ  μιστιξηα  τελστα
  πςοηςαννω ξα ρϊωλε πασλαμψ. οξ νοφετ ισπομψϊοχατψσρ  χ  λοναξδξοκ
  στςολε ι ισθοδξον ζακμε (σν. λμΰώ "N") δμρ  χλμΰώεξιρ  χ  μιστιξη
  τελστα πςοηςαννω.



        4.5. λμΰώ "N"



       δαξξωκ λμΰώ ϊαπςεύαετ ςασπεώατλυ ισθοδξοηο τελστα  πςοηςαννω
  (οπεςατοςοχ)  χ  ζακμ   μιστιξηα   ϊα   ισλμΰώεξιεν   στςολ   (ι,
  σοοτχετστχεξξο, οπεςατοςοχ), σοδεςφαύιθ οϋιβλι.



        4.6. λμΰώ "S"



       ότοτ λμΰώ πςιχοδιτ λ χλμΰώεξιΰ χ  ηεξεςιςυενωκ  λονπιμρτοςον
  τελστ ξα ναλςοασσενβμεςε οπεςατοςοχ ισθοδξοηο  ρϊωλα  χ  λαώεστχε
  λοννεξταςιεχ. ισπομψϊοχαξιε δαξξοηο λμΰώα οβμεηώαετ αξαμιϊ τελστα
  πςοηςαννω ξα ναλςοασσενβμεςε.

       λμΰώ "S" ξεσλομψλο νοδιζιγιςυετ δεκστχιε λμΰώα "D", λαλ βωμο
  οπισαξο χωϋε.



        4.7. ισπομψϊοχαξιε λμΰώεκ χ τελστε πςοηςαννω



       χσε λμΰώι, ςασσνοτςεξξωε χωϋε, δοπυσλαΰτ ισπομψϊοχαξιε ιθ  χ
  τελστε πςοηςαννω. ότο οσυύεστχμρετσρ ισπομψϊοχαξιεν  λοννεξταςιεχ
  σπεγιαμψξοηο χιδα. πεςχων ϊξαλον  λοννεξταςιρ  δομφεξ  βωτψ  "$".
  σμεδυΰύικ ϊξαλ  δομφεξ  σοχπαδατψ  σ  σινχομιώεσλιν  οβοϊξαώεξιεν
  λμΰώα,  ξαπςινες,  "(*$S*)"  πςιχοδιτ  λ  χλμΰώεξιΰ  χ  τελστ  ξα
  ναλςοασσενβμεςε ισθοδξωθ οπεςατοςοχ χ λαώεστχε λοννεξταςιεχ.

       ϊα νξενοξιλοκ λμΰώα νοφετ ισπομψϊοχατψσρ ϊξαλ "+"  ιμι  "-".
  ότι ϊξαλι πςεδξαϊξαώεξω δμρ "χλμΰώεξιρ" δεκστχιρ  λμΰώα  (+)  ιμι
  "χωλμΰώεξιρ" (-), τ.ε. οτνεξω εηο δεκστχιρ.

                               - 10 - 




       λμΰώι "A", "T" ι  "C"  νοηυτ  ισπομψϊοχατψσρ  τομψλο  χξυτςι
  τελστα πςοηςαννω, ι ξε νοηυτ πςινεξρτψσρ χ λοναξδξοκ στςολε.



        4.8. λμΰώ "A"



       δαξξωκ λμΰώ  οτνεξρετ  ηεξεςαγιΰ  πςοχεςολ  ξα  δοπυστινοστψ
  ϊξαώεξικ ιξδελσοχ  πςι  ςαβοτε  σ  νασσιχανι  -  (*$A-*).  οβωώξο
  λονπιμρτος  ηεξεςιςυετ  ιξστςυλγιι,  πςοχεςρΰύιε  χωθοδ  ϊξαώεξικ
  ιξδελσοχ  ϊα  δοπυστινωε   ηςαξιγω.   εσμι   ηεξεςαγιρ   πςοχεςολ
  ϊαπςεύεξα,  το  πςοηςαννα   βυδετ   ϊαξινατψ   ξεσλομψλο   νεξψϋε
  οπεςατιχξοκ πανρτι ι βυδετ χωπομξρτψσρ ξεσλομψλο βωστςεε.



        4.9. λμΰώ "T"



       λμΰώ (*$T-*)  ϊαπςεύαετ  ηεξεςαγιΰ  ιξστςυλγικ,  πςοχεςρΰύιθ
  πεςεπομξεξιε  στελα.  χσρλικ  ςαϊ  πςι  χωϊοχε   πςογεδυςω   στελ
  πςοχεςρετσρ ξα ξαμιώιε νεστα δμρ ςαϊνεύεξιρ μολαμψξωθ πεςενεξξωθ.
  οτλαϊ οτ ισπομψϊοχαξιρ  πςοχεςολ  στελα  ξεϊξαώιτεμψξο  υνεξψϋαετ
  ςαϊνες οπεςατιχξοκ πανρτι, ϊαξιναενοκ πςοηςαννοκ, ι υβωστςρετ  εε
  χωπομξεξιε.



       4.10. λμΰώ "C"



       σπεγιαμψξωκ χιδ  λοννεξταςιεχ  ποϊχομρετ  χλμΰώατψ  χ  τελστ
  πςοηςαννω ξα ρϊωλε πασλαμψ ζςαηνεξτω ξα ρϊωλε ναλςοασσενβμες. ότο
  οσυύεστχμρετσρ λμΰώον "C", ισπομψϊυενων  χ  ξαώαμε  λοννεξταςιεχ.
  λονπιμρτος πασλαμψ αξαμιϊιςυετ χθοδξωε στςολι δμρ ναλςοασσενβμεςα
  δμρ οπςεδεμεξιρ σσωμολ ξα σοοτχετστχυΰύιε παςανετςω ι πεςενεξξωε.
  ξαπςινες,  δμρ  τοηο,?w  ώτοβω  ισπομψϊοχατψ  ϊξαώεξιε   ημοβαμψξοκ
  πεςενεξξοκ "ABC", ξυφξο οβςαύατψσρ λ ξεκ σ πονούψΰ  "ABC(R5)",  α
  δμρ δοστυπα λ μολαμψξοκ πεςενεξξοκ ιμι παςανετςυ πςογεδυςω  "XYZ"
  - ισπομψϊοχατψ ϊαπισψ "XYZ(SP)":

    (*$C
         TST     ABC(R5)        ;πεςενεξξαρ ABC # 0 ?
         BNE     10$            ;δα
         MOV     XYZ(SP),R0     ;πομυώιτψ ϊξαώεξιε XYZ χ R0
         ADD     #123.,R0       ;πςιβαχιτψ 123 λ R0
         MOV     R0,@#100       ;ϊαπισατψ R0 πο αβσομΰτξονυ
                                ; αδςεσυ
  10$:   INC     XYZ(SP)        ;υχεμιώιτψ ξα 1 πεςενεξξυΰ
                                ; XYZ
    *)




                               - 11 -




       π ς ι ν ε ώ α ξ ι ε. πο υνομώαξιΰ  χο  ζςαηνεξταθ  ξα  ρϊωλε
  ναλςοασσενβμες σιστενα σώισμεξιρ δεσρτιώξαρ, α ξε χοσψνεςιώξαρ.



       4.11. μιστιξη πςοηςαννω



       μιστιξη, σοϊδαχαενωκ λονπιμρτοςον  πασλαμψ  σοδεςφιτ  πονινο
  ισθοδξοηο τελστα πςοηςαννω  4  λομοξλι  (πςινες  μιστιξηα  σν.  χ
  ςαϊδεμε, ποσχρύεξξον πςογεδυςαν οτμαδλι).

       πεςχαρ λομοξλα σοδεςφιτ ξονεςα ισθοδξωθ στςολ πςοηςαννω. ότα
  λομοξλα χ  μιστιξηε  οβοϊξαώαετσρ  λαλ  "LINE".  ξυνεςαγιρ  στςολ
  χωπομξρετσρ ποδςρδ, ξαώιξαρ σ ξονεςα 1.

       χτοςαρ  λομοξλα,  οβοϊξαώαεναρ  "STMT",  σοδεςφιτ  μολαμψξωε
  ξονεςα οπεςατοςοχ ισθοδξοκ πςοηςαννω ι ισπομψϊυετσρ  πςι  οτμαδλε
  πςοηςανν. σμεδυετ οτνετιτψ, ώτο οδιξ οπεςατος  νοφετ  ςαϊνεύατψσρ
  ξα ξεσλομψλιθ στςολαθ. σ  δςυηοκ  στοςοξω,  ξεσλομψλο  οπεςατοςοχ
  νοηυτ ςαϊνεύατψσρ ξα οδξοκ  στςολε.  ποότονυ  χ  λομοξλε  ξονεςοχ
  οπεςατοςοχ ϊξαώεξιρ νοηυτ χοϊςαστατψ βομεε ώεν ξα 1 πςι  πεςεθοδε
  οτ οδξοκ στςολι λ δςυηοκ.

       τςετψρ λομοξλα σοδεςφιτ ξονεςα υςοχξεκ χμοφεξξοστι πςογεδυς.
  ότα ιξζοςναγιρ πομεϊξα δμρ αξαμιϊα "δοστυπξοστι" πεςενεξξωθ χ τεθ
  ιμι   ιξωθ   πςογεδυςαθ,   ποσλομψλυ   πεςενεξξωε,    οβ'ρχμεξξωε
  (οπςεδεμεξξωε) ξα οδξον υςοχξε, νοηυτ βωτψ  δοστυπξω  ξα  τον  φε
  υςοχξε ι  ξα  υςοχξρθ,  ξονεςα  λοτοςωθ  χωϋε  δαξξοηο.  οσξοχξαρ
  πςοηςαννα ξαθοδιτσρ  ξα  1-ον  υςοχξε  χμοφεξξοστι.  πςογεδυςω  ι
  ζυξλγιι, οπςεδεμεξξωε χ πςοηςαννε, σώιταΰτσρ ινεΰύινι υςοχεξψ  2.
  χ πςογεδυςε υςοχξρ 2 νοφετ, ξαπςινες,  βωτψ  οπςεδεμεξα  ζυξλγιρ,
  λοτοςαρ βυδετ ινετψ υφε υςοχεξψ  χμοφεξξοστι  3.  δαξξαρ  ζυξλγιρ
  σώιταετσρ  μολαμψξοκ  ι  ξε  νοφετ  βωτψ  δοστυπξοκ  ιϊ  οσξοχξοκ
  πςοηςαννω, τ.ε. ιϊ υςοχξρ 1.

       χ τςετψεκ  λομοξλε  οτνεώαετσρ  υςοχεξψ  χμοφεξξοστι  βμολοχ
  οπεςατοςοχ,  οηςαξιώεξξωθ  "BEGIN"  ι  "END".   δςυηινι   σμοχανι
  οπεςατοςω τιπα "BEGIN" ι "REPEAT"  πςιχοδρτ  λ  υχεμιώεξιΰ  ξα  1
  ξονεςα υςοχξρ χμοφεξξοστι,  πολα  ξε  χστςετιτσρ  σοοτχετστχυΰύικ
  "END" ιμι "UNTIL". ταλιν οβςαϊον ξονεςα υςοχξεκ χμοφεξξοστι νοηυτ
  ισπομψϊοχατψσρ  δμρ   αξαμιϊα   πςοηςαννιστον   οβύεκ   στςυλτυςω
  πςοηςαννω σ τοώλι ϊςεξιρ χμοφεξξοστι βμολοχ.















                               - 12 -



       4.12. διαηξοστιλα οϋιβολ τςαξσμργιι



       πςι οβξαςυφεξιι  οϋιβλι  χ  πςογεσσε  τςαξσμργιι  λονπιμρτος
  οτνεώαετ οϋιβοώξυΰ στςολυ ξεσλομψλινι ϊξαλανι "*" χ  μεχοκ  ώαστι
  μιστιξηα, ϊα λοτοςων  σμεδυετ  πορσξιτεμψξωκ  τελστ.  ϊξαλον  "^"
  οτνεώαετσρ το νεστο  χ  στςολε,  λοτοςοε  πςιχεμο  λ  οβξαςυφεξιΰ
  οϋιβλι.

       ηςυβωε οϋιβλι,  ξαπςινες,  χ  βμοώξοκ  στςυλτυςε  πςοηςαννω,
  νοηυτ χωϊχατψ γεμωκ ςρδ (γεποώλυ) δςυηιθ οϋιβολ.  χ  ότον  σμυώαε
  ισπςαχμεξιε  πεςχοκ  οϋιβλι  πςιχεδετ   λ   "ισώεϊξοχεξιΰ"   χσεθ
  οσταμψξωθ οϋιβολ. ισπομψϊοχαξιε λμΰώα "N" πςι  σοϊδαξιι  μιστιξηα
  πςιχεδετ λ πομυώεξιΰ χ μιστιξηε τομψλο στςολ πςοηςαννω, χ λοτοςωθ
  οβξαςυφεξω οϋιβλι, ξαπςινες:

         .R PASCAL
         *PROG,LP:/N=PROG

       οβύεε  ώισμο  οϋιβολ,  οβξαςυφεξξωθ  χο   χςενρ   τςαξσμργιι
  ςασπεώατωχαετσρ χ λοξγε μιστιξηα.  οδξοχςενεξξο  χωχοδιτσρ  οβ'εν
  οπεςατιχξοκ πανρτι, λοτοςαρ οσταμασψ  ξεισπομψϊοχαξξοκ  δο  λοξγα
  τςαξσμργιι. αξαμοηιώξαρ ιξζοςναγιρ χωχοδιτσρ ξα όλςαξε σιστενξοηο
  τεςνιξαμα.

       χοϊνοφξω σμεδυΰύιε σοοβύεξιρ οβ οϋιβλαθ:

  OVERFLOW.
         - πεςεπομξεξιε;

  MISSING END
         - πςοπυύεξο "END";

  TOO MANY SYMBOLS
         - σμιϋλον νξοηο πεςενεξξωθ ι πςογεδυς;

  TOO MANY LEVELS
         - σμιϋλον νξοηο υςοχξεκ χμοφεξξοστι πςογεδυς ι ζυξλγικ;

  TOO MANY WARNINGS
         - σμιϋλον νξοηο πςεδυπςεφδεξικ;

  INPUT LINE TOO LONG
         - δμιξξαρ χθοδξαρ στςολα;

  INVALID CHARACTER
         - ξεδοπυστινωκ ϊξαλ χστςετιμσρ ξα στςολε;

  8 OR 9 IN OCTAL CONSTANT
         - χ χοσψνεςιώξοκ λοξσταξτε οβξαςυφιμισψ γιζςω 8 ιμι 9;

  LABELS MUST BE INTEGERS
         - χ λαώεστχε νετολ  δοπυστινο  ισπομψϊοχατψ  τομψλο  γεμωε
           ώισμα;

  CONSTANT OWERFLOW
         - χ πςοηςαννε σμιϋλον νξοηο  λοξσταξτ;  χ  λονπιμρτοςε  ξε


                               - 13 -



           θχαταετ πανρτι δμρ ςαϊνεύεξιρ χσεθ λοξσταξτ;

  MISSING LABEL DEFINTION
         - οτσυτστχυετ οπςεδεμεξιε νετλι;

  UNDEFINED FORWARD PROCEDURE OR FUNCTION
         - ξεδοπυστινο ισπομψϊοχατψ πςογεδυςυ ιμι  ζυξλγιΰ  πςεφδε,
           ώεν οξι βυδυτ οπςεδεμεξω;

  BAD PROGRAM NAME
         - ξεδοπυστινοε ινρ πςοηςαννω;

  IMPROPER SYMBOT
         - ξεδοπυστινωκ σινχομ;

  MISSING BEGIN
         - πςοπυύεξο "BEGIN";

  MISSING '.' AT PROGAM END
         - χ λοξγε πςοηςαννω οτστυτσχυετ ".";

  ALL VAR DEFINTIONS PRECEED PROCEDURE DEFINTION
         - οπςεδεμεξιρ  χσεθ   πεςενεξξωθ   δομφξο   ξαθοδιτψσρ   χ
           πςοηςαννε πεςεδ οπςεδεμεξιεν πςογεδυς;

  BAD ORIGIN FOR VARIABLE
         - ξεδοπυστινοε ξαώαμψξοε ϊξαώεξιε δμρ πεςενεξξοκ;

  BAD VARIABLE LIST
         - ξεδοπυστινωκ σπισολ πεςενεξξωθ;

  BAD TYPE
         - ξεδοπυστινοε οπςεδεμεξιε τιπα;

  BAD LABEL
         - ξεπςαχιμψξαρ νετλα;

  BAD FUNCTION NAME
         - ξεδοπυστινοε ινρ δμρ ζυξλγιι;

  BAD PROCEDURE NAME
         - ξεδοπυστινοε ινρ δμρ πςογεδυςω;

  BAD FUNCTION RESULT TYPE
         - ξεδοπυστινωκ τιπ ςεϊυμψτατα ζυξλγιι;

  FORTRAN PARAM. MUST BE CALL BY REFERENCE
         - ζοςτςαξοχσλικ παςανετς  δομφεξ  χσεηδα  πεςεδαχατψσρ  πο
           σσωμλε;

  DON'T REPEAT PARAMETER LIST
         - ξε σμεδυετ υλαϊωχατψ σπισολ ζοςναμψξωθ παςανετςοχ  βομεε
           οδξοηο ςαϊα;

  ',' USED INSTEAD OF ';'
         - "," βωμα ισπομψϊοχαξα χνεστο ";";




                               - 14 -




  MISSING ')' AT END OF PARAM LIST
         - πςοπυύεξα ")" χ λοξγε σπισλα ζοςναμψξωθ παςανετςοχ;

  BAD PARAMETER
         - ξεδοπυστινωκ ζοςναμψξωκ παςανετς;

  BAD SCALAR TYPE
         - ξεδοπυστινωκ σλαμρςξωκ τιπ;

  BAD SUBRANGE
         - ξεδοπυστινοε υλαϊαξιε ιξτεςχαμα;

  BAD TYPE SPECIFICATION
         - ξεδοπυστινοε οπςεδεμεξιε (υλαϊαξιε) τιπα;

  ARRAY INDEX TYPE ERROR
         - οϋιβλα χ ϊαδαξιι τιπα ιξδελσα δμρ νασσιχα;

  BAD RECORD
         - ξεδοπυστιναρ ϊαπισψ;

  BAD FIELD LIST
         - ξεδοπυστινοε οπςεδεμεξιε σπισλα πομεκ;

  FIELD LIST MUST BE IN PARENTHESES
         - σπισολ πομεκ δομφεξ υλαϊωχατψσρ χ σλοβλαθ;

  BAD VARIANT
         - ξεδοπυστινωκ χαςιαξτ;

  DUPLICATE FIELD NAME
         - ποχτοςξο ισπομψϊυετσρ ινρ δμρ πομρ ϊαπισι;

  BAD CONSTANT
         - ξεδοπυστιναρ λοξσταξτα;

  LABEL NOT DECLARED
         - ισπομψϊυετσρ ξεοπςεδεμεξξαρ νετλα;

  LABEL REDEFINTION
         - πεςεοπςεδεμεξιε νετλι ξεδοπυστινο;

  LABEL DEFINED AT WRONG LEVEL
         - οπςεδεμεξιε νετλι ξα ξεπςαχιμψξον υςοχξε;

  UNDEFINED SYMBOL
         - ξεοπςεδεμεξξωκ σινχομ;

  MISSING SEMI-COLON
         - πςοπυύεξα ";";

  INVALID DECLARATION. PROBABLY MISSING END
         - ξεδοπυτινωκ οπεςατος; χοϊνοφξο, ώτο πςοπυύεξο "END";

  INVALID SYMBOL
         - ξεδοπυστινωκ σινχομ;



                               - 15 -




  NOT IMPLEMENTED
         - δαξξαρ χοϊνοφξοστψ ξε ςεαμιϊοχαξα χ λονπιμρτοςε;

  MISSING LABEL
         - πςοπυύεξα νετλα;

  BAD 'EXIT'
         - πςοπυύεξο "EXIT";

  DUPLICATE CASE LABEL
         - ποχτοςξο ισπομψϊυετσρ νετλα χ οπεςατοςε "CASE";

  ELSE NOT LAST IN CASE STMT
         - "ELSE" ξε ξαθοδιτσρ χ λοξγε οπεςατοςα "CASE";

  MISSING END IN CASE STMT
         - πςοπυύεξο "END" χ οπεςατοςε "CASE";

  BAD CASE LABEL
         - ξεδοπυστιναρ νετλα χωβοςα χ οπεςατοςε "CASE";

  MISSING UNTIL
         - πςοπυύεξο "UNTIL";

  BAD FOR STATEMENT
         - ξεπςαχιμψξωκ ζοςνατ οπεςατοςα γιλμα "FOR";

  BAD WITH STATEMENT
         - ξεδοπυστινωκ οπεςατος "WITH";

  WITH IN REG 0
         - δμρ οπεςατοςα "WITH" ισπομψϊυετσρ ςεηιστς 0;

  TOO MANY ARGUMENTS
         - σμιϋλον νξοηο αςηυνεξτοχ;

  BAD ARGUMENT
         - ξεδοπυστινωκ αςηυνεξτ;

  TOO FEW ARGUMENTS
         - υλαϊαξο ναμο αςηυνεξτοχ;

  NEW OR DISPOSE ARG NOT POINTER TYPE
         - χ πςογεδυςαθ  "NEW"  ι  "DISPOSE"  νοφετ  ισπομψϊοχατψσρ
           τομψλο πεςενεξξαρ-υλαϊατεμψ;

  BAD READ STATEMENT
         - ξεδοπυστινωκ οπεςατος "READ";

  BAD WRITE STATEMENT
         - ξεδοπυστινωκ οπεςατος "WRITE";

  FORMAT MUST BE INTEGER TYPE
         - δμρ υλαϊαξιρ  παςανετςοχ  ζοςνατα  νοφετ  ισπομψϊοχατψσρ
           τομψλο γεμοώισμεξξωε πεςενεξξωε ιμι λοξσταξτω;

  FILE VARIABLE MISSING
         - πςοπυύεξα πεςενεξξαρ ζακμα;

                               - 16 -




  BAD FILE NAME
         - ξεδοπυστινοε ινρ ζακμα;

  ILLEGAL ASSIGNMENT
         - ξεδοπυστινοε ξαϊξαώεξιε;

  BAD EXPRESSION
         - οϋιβλα χ χωςαφεξιι;

  MISSING ')'
         - πςοπυύεξα ")";

  MISSING OPERATOR
         - πςοπυύεξ οπεςατος;

  MISSING OPERAND
         - πςοπυύεξ οπεςαξδ;

  STRANGE '[' -- BAD SET OR MISSING ARRAY DEF
         - ξεοβ'ρσξινοε πορχμεξιε "[", ώτο  νοφετ  βωτψ  σχρϊαξο  σ
           ξεδοπυστινων νξοφεστχον ιμι ξεοπςεδεμεξξων νασσιχον;

  UNDEFINED OPERAND -- ASSUMING INTEGER
         - ξεοπςεδεμεξξωκ οπεςαξδ; λονπιμρτος πςισχαιχαετ  ενυ  τιπ
           "INTEGER";

  FUNCTION ARGUMENT MISSING
         - πςοπυύεξ αςηυνεξτ ζυξλγιι;

  FUNCTION ARG MUST BE REAL OR INTEGER
         - αςηυνεξτ ζυξλγιι δομφεξ ινετψ τιπ "REAL" ιμι "INTEGER";

  ARGUMENT MUST BE INTEGER TYPE
         - αςηυνεξτ δομφεξ ινετψ τιπ "INTEGER";

  ARG MUST BE REAL
         - σμεδυετ ισπομψϊοχατψ αςηυνεξτ τιπα "REAL";

  ARG MUST BE INTEGER
         - σμεδυετ ισπομψϊοχατψ αςηυνεξτ τιπα "INTEGER";

  ARG MUST BE NON-REAL SCALAR
         - αςηυνεξτ  δομφεξ  ινετψ  σλαμρςξωκ  τιπ,  ξε  ρχμρΰύικσρ
           "REAL";

  BAD 'ABS' ARG
         - ξεδοπυστινωκ αςηυνεξτ ζυξλγιι "ABS";

  'ODD' APPLIED TO NON-INTEGER EXPRESSION
         - πςογεδυςα   "ODD"   δομφξα   ισπομψϊοχατψσρ   τομψλο   σ
           γεμοώισμεξξων  αςηυνεξτον  (πεςενεξξοκ,   χωςαφεξιεν   ι
           τ.δ.);

  BAD SET ELEMENT
         - ξεδοπυστινωκ όμενεξτ νξοφεστχα;

  MISSING FIELD VARIBLE
         - πςοπυύεξο υλαϊαξιε πομρ ϊαπισι;

                               - 17 -




  UNDEFINED POINTER BASE TYPE
         - ξεοπςεδεμεξξωκ  τιπ,  ξα  λοτοςωκ  σσωμαετσρ  πεςενεξξαρ
           υλαϊατεμψ;

  BAD INDEX TYPE
         - ξεδοπυστινωκ τιπ ιξδελσα;

  ILLEGAL OPERATOR
         - ξεδοπυστινωκ οπεςατος;

  ILLEGAL TYPE OF OPERAND
         - ξεδοπυστινωκ τιπ οπεςαξδα;

  INCOMPATIBLE ARRAYS
         - ξεσοχνεστινωε νασσιχω;

  BAD 'IN' OPERANDS
         - ξεδοπυστινωε οπεςαξδω δμρ οπεςατοςα "IN";

  OUT OF FLOATING AC'C
         - δμρ  χωπομξεξιρ  πςοηςαννω  ξε   θχαταετ   αλλυνυμρτοςοχ
           πςογεσσοςα  πμαχαΰύεκ   ϊαπρτοκ   (χστςετιμοσψ   σμοφξοε
           χωςαφεξιε);

  OUT OF REGISTERS
         - ξε   θχαταετ   ςεηιστςοχ   δμρ   χωπομξεξιρ    πςοηςαννω
           (χστςετιμασψ σμοφξαρ λοξστςυλγιρ);

  BOOLEAN EXPRESSION NEEDED
         - χ  δαξξον  νεστε   πςοηςαννω   ξεοβθοδινο   ισπομψϊοχατψ
           μοηιώεσλοε χωςαφεξιε;

  INCOMPATIBLE TYPE
         - ξεσοχνεστινωκ τιπ;

  MUST BE SIMPLE VARIABLE
         - σμεδυετ ισπομψϊοχατψ πςοστυΰ πεςενεξξυΰ;

  UNRESOLVED FORWARD TYPE REFERENSE
         - ξεοπςεδεμεξ τιπ ιϊ-ϊα σσωμολ  χπεςεδ  ξα  ξεοπςεδεμεξξωε
           τιπω δαξξωθ;

  ARRAY INDEX OUT OF RANGE
         - ιξδελσ νασσιχα χωθοδιτ ϊα ϊαδαξξωε ηςαξιγω;

  FATAL ERROR
         - ζαταμψξαρ οϋιβλα λονπιμρτοςα; χοϊνοφεξ αππαςατυςξωκ σβοκ
           ι οϋιβλα χ σανον λονπιμρτοςε;

  TOO MANY ERRORS IN THIS LINE
         - σμιϋλον νξοηο οϋιβολ χ δαξξοκ στςολε;

  EXPECTED '.' MISSING. ASSUMED WHERE INDICATED
         - δομφξα  πςισυτστχοχατψ  ".";  πολαϊαξο   ποδςαϊυνεχαενοε
           πομοφεξιε ".";

  ALL CHARACTERS IGNORED UNTIL  ...
         - χσε ϊξαλι δο "..." ιηξοςιςυΰτσρ;

                               - 18 -




  INDEX OUT OF RANGE
         - ιξδελσ χωθοδιτ ϊα δοπυστινωε ηςαξιγω.




              5. τςαξσμργιρ πςοηςαννω ναλςοασσενβμεςον




       λονπιμρτος τςαξσμιςυετ πςοηςαννω σ  ρϊωλα  πασλαμψ  ξα  ρϊωλ
  ναςοασσενβμες  (λαλ  βωμο  οπισαξο  χωϋε).  πομυώεξξαρ  πςοηςαννα
  ξυφδαετσρ χ τςαξσμργιι ναλςοασσενβμεςον δμρ πομυώεξιρ  οβ'ελτξοηο
  νοδυμρ:

       ξαπςινες:

         .R MACRO
         *PROG=PROG

       ναλςοασσενβμες νοφετ χωδαχατψ  ταλφε  μιστιξη  τςαξσμιςυενοκ
  πςοηςαννω, ξο οβωώξο οξ ξε πςεδσταχμρετ  οσοβοηο  ιξτεςεσα.  εσμι
  χσε  φε  μιστιξη  πςοηςαννω  ξα  ναλςοασσενβμεςε  ξεοβθοδιν,   το
  ςελονεξδυετσρ χωπομξρτψ τςαξσμργιΰ λονπιμρτοςον σ ρϊωλα  πασλαμψ,
  ισπομψϊυρ  λμΰώ  "S",  ώτο  πςιχοδιτ  λ  χλμΰώεξιΰ  χ  τελστ   ξα
  ναλςοασσενβμεςε   ισθοδξωθ   στςολ   ξα   πασλαμε   χ    λαώεστχε
  λοννεξταςιεχ.


       π ς ι ν ε ώ α ξ ι ε. σμεδυετ πονξιτψ, ώτο λονπιμρτος πασλαμρ
  ι ναλςοασσενβμες σοϊδαΰτ ζακμω μιστιξηα, ινεΰύιε  οδιξαλοχωκ  τιπ
  ".LST". ποότονυ ποσμεδοχατεμψξοστψ λοναξδ:

         .R PASCAL
         *PROG/S,PROG=PROG
         .R MACRO
         *PROG,PROG=PROG

  πςιχεδετ λ τονυ, ώτο ζακμ σ  μιστιξηον,  πομυώεξξωκ  λονπιμρτοςον
  πασλαμρ, βυδετ ϊανεύεξ  οδξοινεξξων  ζακμον  μιστιξηα,  σοϊδαξξων
  ναλςοασσενβμεςον.

















                               - 19 -




              6. λονποξοχλα πςοηςαννω ξα ρϊωλε πασλαμψ




       ποσμε πομυώεξιρ οβ'ελτξοηο ζακμα εηο ξεοβθοδινο σλονποξοχατψ
  σ  ισπομξρΰύεκ   σιστενοκ   πασλαμψ   ιϊ   οβ'ελτξοκ   βιβμιοτελι
  (PASCAL.OBJ)  δμρ  πομυώεξιρ  πςοηςαννω   χ   ζοςνατε   ϊαηςυϊλι,
  ξαπςινες:

         .R LINK
         *PROG=PROG,PASCAL

       βιβμιοτελα  PASCAL.OBJ  σ   ισπομξρΰύεκ   σιστενοκ   πασλαμψ
  σοδεςφιτ  ξαβος  νοδυμεκ,   λ   λοτοςων   οβςαύαετσρ   πςοηςαννα,
  πομυώεξξαρ  λονπιμρτοςον  πασλαμρ.  σιστενξωκ  λονποξοχύιλ  οσδχλ
  χλμΰώιτ χ σοσταχ πςοηςαννω ξυφξωε νοδυμι ιϊ βιβμιοτελι ι  σοϊδαστ
  πςοηςαννυ χ ζοςνατε ϊαηςυϊλι.

       χξεϋξινι  ξαϊωχαΰτσρ  πςογεδυςω,  λοτοςωε  λονπιμιςυΰτσρ   ι
  ασσενβμιςυΰτσρ οτδεμψξο οτ οσξοχξοκ πςοηςαννω. χλμΰώεξιε  χξεϋξιθ
  πςογεδυς χ λονποξυενυΰ πςοηςαννυ οσυύεστχμρετσρ  πεςεώισμεξιεν  χ
  λοναξδξοκ  στςολε  λονποξοχύιλυ  σπεγιζιλαγικ   χθοδξωθ   ζακμοχ,
  σοδεςφαύιθ  νοδυμι  χξεϋξιθ  πςογεδυς.  ξαπςινες,  εσμι   χξεϋξιε
  πςογεδυςω σοδεςφατσρ χ ζακμαθ "A", "B" ι "C", το λοναξδξαρ στςολα
  βυδετ ινετψ χιδ:

         .R LINK
         *PROG=PROG,A,B,C,PASCAL

       δοπυσλαετσρ  ςαϊνεύατψ  χξεϋξιε   πςογεδυςω   χ   οχεςμεκξωθ
  σεηνεξταθ πςοηςαννω, ξαπςινες:

         .R LINK
         *PROG=PROG,PASCAL//
         *A/O:1
         *B/O:1
         *C/O:1//

       βομεε ποδςοβξαρ ιξζοςναγιρ ο πςαχιμαθ ποστςοεξιρ  οχεςμεκξωθ
  πςοηςανν  πςιχοδιτσρ  χ  δολυνεξτε  "σιστενξωε  πςοηςαννω  οβύεηο
  ξαϊξαώεξιρ.      πςοηςαννω      LINK,LIBR,DUMP,SRCCOM.ςυλοχοδστχο
  οπεςατοςα.  υ1.20001-01  34   03-2"   πςι   οπισαξιι   σιστενξοηο
  λονποξοχύιλα "LINK".















                               - 20 -




                  7. ϊαπυσλ ι χωπομξεξιε πςοηςαννω




       ϊαπυσλ   πςοηςαννω,    ξαπισαξξοκ    ξα    ρϊωλε    πασλαμψ,
  οσυύεστχμρετσρ   οβωώξωνι   σςεδστχανι   σιστενω   οσδχλ,    τ.ε.
  ισπομψϊοχαξιεν λοναξδ νοξιτοςα "R" ιμι "RUN", λοτοςωε  οπισαξω  χ
  δολυνεξτε   "λοναξδω   νοξιτοςα.οπισαξιε   λοναξδ.    ςυλοχοδστχο
  οπεςατοςα.υ1.20001-01 34 01-2".

       ξαπςινες:

         .R PROG

       πςι ϊαηςυϊλε πςοηςαννω χοϊνοφξω οϋιβλι (σιστενξωε),  λοτοςωε
  οπισαξω χ δολυνεξτε "σοοβύεξιρ  ι  διαηξοστιλα  οϋιβολ.σπςαχοώξιλ
  οπεςατοςα.  υ1.20001-01  90  01-2".σοοβύεξιρ,   χοϊξιλαΰύιε   πςι
  χωπομξεξιι πςοηςαννω ξα ρϊωλε πασλαμψ, βυδυτ οπισαξω ξιφε.




                            8. σοοβύεξιρ




       χ δαξξον ςαϊδεμε πςεδσταχμεξω τελστω σοοβύεξικ  οβ  οϋιβλαθ,
  χοϊξιλαΰύιθ πςι χωπομξεξιι πςοηςαννω  ξα  ρϊωλε  πασλαμψ.  τελστω
  σοοβύεξικ σξαβφεξω πορσξεξιρνι πςιώιξ  οϋιβολ  ι,  σμεδοχατεμψξο,
  σποσοβανι ιθ υστςαξεξιρ.


  NO ROOM EN DEVICE OR FILE NOT FOUND
         - δαξξοε  σοοβύεξιε  σχρϊαξο  σ  οϋιβλανι  πςι  χωπομξεξιι
           πςογεδυςω RESET,  εσμι  σπεγιζιγιςοχαξξωκ  ζακμ  ξε  βωμ
           ξακδεξ,  ιμι  πςι  ςαβοτε  πςογεδυςω  REWRITE   χοϊξιλμο
           οτστυτσχιε χοϊνοφξοστι δμρ σοϊδαξιρ ξοχοηο  ζακμα,  τ.ε.
           ξετ νεστα χ λαταμοηε ξοσιτεμρ ι τ.π.

  NOT A VALID DEVICE
         - χ πςογεδυςε RESET ιμι REWRITE βωμο  υλαϊαξο  υστςοκστχο,
           δςακχες  λοτοςοηο  οτσυτστχυετ  χ   σιστενξωθ   ταβμιγαθ
           ςεϊιδεξτξοηο νοξιτοςα οσδχλ.

  END OF FILE ON DEVICE
         - δαξξαρ οϋιβλα σχρϊαξα σ χωπομξεξιεν πςογεδυςω  READ  ιμι
           GET, εσμι χ τοτ νονεξτ ϊξαώεξιε ζυξλγιι EOF βωμο TRUE.

  I/O CHANNEL NOT OPEN
         - οϋιβλα σχρϊαξα σ  χωπομξεξιεν  οπεςαγιι  χχοδα/χωχοδα  σ
           λαξαμον,   λοτοςωκ   ξε   βωμ   πςεδχαςιτεμψξο    οτλςωτ
           πςογεδυςανι RESET ιμι REWRITE.

  NOT ENOUGH AVAILABLE MEMORY
         - σοοβύεξιε  σχιδετεμψστχυετ  ο  τον,   ώτο   διξανιώεσλαρ
           οβμαστψ πανρτι ισώεςπαξα  (λαλ  πςαχιμο  πςι  χωπομξεξιι

                               - 21 -




           πςογεδυςω  NEW);  δςυηαρ  πςιώιξα  δαξξοηο  σοοβύεξιρ  -
           ξεδοστατολ πανρτι δμρ ςελυςσιχξοηο χωϊοχα πςογεδυςω.

  INTEGER ERROR
         - οϋιβλα σχρϊαξα σ χωπομξεξιεν αςιζνετιώεσλιθ  οπεςαγικ  σ
           πεςενεξξωνι τιπα INTEGER; λαλ πςαχιμο - ότο πεςεπομξεξιε
           πςι υνξοφεξιι ιμι χωπομξεξιι πςογεδυς TRUNC ιμι ROUND.

  FLOATING POINT ERROR
         - σοοβύεξιε  οβ  ότοκ  οϋιβλε   σχρϊαξο   σ   ξεπςαχιμψξων
           χωπομξεξιεν αςιζνετιώεσλοκ οπεςαγιι ξαδ πεςενεξξωνι τιπα
           REAL χ πςογεσσε χωώισμεξικ.

  LOG OF NEGATIVE
  EXP OVERFLOW
  SQRT OF NEGATIVE
         - δαξξωε  οϋιβλι  χοϊξιλαΰτ  πςι   πεςεδαώε   ξεπςαχιμψξωθ
           παςανετςοχ χ ζυξλγιι ρϊωλα πασλαμψ: LOG, EXP ιμι SQRT.

  DEVICE BY ZERO
         - οϋιβλα σχρϊαξα σ ποπωτλοκ χωπομξιτψ δεμεξιε ξα 0.

  BAD ET EXPRESSION
         - οϋιβλα   πςι   χωώισμεξιι   χωςαφεξιρ,   σχρϊαξξοηο    σ
           νξοφεστχον: αξαμιϊιςυενωκ όμενεξτ ξε πςιξαδμεφιτ δαξξονυ
           νξοφεστχυ.

  ARRAY BOUND ERROR
         - πςι  χωώισμεξιι  χωςαφεξιρ  ιμι  τ.π.  ϊξαώεξιε  ιξδελσα
           πςιξρμο ξεδοπυστινοε ϊξαώεξιε;

  TRAP TO 4
         - πςοιϊοϋμο πςεςωχαξιε πο χελτοςυ  4,  λοτοςοε  σχρϊαξο  σ
           οβςαύεξιεν   λ   ξεσυύεστχυΰύεκ   ρώεκλε   πανρτι    ιμι
           ισπομψϊοχαξιεν   ξεδοπυστινοηο   ςεφινα   αδςεσαγιι    χ
           ιξστςυλγιι  πςογεσσοςα;  οβωώξο  ότα  οϋιβλα  πορχμρετσρ
           ιϊ-ϊα    οϋιβολ    χ    ζςαηνεξταθ,    ξαπισαξξωθ     ξα
           ναλςοασσενβμεςε;

  BAD SUPPORT PACKAGE
  RESERVAD INSTRUCTION TRAP
  MISING PECIAL FEATURE
         - οϋιβλα  σχρϊαξα  σ  ισπομψϊοχαξιεν  ισπομξρΰύεκ  σιστενω
           πασλαμρ,   ξε    σοοτχετστχυΰύεκ    τιπυ    γεξτςαμψξοηο
           πςογεσσοςα, α ταλφε πςινεξεξιεν ιξστςυλγικ (χ ζςαηνεξταθ
           ξα ναλςοασσενβμεςε), οτσυτστχυΰύιθ χ  ξαβοςε  ιξστςυλγικ
           γεξτςαμψξοηο πςογεσσοςα;

  SUPPORT CONDITIONALS ERROR
         - οϋιβλα πςι χωπομξεξιι μοηιώεσλοκ οπεςαγιι;

  NEW OF LENGTH 0
         - οϋιβλα  σχρϊαξα  σ  χωπομξεξιεν  πςογεδυςω   "NEW"   πςι
           σοϊδαξιι πεςενεξξοκ ξυμεχοκ δμιξω;

  FATAL I/O ERROR
         - πςοιϊοϋμα ξευστςαξιναρ οϋιβλα χχοδα/χωχοδα;


                               - 22 -




  TOO MANY FILES OPEN
         - σδεμαξα  ποπωτλα  οτλςωτψ  σμιϋλον  νξοηο   ζακμοχ   δμρ
           χχοδα/χωχοδα.




                   9. τςαξσμργιρ χξεϋξιθ πςογεδυς




       χξεϋξινι   ξαϊωχαΰτσρ   πςογεδυςω   ιμι   ζυξλγιι,   λοτοςωε
  λονπιμιςυΰτσρ ι ασσενβμιςυΰτσρ οτδεμψξο οτ οσξοχξοκ πςοηςαννω  ξα
  ρϊωλε πασλαμψ. λονποξοχύιλ ισπομψϊυετσρ δμρ  οβ'εδιξεξιρ  χξεϋξιθ
  πςογεδυς ι οσξοχξοκ πςοηςαννω ι  πομυώεξιρ  πςοηςαννω  χ  ζοςνατε
  ϊαηςυϊλι. σςεδστχα χξεϋξιθ πςογεδυς ποϊχομρΰτ  οβμεηώιτψ  πςογεσσ
  ςαϊςαβοτλι ι οτμαδλι πςοηςαννξοηο οβεσπεώεξιρ, ποσλομψλυ χξεσεξιε
  ιϊνεξεξικ χ οσξοχξυΰ πςοηςαννυ ξε τςεβυετ ποχτοςξοκ λονπιμργιι  ι
  ασσενβμιςοχαξιρ  χξεϋξιθ  πςογεδυς.  οτμαδλα   βομψϋιθ   πςοηςανν
  συύεστχεξξο υπςούαετσρ  πυτεν  σοϊδαξιρ  πομξοστψΰ  τεστιςοχαξξωθ
  χξεϋξιθ πςογεδυς. χ ότον σμυώαε πςι οτμαδλε οσξοχξοκ πςοηςαννω εε
  λονπιμιςυΰτ σ λμΰώον "D".  οδξαλο  μολαμψξωε  πεςενεξξωε  χξεϋξιθ
  πςογεδυς σταξοχρτσρ  ξεδοστυπξωνι  οτμαδώιλυ.  ςαϊνες  οτμαδοώξοκ
  ιξζοςναγιι  χ  πςοηςαννε  συύεστχεξξο  υνεξψϋαετσρ.  χ  οτδεμψξωθ
  σμυώαρθ, λοηδα  πςοηςαννα  οώεξψ  χεμιλα  πο  ςαϊνεςυ  ϊαξιναενοκ
  οπεςατιχξοκ πανρτι, εδιξστχεξξαρ χοϊνοφξοστψ πςοχεδεξιρ οτμαδλι -
  ισπομψϊοχαξιε χξεϋξιθ πςογεδυς, πςοϋεδϋιθ όταπ τεστιςοχαξιρ.

       δςυηινι σμοχανι, λοηδα  ξαδ  βομψϋιν  πςοηςαννξων  πςοδυλτον
  ςαβοταετ ξεσλομψλο πςοηςαννιστοχ, πομεϊξο ισπομψϊοχατψ  σοχνεστξο
  ςαϊςαβοταξξυΰ ι οτμαφεξξυΰ βιβμιοτελυ χξεϋξιθ πςογεδυς.

       χξεϋξιε πςογεδυςω ι  ζυξλγιι  σοϊδαΰτσρ  αξαμοηιώξο  οβωώξων
  πςογεδυςαν  χ  ρϊωλε  πασλαμψ.  ισπομψϊοχαξιε   λμΰώα   "E"   πςι
  τςαξσμργιι, πςιχοδιτ λ οβ'ρχμεξιΰ  χσεθ  πςογεδυς  ι  ζυξλγικ  ξα
  πεςχον υςοχξε χμοφεξξοστι ημοβαμψξωνι. πεςχωε 6  ϊξαλοχ  χ  ινεξι
  πςογεδυςω ιμι ζυξλγιι οβ'ρχμρΰτσρ  χ  λαώεστχε  ημοβαμψξοκ  τοώλι
  χθοδα  (νετλι),  λοτοςαρ  βυδετ  ισπομψϊοχαξα  λονποξοχύιλον  πςι
  οβ'εδιξεξιι χξεϋξιθ νοδυμεκ  ι  οσξοχξοκ  πςοηςαννω.  σπεγιαμψξαρ
  ζοςνα  λοννεξταςιεχ  (*$E+*)  νοφετ  ταλφε   ισπομψϊοχατψσρ   δμρ
  οπςεδεμεξιρ πςογεδυςω  χ  λαώεστχε  χξεϋξεκ.  πςοηςαννα,  λοτοςαρ
  ισπομψϊυετ χξεϋξΰΰ  πςογεδυςυ,  δομφξα  χλμΰώατψ  ϊαηομοχολ  ότοκ
  πςογεδυςω, ϊα λοτοςων σμεδυετ  λμΰώεχοε  σμοχο  "EXTERNAL".  ξαδο
  σοβμΰδατψ οστοςοφξοστψ πςι ϊαδαξιι  τιποχ  ι  ποςρδλα  σμεδοχαξιρ
  παςανετςοχ  πςογεδυςω,  ποσλομψλυ  λονπιμρτος  μιϋεξ  χοϊνοφξοστι
  πςοχεςιτψ ότυ ιξζοςναγιΰ.

       λονπιμρτος ξε οτχοδιτ νεστο  δμρ  ςαϊνεύεξιρ  πεςενεξξωθ  ξα
  πεςχον υςοχξε (ημοβαμψξωθ). χνεστο ότοηο  λονπιμρτος  πςισχαιχαετ
  ιν  σοοτχετστχυΰύιε  αδςεσα  σ  τεν,  ώτοβω  οξι  σοχπαδαμι   πςι
  χωπομξεξιι σ  ημοβαμψξωνι  πεςενεξξωνι  οσξοχξοκ  πςοηςαννω.  χσρ
  οτχετστχεξξοστψ ξα σοχπαδεξιε οπισαξικ ημοβαμψξωθ  πεςενεξξωθ  χο
  χξεϋξιθ  πςογεδυςαθ   ι   οσξοχξοκ   πςοηςαννω   χοϊμαηαετσρ   ξα
  πςοηςαννιστα.  πομψϊοχατψσρ  ότοκ  χοϊνοφξοστψΰ   σμεδυετ   οώεξψ
  οστοςοφξο,  ποσλομψλυ  οξα  νοφετ  σμυφιτψ  ιστοώξιλον  ςαϊμιώξωθ
  ξεπςεδσλαϊυενωθ οϋιβολ (ι ςεϊυμψτατοχ).


                               - 23 -




       ξαπςινες:

 ημοβαμψξωε πεςενεξξωε (ζακμ GLOBAL.PAS):

      VAR                (* ημοβαμψξωε πεςενεξξωε *)
          I: INTEGER;
          R: REAL;
          C: CHAR;

 οσξοχξαρ πςοηςαννα (ζακμ MAIN.PAS):

      (* χξεϋξρρ πςογεδυςα *)

      PROCEDURE EXPROC(X:INTEGER); EXTERNAL;

      BEGIN              (* ξαώαμο MAIN *)
          I:=1; P:=3.1415926; C:='X';
          EXPROC(5);     (* χωϊοχ χξεϋξεκ πςογεδυςω *)
      END.               (* λοξεγ MAIN *)

 χξεϋξρρ πςογεδυςα (ζακμ EXTERN.PAS):

      (*$E+*)

      PROCEDURE EXPROC(Y:INTEGER); (* χξεϋξρρ πςογεδυςα *)

      BEGIN      (* ξαώαμο χξεϋξεκ πςογεδυςω *)
         WRITELN('I= ',I:2);
         WRITELN('R= ',R);
         WRITELN('C= ',C);
         WRITELN('PROCEDURE ARGUMENT= ',Y:3);
      END;       (* λοξεγ πςογεδυςω *)


       ξιφε πςεδσταχμεξα ποσμεδοχατεμψξοστψ λοναξδ  δμρ  χωπομξεξιρ
  πςοηςαννω:

         .R PASCAL
         *MAIN=GLOBAL,MAIN
         .R PASCAL
         *EXTERN=GLOBAL,EXTERN
         .R MACRO
         *MAIN=MAIN
         *EXTERN=EXTERN
         *^C
         .R LINK
         *PROG=MAIN,EXTERN,PASCAL
         *^C
         .R PROG










                               - 24 -




       10. οσοβεξξοστι χωπομξεξιρ πςοηςαννω ξα ρϊωλε πασλαμψ




       δμρ  τοηο,  ώτοβω   όζζελτιχξο   ισπομψϊοχατψ   χσταχλι   ξα
  ναλςοασσενβμεςε χ πςοηςαννε ξα ρϊωλε πασλαμψ, ξεοβθοδινο ποξινατψ
  ξελοτοςωε οσοβεξξοστι  εηο  ςεαμιϊαγιι.  ξαιβομεε  χαφξωε  δεταμι
  βυδυτ οπισαξω ξιφε, θοτρ ςελονεξδυετσρ  (ι  ότο  ρχμρετσρ  χεσψνα
  πομεϊξων)  ϊαξρτψσρ  ιϊυώεξιεν  τελστα  ξα  ασσενβμεςε,   λοτοςωκ
  ηεξεςιςυετ λονπιμρτος πασλαμψ.

       πςι χωπομξεξιι πςοηςαννα ξα  ρϊωλε  πασλαμψ  ισπομψϊυετ  δχε
  οβμαστι δαξξωθ: ημοβαμψξαρ οβμαστψ ι στελ. χ  ημοβαμψξοκ  οβμαστι
  σοδεςφατσρ χσε πεςενεξξωε,  οπςεδεμεξξωε  ξα  υςοχξε  0,  τ.ε.  χ
  ξαώαμε  πςοηςαννω.  οβμαστψ  στελα  ισπομψϊυετσρ   δμρ   θςαξεξιρ
  μολαμψξωθ πεςενεξξωθ δμρ πςογεδυς ι αδςεσοχ  πεςεδαώι  (χοϊχςατα)
  υπςαχμεξιρ.  πρτωκ  ςεηιστς  R5  χσεηδα  σοδεςφιτ  αδςεσ   ξαώαμα
  ημοβαμψξοκ οβμαστι, α ςεηιστς ϋεστοκ  (SP)  υλαϊωχαετ  ξα  ξαώαμο
  πςοηςαννξοηο στελα. σοδεςφινοε ότιθ ςεηιστςοχ ξε δομφξο  νεξρτψσρ
  χο ζςαηνεξτε ξα  ασσενβμεςε  (ιμι  δομφξο  σοθςαξρτψσρ,  α  ϊατεν
  χοσσταξαχμιχατψσρ).

       πςι χωϊοχε πςογεδυςω ισπομξρΰύαρ σιστενα σοθςαξρετ  χ  στελε
  αδςεσ χοϊχςατα ι οτχοδιτ χ στελε νεστο δμρ παςανετςοχ ι μολαμψξωθ
  πεςενεξξωθ.   λαφδωκ   οώεςεδξοκ   χωϊοχ   πςογεδυςω    (χοϊνοφξο
  ςελυςσιχξωκ)  πςιχοδιτ  λ  σοϊδαξιΰ  χ  στελε  οώεςεδξοκ  οβμαστι
  δαξξωθ, λαλ πολαϊαξο ξιφε:

                 --------------------------
    (SP) ===>    !  στατιώεσλικ υλαϊατεμψ !
                 --------------------------
                 !  μολαμψξωε πεςενεξξωε  !
                 !    (εσμι οξι εστψ)     !
                 --------------------------
                 !     αδςεσ χοϊχςατα     !
                 --------------------------
                 ! παςανετςω (εσμι εστψ)  !
                 --------------------------
                 ! ςεϊυμψτατ, χοϊχςαύαενωκ!
                 !        ζυξλγιεκ        !
                 --------------------------

       στατιώεσλικ  υλαϊατεμψ   σοδεςφιτ   αδςεσ   οβμαστι   στελα,
  χωδεμεξξοκ  πςι  ποσμεδξεν  χωϊοχε  πςογεδυςω.   ότοτ   υλαϊατεμψ
  ισπομψϊυετσρ  δμρ  χωώισμεξιρ  αδςεσοχ  πεςενεξξωθ  πςονεφυτοώξωθ
  υςοχξεκ  (πεςενεξξωθ,  λοτοςωε  ξε  ρχμρΰτσρ  ξι  μολαμψξωνι,  ξι
  ημοβαμψξωνι). χσε  μολαμψξωε  πεςενεξξωε  δμρ  τελυύεκ  πςογεδυςω
  νοηυτ  ισπομψϊοχατψσρ  πυτεν  ιξδελσαγιι  οτξοσιτεμψξο   τελυύεηο
  υλαϊατεμρ  στελα   -   SP.   δοστυπ   λ   ημοβαμψξων   πεςενεξξων
  οσυύεστχμρετσρ ιξδελσαγιεκ ςεηιστςα R5.  δοστυπ  λ  πςονεφυτοώξοκ
  πεςενεξξοκ νοφετ  οσυύεστχμρτψσρ  πυτεν  "δχιφεξιρ"  πο  στελυ  σ
  ισπομψϊοχαξιεν στατιώεσλιθ υλαϊατεμεκ δο τεθ πος, πολα  ξε  βυδετ
  ξακδεξα  τςεβυεναρ  οβμαστψ   στελα.   ποσμε   ότοηο   ιξδελσαγιρ
  οσυύεστχμρετσρ  οτξοσιτεμψξο  ξακδεξξοκ  βαϊω.  δμρ  τοηο,  ώτοβω
  σδεματψ δοστυπ λ πεςενεξξων βομεε  πςοστων  δμρ  πςοηςαννιστα  ξα
  ναλςοασσενβμεςε, λονπιμρτος οπςεδεμρετ ινρ πεςενεξξοκ χ  λαώεστχε
  σνεύεξιρ οτξοσιτεμψξο σοοτχετστχυΰύεηο υλαϊατεμρ (R5 ιμι SP).

                               - 25 -




       αξαμοηιώξο, τοώλι χθοδα χ  πςογεδυςω  ι  ζυξλγιι  λονπιμρτος
  ϊανεξρετ ξα οδξοινεξξωε νετλι. σμεδυετ πονξιτψ, ώτο λονπιμρτος ξε
  πςοχεςρετ πςαχιμψξοστψ οβςαύεξικ λ πεςενεξξων  χο  ζςαηνεξταθ  ξα
  ναλςοασσενβμεςε.

       πςινες:

         FUNCTION SWAPBYTES (I:INTEGER):INTEGER;
         BEGIN
                 (*$C
                         SWAP    I(SP)
                 *)
                 SWAPBYTES := I;
         END;

       εσμι ξεοβθοδινο χσΰ πςογεδυςυ ξαπισατψ  ξα  ναλςοασσενβμεςε,
  το  ότο  νοφξο  οσυύεστχιτψ,  πςοστο  ϊαλμΰώιχ  χεσψ  ζςαηνεξτ  χ
  ϊαηομοχολ πςογεδυςω, τ.ε. υλαϊατψ ξαώαμο  ι  λοξεγ  πςογεδυςω  πο
  πςαχιμαν  πασλαμρ.  χ  τεμε  πςογεδυςω  ζςαηνεξτω  ξα  πασλαμε  ι
  ναλςοασσενβμεςε νοηυτ ώεςεδοχατψσρ, ξαπςινες:

         PROCEDURE EXAMPLE;
         BEGIN
            (*$C
                    ;ζςαηνεξτ ξα ναλςοασσενβμεςε
            *)
       WRITE (' τελστ σοοβύεξιρ');(* ζςαηνεξτ ξα πασλαμε *)
            (*$C
                    ;εύε ζςαηνεξτ ξα ναλςοασσενβμεςε
            *)
         END;


       π ς ι ν ε ώ α ξ ι ε. σμεδυετ πονξιτψ, ώτο ζυξλγιι  σοθςαξρΰτ
  σοδεςφινοε   ςεηιστςοχ   R0-R4   (χλμΰώαρ   ςεηιστςω-αλλυνυμρτοςω
  πςογεσσοςα σ πμαχαΰύεκ ϊαπρτοκ), α πςογεδυςω - ξε σοθςαξρΰτ.























                               - 26 -




                         11. πςοηςαννα IMP




       πςοηςαννα IMP ξαπισαξα ξα ρϊωλε πασλαμψ ι πςεδξαϊξαώεξα  δμρ
  χωπομξεξιε   ξελοτοςοκ    οπτινιϊαγιι    πςοηςανν,    σοϊδαχαενωθ
  λονπιμρτοςον πασλαμψ χ οπεςαγιοξξοκ σιστενε οσδχλ.

       λαλ υλαϊωχαμοσψ χωϋε,  λονπιμρτος  τςαξσμιςυετ  πςοηςαννυ  σ
  ρϊωλα πασλαμψ ξα ρϊωλ ναλςοασσενβμες. πςοηςαννα IMP  οβςαβατωχαετ
  τελστ πςοηςαννω  ξα  ναλςοασσενβμεςε,  χωπομξρετ  οτδεμψξωε  χιδω
  οπτινιϊαγιι ι σοϊδαετ βομεε όζζελτιχξυΰ πςοηςαννυ τοφε  ξα  ρϊωλε
  ναλςοασσενβμες.

       οπτινιϊαγιι ποδχεςηαΰτσρ ιξστςυλγιι  πεςεθοδοχ  (JMP,  BR  ι
  τ.π.). IMP χωπομξρετ  ϊανεξυ  ιξστςυλγιι  JMP  ξα  BR,  εσμι  ότο
  χοϊνοφξο. πςι ότον όλοξονιτσρ 1 σμοχο πανρτι. ξαπςινες:

                 JMP     L20
  ϊανεξρετσρ ξα:
                 BR      L20

       χ  ξελοτοςωθ  σμυώαρθ   χωπομξρΰτσρ   βομεε   σμοφξωε   χιδω
  οπτινιϊαγιι:

                 BGT     L30
                 JMP     L50
         L30:    ...
  ϊανεξρετσρ ξα:
                 BLE     L50

  χ ότον σμυώαε όλοξονιτσρ 2 σμοχα πανρτι.



       11.1. χωϊοχ ι ϊαηςυϊλα



       χωϊοχ πςοηςαννω IMP οσυύεστχμρετσρ λοναξδανι νοξιτοςα R  ιμι
  RUN. ποσμε ϊαηςυϊλι πςοηςαννα ϊαπςαϋιχαετ ινρ  ζακμα,  χ  λοτοςον
  ξαθοδιτσρ τελστ πςοηςαννω, λοτοςυΰ  ξυφξο  οπτινιϊιςοχατψ.  ποσμε
  ότοηο  IMP   ϊαπςαϋιχαετ   σπεγιζιλαγιΰ   χωθοδξοηο   ζακμα   δμρ
  οπτινιϊιςοχαξξοκ χεςσιι πςοηςαννω.

       ποσμε χχοδα σπεγιζιλαγικ ζακμοχ  IMP  ξαώιξαετ  ςαβοτατψ.  χ
  λοξγε IMP ςασπεώατωχαετ στατιστιλυ ο πςογεσσε  οπτινιϊαγιι,  τ.ε.
  ώισμο σμοχ, ξα λοτοςοε σολςατιμσρ ςαϊνες πςοηςαννω, ι  πςογεξτξοε
  υνεξψϋεξιε ςαϊνεςα πςοηςαννω.

       πςινες:

                 .R IMP
                 INPUT FILE?  DK:PROG.MAC
                 OUTPUT FILE? DK:PROG1.MAC
                 IMPROVEMENT    50 WORDS   8.7%
                 .

                               - 27 -




       π ς ι ν ε ώ α ξ ι ε. πο υνομώαξιΰ τιπ χθοδξοηο  ι  χωθοδξοηο
  ζακμοχ "MAC".

       πςοηςαννα  IMP  νοφετ  ισπομψϊοχατψσρ  δμρ  οπτινιϊαγιι  λαλ
  πομξωθ πςοηςανν ξα ρϊωλε πασλαμψ, ταλ ι οτδεμψξωθ ώαστεκ, λοτοςωε
  οζοςνμεξω πο πςαχιμαν χξεϋξιθ πςογεδυς.

       τελστ  πςοηςαννω  ξα  ναλςοασσενβμεςε  ξε  δομφεξ  σοδεςφατψ
  ναλςολοναξδ. ςεηιστςω δομφξω οβοϊξαώατψσρ τομψλο λαλ %0, %1, ...,
  %6, %7. χ τελστε πςοηςαννω νοφξο ισπομψϊοχατψ λοννεξταςιι.

       πςογεδυςα  οπτινιϊαγιι  χωπομξρετσρ  σςαχξιτεμψξο  νεδμεξξο.
  ποότονυ οπτινιϊιςοχατψ πςοηςαννυ σμεδυετ τομψλο ποσμε  τοηο,  λαλ
  οξα πομξοστψΰ οτμαφεξα.



       11.2. σοοβύεξιρ πςοηςαννω IMP



       ξιφε  πςιχοδρτσρ  τελστω   σοοβύεξικ,   χωδαχαενωθ   IMP   σ
  πορσξεξιρνι.

  NO <> IN LINE
  NNNN  LINE
         - χ στςολε σ ξονεςον "NNNN" οτσυτστχυΰτ σλοβλι "<" ι ">".

  ERROR AT BRJMP NODE  NNNN
         - χ στςολε σ ξονεςον "NNNN"  οβξαςυφεξα  οϋιβλα,  χοϊνοφξο
           σχρϊαξξαρ σ ισπομψϊοχαξιεν λμΰώα  "C"  ι  χσταχμεξξων  χ
           τελστ ξα πασλαμε ζςαηνεξτα ξα ναλςοασσενβμεςε.

  ERROR AT JMP NODE  NNNN
         - χ στςολε σ ξονεςον "NNNN"  οβξαςυφεξα  οϋιβλα,  χοϊνοφξο
           σχρϊαξξαρ σ ισπομψϊοχαξιεν λμΰώα  "C"  ι  χσταχμεξξων  χ
           τελστ ξα πασλαμε ζςαηνεξτα ξα ναλςοασσενβμεςε.






















                               - 28 -




                         12. πςοηςαννα FORM




       πςοηςαννα FORM ξαπισαξα ξα ρϊωλε πασλαμψ ι πςεδξαϊξαώεξα δμρ
  χωπομξεξιρ    ζοςνατιςοχαξιρ    ισθοδξοηο    τελστα     ςαϊμιώξωθ
  πομψϊοχατεμψσλιθ πςοηςανν ξα πασλαμε,  α  ταλφε  δμρ  σοϊδαξιρ  ι
  ςασπεώατλι ταβμιγ πεςελςεστξωθ σσωμολ.


       π ς ι ν ε ώ α ξ ι ε.    πςι     ζοςνατιςοχαξιι     πςοηςαννω
  πςοιϊχοδιτσρ πςοχεςλα εε βμοώξοκ στςυλτυςω.



       12.1. χωϊοχ ι ϊαηςυϊλα



       χωϊοχ πςοηςαννω FORM οσυύεστχμρετσρ λοναξδανι νοξιτοςα R ιμι
  RUN. ποσμε ϊαηςυϊλι πςοηςαννα χωχοδιτ ξα τεςνιξαμ "*"  ι  οφιδαετ
  λοναξδξοκ στςολι χ ζοςνατε SCI.

       λοναξδξαρ στςολα δμρ FORM νοφετ σοδεςφατψ δο 2-θ χωθοδξωθ  ι
  οδιξ χθοδξοκ ζακμ.

       σπεγιζιλαγιρ  χθοδξοηο  ζακμα  οπςεδεμρετ   ισθοδξωκ   τελστ
  πςοηςαννω, λοτοςαρ δομφξα βωτψ  ποδχεςηξυτα  ζοςνατιςοχαξιΰ.  τιπ
  ζακμα πο υνομώαξιΰ - ".PAS".

       σπεγιζιλαγιρ πεςχοηο χωθοδξοηο ζακμα ϊαδαετ ζακμ, χ  λοτοςωκ
  βυδετ  πονεύεξ  οτζοςνατιςοχαξξωκ  τελστ  ισθοδξοκ  πςοηςαννω  ξα
  πασλαμε. ότα σπεγιζιλαγιρ ξε ρχμρετσρ οβρϊατεμψξοκ. τιπ ζακμα  πο
  υνομώαξιΰ - ".PAS".

       σπεγιζιλαγιρ χτοςοηο χωθοδξοηο ζακμα ϊαδαετ ζακμ, χ  λοτοςωκ
  βυδετ  πονεύεξα  ταβμιγα  πεςελςεστξωθ  σσωμολ  πςοηςαννω  ι   εε
  μιστιξη.  σπεγιζιλαγιρ  δαξξοηο  χωθοδξοηο  ζακμα   ξε   ρχμρετσρ
  οβρϊατεμψξοκ. τιπ ζακμα πο υνομώαξιΰ - ".LST".

       πςινες:

         .R FORM
         *PROG1,LP:=PROG
         NO ERROR IN BLOCKSTRUCTURE
         .

       σζοςνατιςοχαξξωκ   τελστ   πςοηςαννω   ξα   πασλαμε    νοφξο
  ισπομψϊοχατψ   δμρ   ποσμεδυΰύεκ   ςαβοτω,   τ.ε.   τςαξσμιςοχατψ
  λονπιμρτοςον, ςεδαλτιςοχατψ, οτμαφιχατψ ι τ.δ.








                               - 29 -




       12.2. σοοβύεξιρ πςοηςαννω FORM



       σοοβύεξιρ, χωδαχαενωε πςοηςαννοκ FORM ξα τεςνιξαμ:

  LINE NNNNN TOO LONG
         - στςολα ισθοδξοκ πςοηςαννω σ ξονεςον NNNNN σοδεςφιτ βομεε
           147 ϊξαλοχ, ώτο ρχμρετσρ ξεδοπυστινων;

  MISSING POINT AT PROGRAM END
         - χ λοξγε πςοηςαννω ξα ρϊωλε πασλαμψ οτσυτστχυετ ".";

  COMMAND STRING ERROR
         - λοναξδξαρ στςολα δμρ FORM σοδεςφιτ οϋιβλυ;

  ERROR IN BLOCKSTRUCTURE
         - βμοώξαρ στςυλτυςα πςοηςαννω ξα πασλαμε σοδεςφιτ οϋιβλυ;

  NO ERROR IN BLOCKSTRUCTURE
         - πςι ζοςνατιςοχαξιι πςοηςαννω οϋιβολ χ βμοώξοκ  στςυλτυςε
           ξε  οβξαςυφεξο;  δαξξοε  σοοβύεξιε   σχιδετεμψστχυετ   ο
           ξοςναμψξον ϊαχεςϋεξιι ςαβοτω πςοηςαννω FORM.


       σμεδυΰύιε σοοβύεξιρ πορχμρΰτσρ  χο  χτοςον  χωθοδξον  ζακμε,
  σοϊδαχαενον  πςοηςαννοκ  FORM(χ  μιστιξηε   ταβμιγ   πεςελςεστξωθ
  σσωμολ):

  NEXT LINE TOO LONG
         - σμεδυΰύαρ στςολα μιστιξηα σοδεςφιτ βομεε 147 ϊξαλοχ;

  MISSING 'END' OR 'UNTIL' NUMBER NNNN
         - πςοπυύεξο "END" ιμι "UNTIL" σ ξονεςον N;

  MISSING 'THEN' NUMBER NNNN
         - πςοπυύεξ οπεςατοςξαρ σλοβλα "THEN" σ ξονεςον NNNN;

  MISSING 'OF' OR 'CASE' NUMBER NNNN
         - πςοπυύεξ "OF" χ οπεςατοςε "CASE" σ ξονεςον NNNN;

  ONLY ONE 'EXIT ALLOWED
         - χ δαξξον λοξτελστε δοπυστιν τομψλο οδιξ οπεςατος "EXIT";

  MISSING 'EXIT' IN 'LOOP' NNNN
         - πςοπυύεξο "EXIT" χ οπεςατοςε γιλμα σ ξονεςον NNNN.


       ξιφε  πεςεώισμρΰτσρ  ξοςναμψξωε  ϊαηομοχλι,  πορχμρΰύιεσρ  χ
  μιστιξηε σζοςνατιςοχαξξοκ πςοηςαννω:

  CROSS REFERENCE LISTING OF VARIABLES
         - ταβμιγα πεςελςεστξωθ σσωμολ πεςενεξξωθ;

  LIST OF PROCEDURES
         - σπισολ πςογεδυς;



                               - 30 -




  X IS CALLED BY Y
         - πςογεδυςα "X" χωϊωχαετσρ πςογεδυςοκ "Y";

  X CALLS UP Y
         - πςογεδυςα "X" χωϊωχαετ πςογεδυςυ "Y";

  INDENTED PROCEDURE LIST
         - ποςρδλοχωκ σπισολ πςογεδυς.




                   13. σςεδστχα οτμαδλι πςοηςανν




       οτμαδλα πςοηςανν ξα ρϊωλε πασλαμψ οσυύεστχμρετσρ σπεγιαμψξων
  νοδυμεν, χθοδρύιν χ σοσταχ ισπομξρΰύεκ σιστενω πασλαμψ.  οτμαδώιλ
  ποϊχομρετ    πομξοστψΰ    υπςαχμρτψ    χωπομξεξιεν     πςοηςαννω,
  ςασπεώατωχατψ ι νοδιζιγιςοχατψ ϊξαώεξιρ πεςενεξξωθ ι τ.π.

       χλμΰώεξιε   οτμαδώιλα   χ   σοσταχ   χωπομξρενοκ   πςοηςαννω
  οσυύεστχμρετσρ  αχτονατιώεσλι  πςι  ισπομψϊοχαξιι  λμΰώα  "D"   χ
  πςογεσσε λονπιμργιι. δαξξωκ λμΰώ πςιχοδιτ λ  χλμΰώεξιΰ  χ  σοσταχ
  ηεξεςιςυενοκ πςοηςαννω  δοπομξιτεμψξοκ  ιξζοςναγιι  ο  ςαϊνεύεξιι
  οπεςατοςοχ ι ινεξαθ πεςενεξξωθ. ισπομψϊοχαξιε λμΰώα "S" ποϊχομρετ
  συύεστχεξξο ςασϋιςιτψ  οβ'εν  ιξζοςναγιι,  δοστυπξοκ  χ  πςογεσσε
  οτμαδλι. οδξαλο, χ ότον σμυώαε ξυφξο οβρϊατεμψξο πομυώιτψ ζακμ  σ
  μιστιξηον οτμαφιχαενοκ  πςοηςαννω.  τοηδα  πςι  χωπομξεξιι  τοώλι
  οσταξοχα ιμι χοϊξιλξοχεξιι οϋιβλι  οτμαδώιλ  βυδετ  ςασπεώατωχατψ
  σοοτχετστχυΰύυΰ ισθοδξυΰ στςολυ πςοηςαννω  ξα  ρϊωλε  πασλαμψ,  χ
  λοτοςοκ πςοιϊοϋεμ οσταξοχ.

       πςι ϊαπυσλε οτμαφιχαενοκ  πςοηςαννω  οτμαδώιλ  ςασπεώατωχαετ
  σχοκ   ιδεξτιζιλατος   ξα   τεςνιξαμε.   εσμι   πςι    λονπιμργιι
  ισπομψϊοχαμσρ λμΰώ "S", το οτμαδώιλ ϊαπςοσιτ σπεγιζιλαγιΰ  ζακμα,
  σοδεςφαύεηο μιστιξη  οτμαφιχαενοκ  πςοηςαννω.  ζακμ  σ  μιστιξηον
  δομφεξ  ςαϊνεύατψσρ  ξα   χξεϋξεν   ϊαπονιξαΰύεν   υστςοκστχε   σ
  λαταμοηοχοκ οςηαξιϊαγιεκ ι σοϊδαχατψσρ οδξοχςενεξξο σ λονπιμργιεκ
  οτμαφιχαενοκ πςοηςαννω.

       λοηδα οτμαδώιλ ηοτοχ λ πςιενυ λοναξδω, το  οξ  ςασπεώατωχαετ
  ϊξαλ "[" χ  μεχον  υημυ  τεςνιξαμα.  ποσμε  ότοηο  νοφξο  χχοδιτψ
  λοναξδω οτμαδώιλυ. ποσλομψλυ νοδυμψ οτμαδώιλα  ταλφε  ξαπισαξ  ξα
  ρϊωλε πασλαμψ, το οξ σώιτωχαετ λοναξδω (χχοδιτ λοναξδω)  οβωώξωνι
  οπεςατοςανι χχοδα,  λοτοςωε  ινεΰτσρ  χ  πασλαμε.  ποότονυ,  εσμι
  χχεδεξξαρ   λοναξδα   σοδεςφιτ   οϋιβλυ,   οτμαδώιλ   ςασπεώαταετ
  σοοτχετστχυΰύεε σοοβύεξιε ι ποχτοςιτ ϊαπςοσ λοναξδω.

       χσε  πςινεςω  ςαβοτω   σ   οτμαδώιλον   χ   δαξξον   ςαϊδεμε
  δενοξστςιςυΰτσρ ξα πςοηςαννε DBGTST (λοτοςαρ  ξαθοδιτσρ  χ  ζακμε
  DBGTST.PAS). λονπιμργιρ ότοκ πςοηςαννω οσυύεστχμρετσρ λοναξδανι:

         .R PASCAL
         *DBGTST,DBGTST=DBGTT/S/D

       πςι  λονπιμργιι  σοϊδαετσρ  ζακμ   σ   μιστιξηον   πςοηςαννω

                               - 31 -




  DBGTST.LST. ςασπεώατλα μιστιξηα ινεετ σμεδυΰύικ χιδ:

  DBGTST               P  A  S  C  A  L         13-12-82        PAGE 1
              δχλ  "όμελτςοξιλα  NC 8020/2,3,4

  LINE  STMT LEVEL  NECT   SOURSE STATEMENT

    1                     PROGRAM BRGTST;
    2
    3                     VAR    A,B:INTEGER;
    4
    5                        PROCEDURE  SUM(C,D,E:INTEGER);
    6
    7                         VAR        I:INTEGER;
    8
    9                            FUNCTION ADD(P,Q:INTEGER)
   10                                            :INTEGER;
   11                            VAR     X,Y:INTEGER;
   12
   13                        BEGIN (* START OF ADD *)
   14     1     3     1       X:=P;
   15     2     3     1       Y:=Q;
   16     3     3     1       IF Y=0 THEN ADD:=X
   17     5     3     2        ELSE ADD:=ADD(0,X)+ADD(Y,0);
   18     6     3     1      END; (* END OF ADD *)
   19
   20                         BEGIN (* START OF SUM *)
   21     1     2     1          I:=ADD(C,D);
   22     2     2     1          I:=ADD(I,E);
   23     3     2     1       END; (* END OF SUM *)
   24
   25                     BEGIN (* START OF MAIN *)
   26     1     1     1       A:=1;
   27     2     1     1       A:=2;
   28     3     1     1       SUM(3,4,5);
   29     4     1     1   END. (* END OF MAIN *)


       ιϊ  τελστα  πςοηςαννω  νοφξο  χιδετψ,   ώτο   οξα   σοδεςφιτ
  ημοβαμψξυΰ πςογεδυςυ "SUM" ι δχε πεςενεξξωε  "A"  ι  "B".  τεςνιξ
  "ημοβαμψξαρ" ισπομψϊυετσρ χ δαξξον σμυώαε ποτονυ, ώτο  πεςενεξξωε
  "A" ι "B" ι πςογεδυςα "SUM" νοηυτ  βωτψ  δοστυπξω  ξα  πςοτρφεξιι
  χσεκ πςοηςαννω. ζυξλγιρ "ADD" ρχμρετσρ μολαμψξοκ, τ.ε. χξυτςεξξεκ
  δμρ πςογεδυςω  "UM".  ποότονυ  ζυξλγιρ  "ADD"  νοφετ  χωϊωχατψσρ
  τομψλο χξυτςι πςογεδυςω  "SUM",  ξο  ξε  ιϊ  οσξοχξοκ  πςοηςαννω.
  αξαμοηιώξο,  πεςενεξξαρ  "I"  ρχμρετσρ  μολαμψξοκ  δμρ  πςογεδυςω
  "SUM", α πεςενεξξωε "X" ι "Y" - μολαμψξωνι δμρ ζυξλγιι "ADD".

       οσταμψξαρ ώαστψ δαξξοηο ςαϊδεμα  ποσχρύεξα  οπισαξιΰ  λοναξδ
  οτμαδώιλα.


       π ς ι ν ε ώ α ξ ι ε.   δαξξαρ   χεςσιρ   οτμαδώιλα   πασλαμψ
  δοπυσλαετ ςαβοτυ τομψλο ποδ υπςαχμεξιεν SJ- ιμι FB-νοξιτοςοχ.





                               - 32 -




       13.1. τοώλα οσταξοχα (;B)



       οδξοκ   ιϊ   χαφξεκϋιθ   χοϊνοφξοστεκ   οτμαδώιλα   ρχμρετσρ
  σποσοβξοστψ πςεςωχατψ χωπομξεξιε οτμαφιχαενοκ πςοηςαννω.  εσμι  σ
  πονούψΰ λοναξδω υσταξοχιτψ τοώλυ οσταξοχα ξα τςεβυενον  οπεςατοςε
  πςοηςαννω, το, λοηδα χωπομξεξιε πςοηςαννω  δοκδετ  δο  υλαϊαξξοηο
  οπεςατοςα,  υπςαχμεξιε  βυδετ  πεςεδαξο  οτμαδώιλυ.  ποσμε  ότοηο
  οτμαδώιλυ  νοφξο  δαχατψ  λοναξδω,  σ  πονούψΰ   λοτοςωθ   νοφξο,
  ξαπςινες,  πςοσνατςιχατψ  ϊξαώεξιρ   πεςενεξξωθ   ι,   χ   σμυώαε
  ξεοβθοδινοστι, ιθ νοδιζιγιςοχατψ.

       δμρ  τοηο,  ώτοβω  υσταξοχιτψ  τοώλυ  οσταξοχα,   ξεοβθοδινο
  ξαπεώατατψ ινρ πςογεδυςω ιμι ζυξλγιι, ϊατεν ϊαπρτυΰ,  ϊα  λοτοςοκ
  σμεδυετ ξονες οπεςατοςα (ηδε σμεδυετ υσταξοχιτψ τοώλυ οσταξοχα) ι
  ";B".  χ  λαφδοκ  πςογεδυςε  ι   ζυξλγιι   οπεςατοςω   ξυνεςυΰτσρ
  ποσμεδοχατεμψξο,    ξαώιξαρ    σ    1-ηο.    ξονεςα    οπεςατοςοχ
  ςασπεώατωχαΰτσρ  χ  μιστιξηε  πςοηςαννω  χ  λομοξλε,   πονεώεξξοκ
  "STMT".

       εσμι ξεσλομψλο οπεςατοςοχ ςαϊνεύαΰτσρ ξα οδξοκ στςολε, το  χ
  λομοξλε "STMT" μιστιξηα ςασπεώατωχαετσρ ξονες πεςχοηο οπεςατοςα χ
  ότοκ στςολε.


       π ς ι ν ε ώ α ξ ι ε. σμεδυετ πονξιτψ, ώτο  χ  λαφδωκ  νονεξτ
  χςενεξι νοφετ βωτψ τομψλο οδξα τοώλα οσταξοχα.

       πςινεςω:

 ] MAIN,3;B
 ] SUM,2;B
 ] ADD,1;B

       ποσμε τοηο, λαλ υσταξοχμεξα  τοώλα  οσταξοχα  ξα  οπεςατοςε,
  οτμαδώιλ βυδετ πομυώατψ υπςαχμεξιε χσρλικ ςαϊ  πεςεδ  χωπομξεξιεν
  ότοηο  οπεςατοςα.  σμεδυετ  υώεστψ,  ώτο  οτμαδώιλ  ξε  πςοχεςρετ
  δοπυστινοστψ  ξονεςα  οπεςατοςα  χ  λοναξδε,  οπεςδεμρΰύεκ  τοώλυ
  οσταξοχα. ποότονυ, εσμι, ξαπςινες, υσταξοχιτψ τοώλυ  οσταξοχα  ξα
  οπεςατοςε  "FOO,99",  λοτοςωκ  ξε   συύεστχυετ,   το   υπςαχμεξιε
  οτμαδώιλυ  ξιλοηδα  ξε  ποπαδετ.  οδξαλο  ότο  δαετ   χοϊνοφξοστψ
  οπωτξονυ πςοηςαννιστυ  οπςεδεμρτψ  τοώλι  οσταξοχα  χ  οχεςμεκξωθ
  πςογεδυςαθ, λοτοςωε ξε ξαθοδρτσρ χ οπεςατιχξοκ  πανρτι  χ  νονεξτ
  οπςεδεμεξιρ τοώλι οσταξοχα.

       οτνεξα τοώλι  οσταξοχα  οσυύεστχμρετσρ  λοναξδοκ  "0;B"  ιμι
  ";B".

       πςινες:









                               - 33 -




  PASCAL DEBUGGER V2.2

  LISTING FILE NAME? DBGTST
  ] UM,1;B
  ] ;G
  BREAKPOINT AT SUM,1  I:=ADD(C,D);
  ] ;P
  PROGRAM TERMINATION AT MAIN,4  END. (* END OF MAIN *)
  ]



       13.2. ϊαπυσλ (;G) ι πςοδομφεξιε (;P) πςοηςαννω



       χ πςεδωδυύεν πςινεςε λοναξδω ";G" ι ";P" ισπομψϊοχαμισψ  δμρ
  ϊαπυσλα ιμι πςοδομφεξιρ χωπομξεξιρ πςοηςαννω. εσμι τοώλα οσταξοχα
  οπςεδεμεξα, το χ λοναξδε ";P" νοφξο  ϊαδατψ  ώισμο  ςαϊ,  λοτοςοε
  βυδετ πςοπυύεξα τοώλα οσταξοχα (τ.ε.  υπςαχμεξιε  βυδετ  πεςεδαξο
  οτμαδώιλυ τομψλο ποσμε τοηο, λαλ  οπεςατος  χωπομξιτσρ  υλαϊαξξοε
  ώισμο ςαϊ). ότο  οσυύεστχμρετσρ  σ  πονούψΰ  ώισμοχοηο  αςηυνεξτα
  λοναξδω:

  ] ADD,1;B
  ] ;G
  BREAKPOINT AT ADD,1
  ] 3;P
  BREAKPOINT AT ADD,1
  ]

  χ πολαϊαξξον πςινεςε, ποσμε ξαώαμψξοκ  τοώλι  οσταξοχα,  οτμαδώιλ
  πομυώιτ υπςαχμεξιε ποσμε τοηο, λαλ ζυξλγιρ "ADD" βυδετ  χωπομξεξα
  3 ςαϊα, τ.ε. ξα 4-ωκ ςαϊ.

       πςι χωπομξεξιι πςοηςαννω χ ποϋαηοχον  ςεφινε  λοναξδα  "N;R"
  πςιχεδετ  λ  χωπομξεξιΰ  "N"  οπεςατοςοχ.  τομψλο   ποσμε   ότοηο
  υπςαχμεξιε βυδετ πεςεδαξο οτμαδώιλυ.



       13.3. ποϋαηοχωκ ςεφιν χωπομξεξιρ (;S)



       λοναξδω "N;S", ηδε N ξε ςαχξο  ξυμΰ,  πεςεχοδιτ  οτμαδώιλ  χ
  ποϋαηοχωκ ςεφιν χωπομξεξιρ πςοηςαννω. πςι ότον  υπςαχμεξιε  βυδετ
  πεςεδαχατψσρ οτμαδώιλυ ποσμε χωπομξεξιρ οώεςεδξοηο οπεςατοςα, λαλ
  βυδτο ταν βωμα οπςεδεμεξα  τοώλα  οσταξοχα.  λοναξδα  πςοδομφεξιρ
  ";P" πςιχοδιτ λ χωπομξεξιΰ οδξοηο οώεςεδξοηο οπεςατοςα πςοηςαννω.
  εσμι ισπομψϊοχατψ λοναξδυ "N;P", το βεϊ οσταξοχλι βυδετ χωπομξεξω
  "N" οπεςατοςοχ. χωθοδ  ιϊ  ποϋαηοχοηο  ςεφινα  ϊαδαετσρ  λοναξδοκ
  "0;S" ιμι πςοστο ";S".

       πςινες ισπομψϊοχαξιρ ποϋαηοχοηο ςεφινα:




                               - 34 -




  PASCAL DEBUGGER V2.2

  LISTING FILE NAME? DBGTST
  ] 1;S
  ] ;G
  BREAKPOINT AT MAIN,1  A:=1;
  ] ;P
  BREAKPOINT AT MAIN,2  B:=2;
  ] ;P
  BREAKPOINT AT MAIN,3  SUM(3,4,5);
  ] 13;P
  BREAKPOINT AT ADD,4  IF Y=0 THEN ADD:=X
  ]



       13.4. τςασσιςοχλα χωπομξρενωθ οπεςατοςοχ (;T)



       εσμι οτμαδώιλ  ξαθοδιτσρ  χ  ςεφινε  τςασσιςοχλι,  το  πεςεδ
  χωπομξεξιεν οώεςεδξοηο οπεςατοςα ςασπεώατωχαΰτσρ εηο  λοοςδιξατω,
  τ.ε. ινρ πςογεδυςω ι ξονες ότοηο  οπεςατοςα.  εσμι  ισπομψϊοχαμσρ
  λμΰώ  "S"  πςι  λονπιμργιι,  το  ςασπεώατωχαετσρ  ταλφε  ισθοδξαρ
  στςολα, σοδεςφαύαρ οπεςατος. ταλιν οβςαϊον τςασσιςοχλα  ποϊχομρετ
  λοξτςομιςοχατψ (ξαβμΰδατψ) πςογεσσ  χωπομξεξιρ  πςοηςαννω.  ςεφιν
  τςασσιςοχλι υσταξαχμιχαετσρ λοναξδοκ "N;T", ηδε N ξε ςαχξο  ξυμΰ.
  ϊαχεςϋεξιε   ςεφινα   τςασσιςοχλι   (χωθοδ   ιϊ   ότοηο   ςεφινα)
  οσυύεστχμρετσρ πο λοναξδε "0;T" ιμι ";T".


       π ς ι ν ε ώ α ξ ι ε. σμεδυετ  πονξιτψ,  ώτο,  εσμι  χ  οδξοκ
  στςολε  ξαθοδιτσρ   ξεσλομψλο   οπεςατοςοχ,   το   στςολα   βυδετ
  ςασπεώαταξα τομψλο οδιξ ςαϊ:

  PASCAL DEBUGGER V2.2

  LISTING FILE NAME? DBGTST
  ] SUM,2;B
  ] ;G
  BREAKPOINT AT SUM,2  I:=ADD(I,E);
  ] 2;T
  ] ;P
  ADD,1  X:=P;
  ADD,2  Y:=Q;
  ADD,3  IF Y=0 THEN ADD:=X
  ADD,5  ELSE ADD:=ADD(0,X)+ADD(Y,0);
  ADD,1  X:=P;
  ADD,2  Y:=Q;
  ADD,3  IF Y=0 THEN ADD:=X
  ADD,5  ELSE ADD:=ADD(0,X)+ADD(Y,0);
  ADD,1  X:=P;
  ADD,2  Y:=Q;
  ADD,3  IF Y=0 THEN ADD:=X
  ADD,6  END; (* END OF ADD *)
  ADD,1  X:=P;
  ADD,2  Y:=Q;
  ADD,3  IF Y=0 THEN ADD:=X

                               - 35 -




  ADD,6  END; (* END OF ADD *)
  ADD,6  END; (* END OF ADD *)
  ADD,1  X:=P;
  ADD,2  Y:=Q;
  ADD,3  IF Y=0 THEN ADD:=X
  ADD,6  END; (* END OF ADD *)
  ADD,6  END; (* END OF ADD *)
  SUM,3  END; (* END OF SUM *)
  MAIN,4  END. (* END OF MAIN *)
  PROGRAM TERMINATION AT MAIN,4  END. (* END OF MAIN *)
  ]



       13.5. τςασσιςοχλα χωπομξρενωθ πςογεδυς (;C)



       χ  βομψϋιξστχε  σμυώαεχ  τςασσιςοχλα  χσεκ  πςοηςαννω  νοφετ
  ποτςεβοχατψ νξοηο χςενεξι. δμρ  ςεϋεξιρ  ότοκ  πςοβμενω  οτμαδώιλ
  οβεσπεώιχαετ  βομεε  λοςοτλυΰ  ζοςνυ  τςασσιςοχλι  -  τςασσιςοχλυ
  χωϊοχοχ πςογεδυς ι ζυξλγικ.

       δαξξωκ ςεφιν τςασσιςοχλι ϊαδαετσρ λοναξδοκ "N;C", ηδε  N  ξε
  ςαχξο ξυμΰ. ϊαχεςϋεξιε δαξξοηο ςεφινα τςασσιςοχλι  οσυύεστχμρετσρ
  λοναξδοκ "0;C" ιμι ";C".

       χ   δαξξον   ςεφινε   τςασσιςοχλι   οτμαδώιλ   ςασπεώατωχαετ
  ιξζοςναγιΰ ο χθοδε χ  πςογεδυςυ  ιμι  ζυξλγιΰ,  α  ταλφε  πςι  ιθ
  σοοτχετστχυΰύεν ϊαχεςϋεξιι:





























                               - 36 -




  PASCAL DEBUGGER V2.2

  LISTING FILE NAME? DBGTST
  ] 1;C
  ] ;G
  ENTERING SUM FROM MAIN,3  SUM(3,4,5);
  ENTERING ADD FROM SUM,1  I:=ADD(C,D);
  ENTERING ADD FROM ADD,5  ELSE ADD:=ADD(0,X)+ADD(Y,0);
  ENTERING ADD FROM ADD,5  ELSE ADD:=ADD(0,X)+ADD(Y,0);
  LEAVING  ADD
  ENTERING ADD FROM ADD,5  ELSE ADD:=ADD(0,X)+ADD(Y,0);
  LEAVING  ADD
  LEAVING  ADD
  ENTERING ADD FROM ADD,5  ELSE ADD:=ADD(0,X)+ADD(Y,0);
  LEAVING  ADD
  LEAVING  ADD
  ENTERING ADD FROM SUM,2  I:=ADD(I,E);
  ENTERING ADD FROM ADD,5  ELSE ADD:=ADD(0,X)+ADD(Y,0);
  ENTERING ADD FROM ADD,5  ELSE ADD:=ADD(0,X)+ADD(Y,0);
  LEAVING  ADD
  ENTERING ADD FROM ADD,5  ELSE ADD:=ADD(0,X)+ADD(Y,0);
  LEAVING  ADD
  LEAVING  ADD
  ENTERING ADD FROM ADD,5  ELSE ADD:=ADD(0,X)+ADD(Y,0);
  LEAVING  ADD
  LEAVING  ADD
  LEAVING  SUM
  PROGRAM TERMINATION AT MAIN,4  END. (* END OF MAIN *)
  ]



       13.6. σμεφεξιε ϊα πεςενεξξοκ (;W)



       λοναξδα σμεφεξιρ ισπομψϊυετσρ δμρ "ξαβμΰδεξιρ" ϊα  ϊξαώεξιεν
  πεςενεξξοκ. εσμι υλαϊαξξαρ πεςενεξξαρ ιϊνεξρετ σχοε ϊξαώεξιε,  το
  οτμαδώιλ  πομυώαετ  υπςαχμεξιε,  λαλ  ι  χ  τοώλε  οσταξοχα.  δμρ
  υσταξοχλι ξαβμΰδεξιρ  ϊα  πεςενεξξοκ  ξεοβθοδινο  ξαπεώατατψ  ινρ
  πεςενεξξοκ, α ϊατεν ";W".  ώτοβω  σξρτψ  ξαβμΰδεξιε  ισπομψϊυετσρ
  λοναξδα "-1;W".

       πεςεδ χωπομξεξιεν οώεςεδξοηο οπεςατοςα  οτμαδώιλ  πςοχεςρετ,
  ιϊνεξιμοσψ μι  ϊξαώεξιε  ξαβμΰδαενοκ  πεςενεξξοκ.  εσμι  ϊξαώεξιε
  ιϊνεξιμοσψ, το οτμαδώιλ πεώαταετ οβ ότον σοοβύεξιε ι πεςεθοδιτ  χ
  σοστορξιε οφιδαξιρ λοναξδω.


       π ς ι ν ε ώ α ξ ι ε. σμεδυετ πονξιτψ, ώτο οτμαδώιλ χωπομξρετ
  οσταξοχ ποσμε οπεςατοςα, λοτοςωκ πςιχεμ  λ  νοδιζιλαγιι  ϊξαώεξιρ
  πεςενεξξοκ. δμρ τοηο, ώτοβω  ςασπεώατατψ  τοτ  οπεςατος,  λοτοςωκ
  χωϊχαμ  νοδιζιλαγιΰ,  ξεοβθοδινο   ισπομψϊοχατψ   λοναξδυ   "$L",
  οπισαξξυΰ ξιφε.

       ποσμε  πςοδομφεξιρ  χωπομξεξιρ   πςοηςαννω   ξαβμΰδεξιε   ϊα
  πεςενεξξοκ βυδετ πςοδομφατψσρ.


                               - 37 -




       οσοβαρ οστοςοφξοστψ τςεβυετσρ  πςι  σμεφεξιι  ϊα  μολαμψξωνι
  πεςενεξξωνι. υσταξοχιτψ σμεφεξιε ϊα  μολαμψξοκ  πεςενεξξοκ  νοφξο
  τομψλο, λοηδα υπςαχμεξιε βυδετ πεςεδαξο σοοτχετστχυΰύεκ πςογεδυςε
  ιμι ζυξλγιι. ςεϋεξιε πςοβμενω ϊαλμΰώαετσρ χ τον, ώτοβω υσταξοχιτψ
  τοώλυ οσταξοχα ξα πεςχον οπεςατοςε πςογεδυςω. πςι δοστιφεξιι ότοκ
  τοώλι οσταξοχα νοφξο υσταξοχιτψ σμεφεξιε ϊα  οδξοκ  ιϊ  μολαμψξωθ
  πεςενεξξωθ ότοκ πςογεδυςω.

       λοηδα  πςογεδυςα  ιμι  ζυξλγιρ  ϊαχεςϋαετσρ,  το   μολαμψξαρ
  πεςενεξξαρ  πεςεσταετ  βωτψ   δοστυπξοκ,   ι   οτμαδώιλ   σξιναετ
  ξαβμΰδεξιε ϊα ξεκ ι ςασπεώατωχαετ σοοτχετστχυΰύεε σοοβύεξιε:

  PASCAL DEBUGGER V2.2

  LISTING FILE NAME? DBGTST
  ] SUM,1;B
  ] ;G
  BREAKPOINT AT SUM,1  I:=ADD(C,D);
  ] I/
  0
  ] I;B
  ] ;P
  WATCHED VALUE CHANGED.
  BREAKPOINT AT SUM,2  I:=ADD(I,E);
  ] I/
  7
  ] ;P
  WATCHED VALUE CHANGED.
  BREAKPOINT AT SUM,3  END; (* END OF SUM *)
  ] I/
  12
  ] MAIN,4;B
  ] ;P
  WATCH TERMINATED.  VALUE DIDN'T CHANGE.
  BREAKPOINT AT MAIN,4  END. (* END OF MAIN *)
  ]



       13.7. ςασπεώατλα σοδεςφινοηο πεςενεξξωθ



       οτμαδώιλ νοφετ ςασπεώατωχατψ σοδεςφινοε πεςενεξξωθ χ ώετωςεθ
  ζοςναταθ: INTEGER, BYTE, REAL, CHAR.  δμρ  ςασπεώατλι  πεςενεξξοκ
  σμεδυετ χχεστι εε ινρ ι λοναξδυ, οπςεδεμρΰύυΰ ζοςνατ ςασπεώατλι:

    /
         - INTEGER χ δεσρτιώξον χιδε;

    \
         - BYTE χ δεσρτιώξον χιδε;

    %
         - REAL χ ζοςνατε σ πμαχαΰύεκ ϊαπρτοκ;

    '
         - οδιξ ϊξαλ χ σινχομψλον χιδε (CHAR).

                               - 38 -




       ζοςνατ ςασπεώατλι INTEGER οβωώξο ισπομψϊυετσρ πςι ςασπεώατλε
  ϊξαώεξικ πεςενεξξωθ, οβ'ρχμεξξωθ λαλ INTEGER. ζοςνατ BYTE  βωχαετ
  πομεϊξων πςι χωχοδε σλαμρςξωθ τιποχ ιμι πεςενεξξωθ τιπα  BOOLEAN.
  σινχομψξαρ ιξζοςναγιρ ταλφε νοφετ ςασπεώατωχατψσρ ζοςνατον  BYTE.
  ζοςνατ REAL ισπομψϊυετσρ  δμρ  χωχοδα  πεςενεξξωθ  τιπα  REAL,  α
  ζοςνατ CHAR - πεςενεξξωθ τιπα CHAR.

       σμεδυετ πονξιτψ, ώτο οτμαδώιλ ξε ινεετ  ιξζοςναγιι  ο  τιπαθ
  πεςενεξξωθ. ποότονυ νοφξο ςασπεώατωχατψ οδξυ ι τυ  φε  πεςενεξξυΰ
  πο ςαϊμιώξων ζοςναταν, οδξαλο ςεϊυμψτατω πςι ότον  βυδυτ  ςαϊξωε,
  ξαπςινες:

  PASCAL DEBUGGER V2.2

  LISTING FILE NAME? DBGTST
  ] MAIN,3;B
  ] ;G
  BREAKPOINT AT MAIN,3  SUM(3,4,5);
  ] A/
  1
  ] B/
  2
  ] I/
  CAN'T FIND VARIABLE CALLED "I"
  2
  ] SUM,2;B
  ] ;P
  BREAKPOINT AT SUM,2  I:=ADD(I,E);
  ] I/
  7
  ]

       δμρ υδοβστχα ςασπεώατλι νασσιχοχ νοφξο ισπομψϊοχατψ  σώετώιλ
  ποχτοςεξιρ  ποσμε   ϊξαλα,   οπςεδεμρΰύεηο   ζοςνατ   ςασπεώατλι.
  ξαπςινες, δμρ ςασπεώατλι ϊξαλοχοηο νασσιχα "X", σοστορύεηο ιϊ  30
  ϊξαλοχ, ξεοβθοδινα λοναξδα "X'30". εσμι ότοτ φε νασσιχ ινεετ  τιπ
  REAL, το εηο νοφξο ςασπεώατατψ πο λοναξδε "X/30". πςι  ςασπεώατλε
  όμενεξτοχ γεμωθ νασσιχοχ οδξοχςενεξξο χωχοδρτσρ  ι  ιθ  αδςεσα  χ
  χιδε ".+N", ηδε N ότο σνεύεξιε  χ  βακταθ  οτ  ξαώαμψξοηο  αδςεσα
  νασσιχα. αδςεσ  όμενεξτα  χωχοδιτσρ  πεςεδ  ςασπεώατλοκ  ϊξαώεξιρ
  όμενεξτα.

       πςι υλαϊαξιι αδςεσα  πεςενεξξοκ,  θοτρ  οβωώξο  ισπομψϊυετσρ
  οδιξ ιδεξτιζιλατος, νοφξο πςινεξρτψ πςοστωε χωςαφεξιρ.  ξαπςινες,
  δμρ  ςασπεώατλι  10-ηο  όμενεξτα  νασσιχα  γεμωθ  ώισεμ   σμεδυετ
  χοσπομψϊοχατψσρ λοναξδοκ "X+20". οώεχιδξο,  ώτο  δεσρτωκ  όμενεξτ
  γεμοώισμεξξοηο νασσιχα ξαθοδιτσρ, ξαώιξαρ σ  20-ηο  βακτα.  ποσμε
  τοηο, λαλ βωμο ςασπεώαταξο ϊξαώεξιε πεςενεξξοκ,  εε  αδςεσ  νοφξο
  οβοϊξαώατψ  ".".  ξαπςινες,  εσμι  βωμα  ςασπεώαταξα   πεςενεξξαρ
  "X+20/" ι ξυφξο ςασπεώατατψ σμεδυΰύικ όμενεξτ νασσιχα "X+22/", το
  νοφξο χοσπομψϊοχατψσρ λοναξδοκ ".+2/". ιϊ τελυύεηο  αδςεσα  νοφξο
  ταλφε χωώιτατψ ϊξαώεξιρ, τ.ε. δοπυστινα λοξστςυλγιρ τιπα ".-4".

       πςι  ισπομψϊοχαξιι  πεςενεξξωθ-υλαϊατεμεκ  νοφξο  πςοσμεδιτψ
  μΰβοκ υςοχεξψ  σσωμλι  ισπομψϊοχαξιεν  οπεςατοςα  "^"  (λοσχεξξαρ
  αδςεσαγιρ δμρ ςασπεώατλι πεςενεξξωθ-υλαϊατεμεκ).  ξαπςινες,  εσμι
  πεςενεξξαρ "^" υλαϊωχαετ ξα γεμοε, το ότο ώισμο νοφξο ςασπεώατατψ
  λοναξδοκ "X^/". οπεςατος "."  ιδεξτιώεξ  οπεςατοςυ  "+"  ι  νοφετ

                               - 39 -




  πςινεξρτψσρ πςι ςασπεώατλε σμοφξωθ  ϊαπισεκ.  λοξστςυλξγιρ  "X.4"
  πομξοστψΰ όλχιχαμεξτξα "X+4".

       "X^.4" οϊξαώαετ τςετψε σμοχο ϊαπισι,  ξα  λοτοςυΰ  υλαϊωχαετ
  πεςενεξξαρ "X" (χσε σνεύεξιρ ϊαδαΰτσρ χ βακταθ).

       ινεΰύιεσρ οπεςατοςω  δαΰτ  χοϊνοφξοστψ  ςασπεώατωχατψ  οώεξψ
  σμοφξωε στςυλτυςω δαξξωθ, ξαπςινες, "X.4^.2.100^.4".

       δμρ τοηο, ώτοβω υϊξατψ αδςεσ πεςενεξξοκ ιμι  ϊαπισι  (χνεστο
  εε ϊξαώεξιρ), σμεδυετ ισπομψϊοχατψ οπεςατος "=".  ξαπςινες,  "X="
  πςιχεδετ λ ςασπεώατλε αδςεσα πεςενεξξοκ "X", α  ξε  εε  ϊξαώεξιρ.
  οδξαλο  πςι  ςαβοτε  σ  αβσομΰτξωνι  αδςεσανι  σμεδυετ  σοβμΰδατψ
  οστοςοφξοστψ.   μολαμψξωε   πεςενεξξωε   ζυξλγικ   ιμι   πςογεδυς
  ςαϊνεύαΰτσρ χ  στελε.  ποότονυ  ιθ  αδςεσα  νεξρΰτσρ  (ιμι  νοηυτ
  νεξρτψσρ)  οτ  χωϊοχα  λ  χωϊοχυ.  ταλφε  ξε   σμεδυετ   πωτατψσρ
  ςασπεώατατψ ϊξαώεξιρ πεςενεξξωθ, πςο λοτοςωε οτμαδώιλ  "ηοχοςιτ",
  ώτο οξ ξακτι ιθ ξε νοφετ ("CAN'T FIND VARIABLE").



       13.8. ιϊνεξεξιε σοδεςφινοηο πεςενεξξωθ



       οτμαδώιλ ποϊχομρετ ιϊνεξρτψ ϊξαώεξιρ  πεςενεξξωθ,  ισπομψϊυρ
  οπεςατος πςισχαιχαξιρ ":=". δμρ τοηο, ώτοβω πςισχοιτψ  πεςενεξξοκ
  "A" ϊξαώεξιε "1", νοφξο ισπομψϊοχατψ  οπεςατος  "A:=1".  οπεςατος
  "A:='στςολα'" πςισχοιτ ϊξαλοχονυ νασσιχυ στςολυ ϊξαλοχ. ποσλομψλυ
  οτμαδώιλ ξε ςασπομαηαετ ιξζοςναγιεκ  ο  τιπαθ  πεςενεξξωθ,  το  χ
  οπεςατοςε ":=" ξυφξο  υλαϊωχατψ  τιπ.  ξαπςινες,  ώτοβω  πςιχοιτψ
  πεςενεξξοκ "X" τιπα REAL ϊξαώεξιε  1.234,  ξυφξο  χχεστι  λοναξδυ
  "X:=R1.234".

       πςινεςω:

  ] A:=1
  ] FILENAME:='TEST.DAT'
  ] CORRELATION:=R.09332123456E-2



       13.9. ςασπεώατλα σπισλα ινεξ πεςενεξξωθ



       εσμι οτμαδλα πςοηςαννω χωπομξρετσρ βεϊ  μιστιξηα  ιμι  ώαστο
  ισπομψϊυΰτσρ μολαμψξωε πςογεδυςω ι ζυξλγιι, χ λοτοςωθ  οπςεδεμεξω
  μολαμψξωε  πεςενεξξωε,  το  βωχαετ  πομεϊξων  ςασπεώατατψ  σπισολ
  πεςενεξξωθ,  λοτοςωε  χ  δαξξωκ   νονεξτ   ρχμρΰτσρ   δοστυπξωνι.
  ςασπεώατλυ ινεξ πεςενεξξωθ νοφξο χωπομξιτψ λοναξδοκ "$V".  σπισολ
  ςασπεώατωχαετσρ, ξαώιξαρ  σ  ινεξι  τελυύεκ  μολαμψξοκ  πςογεδυςω
  (ζυξλγιι), ϊα λοτοςων σμεδυΰτ ινεξα  πεςενεξξωθ,  οπςεδεμεξξωθ  χ
  δαξξοκ  πςογεδυςε  (ζυξλγιι).  δαμεε  ςασπεώατωχαΰτσρ  πςογεδυςω,
  ξαθοδρύιεσρ ξα υςοχξρθ χμοφεξξοστι,  ινεΰύιθ  νεξψϋιε  ξονεςα,  α
  ταλφε ιθ μολαμψξωε πεςενεξξωε. χ  λοξγε  σπισλα  χωχοδρτσρ  ινεξα
  ημοβαμψξωθ  πεςενεξξωθ.  σπισολ  χσεθ   πεςενεξξωθ   νοφετ   βωτψ
  δοστατοώξο βομψϋιν, οδξαλο,  ισπομψϊυρ  λοναξδυ  <CTRL/O>,  νοφξο

                               - 40 -




  πςελςατιτψ ςασπεώατλυ.

       πςινεςω:

  PASCAL DEBUGGER V2.2

  LISTING FILE NAME? DBGTST
  ] $V

  MAIN
     A
     B
  ] SUM,1;B
  ] ;G
  BREAKPOINT AT SUM,1  I:=ADD(C,D);
  ] $V

  SUM
     C
     D
     E
     I

  MAIN
     A
     B
  ] ADD,1;B
  ] ;P
  BREAKPOINT AT ADD,1  X:=P;
  ] $V

  ADD
     P
     Q
     X
     Y

  SUM
     C
     D
     E
     I

  MAIN
     A
     B
  ]












                               - 41 -




      13.10. ςασπεώατλα σπισλα χωϊχαξξωθ πςογεδυς



       εσμι  χωπομξεξιε  πςοηςαννω  πςεςχαξο,  ξαπςινες,  πο  τοώλε
  οσταξοχα, το οβωώξο βωχαετ πομεϊξο ποξρτψ, λαλιν πυτεν χωπομξεξιε
  πςοηςαννω πςιχεμο λ τοώλε οσταξοχα. νξοηο χαφξοκ ιξζοςναγιι νοφξο
  πομυώιτψ χ ότον σμυώαε πο  λοναξδε  "$S",  λοτοςαρ  ςασπεώατωχαετ
  στελ  χωϊοχοχ  πςογεδυς  ι  ζυξλγικ.  ςασπεώατλα   σοδεςφιτ   ινρ
  πςογεδυςω  ιμι  ζυξλγιι  ι  ξονες  οπεςατοςα,  χ  λοτοςον  δαξξαρ
  πςογεδυςα βωμα χωϊχαξα. τελυύαρ πςογεδυςα ςασπεώατωχαετσρ πεςχοκ,
  ϊατεν χωχοδιτσρ ινρ πςογεδυςω, λοτοςαρ χωϊχαμα δαξξυΰ ι τ.δ.

       πςινες:

  PASCAL DEBUGGER V2.2

  LISTING FILE NAME? DBGTST
  ] ADD,1;B
  ] ;G
  BREAKPOINT AT ADD,1  X:=P;
  ] $C
  ADD,1  X:=P;
  SUM,1  I:=ADD(C,D);
  MAIN,3  SUM(3,4,5);
  ] 2;P
  BREAKPOINT AT ADD,1  X:=P;
  ] $S
  ADD,1  X:=P;
  ADD,5  ELSE ADD:=ADD(0,X)+ADD(Y,0);
  ADD,5  ELSE ADD:=ADD(0,X)+ADD(Y,0);
  SUM,1  I:=ADD(C,D);
  MAIN,3  SUM(3,4,5);
  ]



      13.11. ςασπεώατλα ποσμεδξιθ χωπομξεξξωθ οπεςατοςοχ



       οτμαδώιλ  χσεηδα  ϊαπονιξαετ  ιξζοςναγιΰ  ο   ποσμεδξιθ   10
  χωπομξεξξωθ οπεςατοςαθ. εσμι  ξεοβθοδινο  ποξρτψ,  λαλ  πςοιϊοϋεμ
  πεςεθοδ χ τοώλυ οσταξοχα, το νοφξο χοσπομψϊοχατψσρ λοναξδοκ "$L",
  λοτοςαρ ςασπεώαταετ ξονεςα ποσμεδξιθ 10 οπεςατοςοχ, λοτοςωε  βωμι
  χωπομξεξω, ξαπςινες:













                               - 42 -




  PASCAL DEBUGGER V2.2

  LISTING FILE NAME? DBGTST
  ] ADD,3;B
  ] ;G
  BREAKPOINT AT ADD,3  IF Y=0 THEN ADD:=X
  ] ;P
  BREAKPOINT AT ADD,3  IF Y=0 THEN ADD:=X
  ] $L
  MAIN,2  B:=2;
  MAIN,3  SUM(3,4,5);
  SUM,1  I:=ADD(C,D);
  ADD,1  X:=P;
  ADD,2  Y:=Q;
  ADD,3  IF Y=0 THEN ADD:=X
  ADD,5  ELSE ADD:=ADD(0,X)+ADD(Y,0);
  ADD,1  X:=P;
  ADD,2  Y:=Q;
  ADD,3  IF Y=0 THEN ADD:=X
  ]




              14.  λοξτςομψξο-δενοξστςαγιοξξαρ ϊαδαώα




       σοσταχ λοξτςομψξο-δενοξστςαγιοξξοκ ϊαδαώι :

  BIO.PAS-πςοηςαννα ποστςοεξιρ βιοςιτνοχ. ηςαζιλ πεώαταετσρ ξα LP:.

       ποςρδολ χωπομξεξιρ ϊαδαώι σμεδυΰύικ:


  .ASS DX1: DK:

  .RUN PASCAL
  *BIO=BIO

  .MACRO BIO

  .R LINK
  BIO=BIO,PASCAL

  .RUN BIO


  BIRTHDATE? 22 NOV 53
  MONTH TO START PLOT? AUG 81
  NUMBER OF MONTHS TO PLOT? 1

  BIRTHDATE = 22 NOV 1953
  PLOT FOR THE MONTH OF AUG 1981




                               - 43 -




                -                         +
  1 P                        : I                     E
  2 P                     I  :                        E
  3    P              I      :                       E
  4       P      I           :                     E
  5          I  P            :                  E
  6       I           P      :              E
  7    I                     P          E
  8  I                       :    EP
  9 I                        E            P
 10 I                  E     :                 P
 11 I             E          :                     P
 12   I      E               :                       P
 13     IE                   :                        P
 14   E    I                 :                      P
 15 E          I             :                   P
 16 E              I         :               P
 17 E                   I    :         P
 18   E                      I  P
 19      E               P   :   I
 20          E     P         :        I
 21          P    E          :            I
 22     P              E     :                I
 23  P                       E                   I
 24 P                        :    E                I
 25 P                        :          E            I
 26    P                     :              E         I
 27       P                  :                  E    I
 28             P            :                     EI
 29                   P      :                    I  E
 30                          P                  I     E
 31                          :     P        I        E



























                               - 44 -




                                                   πςιμοφεξιε  1



                       σπισολ λοναξδ οτμαδώιλα




   $L
         - χωχοδ  σπισλα  10  ποσμεδξιθ  οπεςατοςοχ,  λοτοςωε  βωμι
           χωπομξεξω.

   $S
         - ςασπεώατλα σπισλα (στελα) χωϊχαξξωθ πςογεδυς ι ζυξλγικ.

   $V
         - ςασπεώατλα σπισλα ινεξ πεςενεξξωθ,  δοστυπξωθ  χ  δαξξοκ
           τοώλε πςοηςαννω.

   PROC,STMT;B
         - υσταξοχιτψ  τοώλυ  οσταξοχα  ξα   οπεςατοςε   "STMT"   χ
           πςογεδυςε σ ινεξεν "PROC".

   0;B
         - οτνεξιτψ τοώλυ οσταξοχα.

   ;P
         - πςοδομφιτψ χωπομξεξιε πςοηςαννω ποσμε τοώλι οσταξοχα.

   N;P
         - πςοπυστιτψ τοώλυ οσταξοχα  "N"  ςαϊ  ιμι  χωπομξιτψ  "N"
           οπεςατοςοχ χ ποϋαηοχον ςεφινε.

   ;G
         - ξαώατψ χωπομξεξιε πςοηςαννω (αξαμοηιώξο ";P").

   1;T
         - υσταξοχιτψ ςεφιν τςασσιςοχλι χωπομξρενωθ οπεςατοςοχ.

   0;T
         - οτνεξιτψ ςεφιν τςασσιςοχλι χωπομξρενωθ οπεςατοςοχ.

   1;C
         - υσταξοχιτψ ςεφιν τςασσιςοχλι χωϊοχοχ πςογεδυς ι ζυξλγικ.

   0;C
         - οτνεξιτψ ςεφιν τςασσιςοχλι χωϊοχοχ πςογεδυς ι ζυξλγικ.

   1;S
         - υσταξοχιτψ ποϋαηοχωκ ςεφιν χωπομξεξιρ πςοηςαννω.

   0;S
         - οτνεξιτψ  ποϋαηοχωκ  ςεφιν  χωπομξεξιρ  πςοηςαννω,  τ.ε.
           πεςεκτι χ οβωώξωκ ςεφιν.

   VAR;B
         - υσταξοχιτψ σμεφεξιε ϊα  ιϊνεξεξιεν  ϊξαώεξιρ  πεςενεξξοκ

                               - 45 -




           "VAR".

   -1;B
         - οτνεξιτψ σμεφεξιε ϊα ϊξαώεξιεν πεςενεξξοκ.

   VAR/
         - ςασπεώατατψ ϊξαώεξιε πεςενεξξοκ τιπα INTEGER.

   VAR/N
         - ςασπεώατατψ  "N"   ϊξαώεξικ   γεμοώισμεξξωθ   πεςενεξξωθ
           (νασσιχα).

   VAR\
         - ςασπεώατατψ ϊξαώεξιε πεςενεξξοκ χ δεσρτιώξον  χιδε  (λαλ
           βακτα).

   VAR\N
         - ςασπεώατατψ "N" ποσμεδυΰύιθ βακτοχ χ δεσρτιώξον χιδε.

   VAR%
         - ςασπεώατατψ ϊξαώεξιε πεςενεξξοκ τιπα REAL.

   VAR%N
         - ςασπεώατατψ "N" ϊξαώεξικ πεςενεξξωθ σ πμαχαΰύεκ ϊαπρτοκ.

   VAR'
         - ςασπεώατατψ ϊξαώεξιε πεςενεξξοκ τιπα CHAR  χ  σινχομψξον
           χιδε.

   VAR'N
         - ςασπεώατατψ  "N"  ποσμεδυΰύιθ  ϊξαώεξικ   πεςενεξξωθ   χ
           σινχομψξον χιδε.

   VAR=
         - ςασπεώατατψ αβσομΰτξωκ αδςεσ πεςενεξξοκ.

   VAR:=NUMBER
         - πςισχοιτψ  γεμοώισμεξξοε  ϊξαώεξιε  (NUMBER)  πεςενεξξοκ
           "VAR".

   VAR:='TEXT'
         - πςισχοιτψ σινχομψξυΰ στςολυ πεςενεξξοκ.

   VAR:=RNUMBER
         - πςισχοιτψ  ϊξαώεξιε   σ   πμαχαΰύεκ   ϊαπρτοκ   (NUMBER)
           πεςενεξξοκ.

   "+", "."
         - οπεςατοςω σμοφεξιρ.

   "-"
         - οπεςατος χωώιταξιρ.

   "^"
         - οπεςατος σσωμλι (λοσχεξξαρ αδςεσαγιρ).




                                                                                                                                                                                                                                                                                                                                                      